---
source: acvus-mir-test/tests/optimized.rs
expression: raw
---
=== literals ===
  T0 = " (score: "
  T1 = ")"

=== main ===
     0 |   r0 = fetch @min_score
     1 |   assign @min_score = r0
     2 |   r1 = fetch @user
     3 |   assign @user = r1
     4 |   r2 = take @user.age
     6 |   r3 = r2 * 2 (r4)
     7 |   assign score = r3
     8 |   r5 = ref &@user.name
     9 |   r6 = const_str T0
    10 |   r7 = string_concat [r5, r6]
    11 |   assign v14 = r7
    12 |   r8 = ref &v14
    13 |   r9 = ref &score
    14 |   r10 = call #0(r9)
    15 |   assign v18 = r10
    16 |   r11 = ref &v18
    17 |   r12 = string_concat [r8, r11]
    18 |   assign v21 = r12
    19 |   r13 = ref &v21
    20 |   r14 = const_str T1
    21 |   r15 = string_concat [r13, r14]
    22 |   assign label = r15
    23 |   r16 = take score
    24 |   r17 = take @min_score
    25 |   r18 = r16 > r17
    26 |   assign eligible = r18
    27 |   r19 = take label
    28 |   r20 = take score
    29 |   r21 = take eligible
    30 |   r22 = object {label: r19, score: r20, eligible: r21}
    31 |   assign @output = r22
    32 |   r23 = take @output.score
    33 |   r24 = take @output
    34 |   commit @output = r24
    35 |   r25 = take @min_score
    36 |   commit @min_score = r25 (not written)
    37 |   r26 = take @user
    38 |   commit @user = r26 (not written)
    39 |   return r23

    ; r0 (@min_score) : i64
    ; r1 (@user) : {age: i64, name: String}
    ; r2 (@user.age) : i64
    ; r3 (v9) : i64
    ; r4 (v8) : i64
    ; r5 (@user.name) : &String
    ; r6 (v12) : &str
    ; r7 (v13) : String
    ; r8 (var_14.) : &String
    ; r9 (score.) : &i64
    ; r10 (to_string(...)) : String
    ; r11 (var_18.) : &String
    ; r12 (v20) : String
    ; r13 (var_21.) : &String
    ; r14 (v23) : &str
    ; r15 (v24) : String
    ; r16 (score) : i64
    ; r17 (@min_score) : i64
    ; r18 (v28) : Bool
    ; r19 (label) : String
    ; r20 (score) : i64
    ; r21 (eligible) : Bool
    ; r22 (v33) : {eligible: Bool, label: String, score: i64}
    ; r23 (@output.score) : i64
    ; r24 (v35) : {eligible: Bool, label: String, score: i64}
    ; r25 (v36) : i64
    ; r26 (v37) : {age: i64, name: String}
    ; r27 (@min_score) : i64
    ; r28 (label) : String
    ; r29 (v14) : String
    ; r30 (v18) : String
    ; r31 (v21) : String
    ; r32 (@user) : {age: i64, name: String}
    ; r33 (@output) : {eligible: Bool, label: String, score: i64}
    ; r34 (eligible) : Bool
    ; r35 (score) : i64
