---
source: acvus-mir-test/tests/e2e.rs
expression: ir
---
=== literals ===
  T0 = ""
  T1 = ","
  T2 = "admin"

=== main ===
     0 |   r0 = undef
     1 |   r1 = undef
     2 |   r2 = undef
     3 |   r3 = fetch @names
     5 |   assign <template> = T0
     6 |   r4 = const_str T0
     7 |   r5 = call #0(r4)
     8 |   r6 = const_str T0
     9 |   r7 = call #0(r6)
    10 |   r8 = const_str T0
    11 |   r9 = call #0(r8)
    12 |   r10 = list [r5, r7, r9]
    13 |   r11 = call #1(r3)
    14 |   r12 = closure L0 []
    15 |   r13 = call #2(r11, r12)
    16 |   r14 = const_str T1
    17 |   r15 = call #0(r14)
    18 |   r16 = call #3(r13, r15)
    19 |   r17 = ref &mut <template>
    20 |   append r17 r16
    21 |   r18 = take <template>
    22 |   commit @names = r10
    23 |   return r18

    ; r0 (v26) : Array<String, 3>
    ; r1 (v27) : Array<String, 3>
    ; r2 (v28) : Filter<Items<String>, String, Pure>
    ; r3 (@names) : Array<String, 3>
    ; r4 (v7) : &str
    ; r5 (to_string(...)) : String
    ; r6 (v9) : &str
    ; r7 (to_string(...)) : String
    ; r8 (v11) : &str
    ; r9 (to_string(...)) : String
    ; r10 (v13) : Array<String, 3>
    ; r11 (into_iter(...)) : Items<String>
    ; r12 (v16) : Fn(&String) -> Bool
    ; r13 (filter(...)) : Filter<Items<String>, String, Pure>
    ; r14 (v20) : &str
    ; r15 (to_string(...)) : String
    ; r16 (join(...)) : String
    ; r17 (<template>.) : &mut String
    ; r18 (v24) : String
    ; r19 (v3) : String
    ; r20 (names) : Array<String, 3>
    ; r21 (v25) : Array<String, 3>
    ; r22 (names) : Array<String, 3>
    ; r23 (x) : Filter<Items<String>, String, Pure>
    ; r24 (@names) : Array<String, 3>
    ; r25 (<template>) : String
    ; r26 (@names) : Array<String, 3>
    ; r27 (x) : Filter<Items<String>, String, Pure>

=== closure L0 (ValueId(0)) ===
     0 |   r0 = undef
     1 |   r1 = const_str T2
     2 |   r2 = call #0(r1)
     3 |   assign v6 = r2
     4 |   r3 = ref &v6
     5 |   r4 = string_eq r5 r3
     6 |   r6 = !r4
     7 |   return r6

    ; r0 (v10) : &String
    ; r1 (v4) : &str
    ; r2 (to_string(...)) : String
    ; r3 (var_6.) : &String
    ; r4 (v9) : Bool
    ; r5 (v1) : &String
    ; r6 (v8) : Bool
    ; r7 (n) : &String
    ; r8 (v6) : String
    ; r9 (n) : &String
