---
source: acvus-mir-test/tests/e2e.rs
expression: ir
---
=== literals ===
  T0 = "nope"

=== main ===
     0 |   r0 = undef
     1 |   r1 = fetch @opt
     2 |   assign @opt = r1
     3 |   r2 = ref &@opt
     4 | L2:
     5 |   r3 = test r2 is Some
     6 |   jump_if r3 then L3 else L1
     7 | L3:
     8 |   r4 = ref &(*r2).payload
     9 |   r5 = call #0(r4)
    10 |   r6 = string_concat [r5]
    11 |   jump L0(r6, r4)
    12 | L1:
    13 |   r7 = const_str T0
    14 |   r8 = string_concat [r7]
    15 |   jump L0(r8, r0)
    16 | L0(r9: String, r10: &i64):
    17 |   r11 = string_concat [r9]
    18 |   r12 = take @opt
    19 |   commit @opt = r12
    20 |   return r11

    ; r0 (v15) : &i64
    ; r1 (@opt) : Option<i64>
    ; r2 (@opt.) : &Option<i64>
    ; r3 (v4) : Bool
    ; r4 (v) : &i64
    ; r5 (to_string(...)) : String
    ; r6 (v9) : String
    ; r7 (v10) : &str
    ; r8 (v11) : String
    ; r9 (v12) : String
    ; r10 (v16) : &i64
    ; r11 (v13) : String
    ; r12 (v14) : Option<i64>
    ; r13 (v) : &i64
    ; r14 (@opt) : Option<i64>
    ; r15 (v) : &i64
