---
source: acvus-mir-test/tests/lsr.rs
expression: listing
---
=== main ===
     0 |   r0 = fetch @x
     1 |   r1 = fetch @k
     2 |   r2 = fetch @n
     7 |   jump L0(0 (r3))
     8 | L0(r4: i64):
     9 |   for range(0 (r5)..r2) -> L1 else L2 stages [L1, L6]
    10 | L1(r6: i64):
    12 |   r7 = r6 * r1
    13 |   jump L6
    14 | L6:
    15 |   r8 = r4 * r4
    16 |   r9 = r8 % 1000 (r10)
    17 |   r11 = r9 + r7
    18 |   jump L0(r11)
    19 | L2:
    20 |   jump L3(0 (r12))
    21 | L3(r13: i64):
    22 |   for range(0 (r14)..r2) -> L4 else L5 stages [L4, L7]
    23 | L4(r15: i64):
    24 |   r16 = r15 * r1
    25 |   r17 = r16 + r0
    26 |   jump L7
    27 | L7:
    28 |   r18 = r13 + r16
    29 |   r19 = r18 + r17
    30 |   jump L3(r19)
    31 | L5:
    32 |   r20 = r4 - r13
    33 |   commit @x = r0 (not written)
    34 |   commit @k = r1 (not written)
    35 |   commit @n = r2 (not written)
    36 |   return r20

    ; r0 (@x) : i64
    ; r1 (@k) : i64
    ; r2 (@n) : i64
    ; r3 (v7) : i64
    ; r4 (v63) : i64
    ; r5 (v9) : i64
    ; r6 (v77) : i64
    ; r7 (v21) : i64
    ; r8 (v16) : i64
    ; r9 (v18) : i64
    ; r10 (v17) : i64
    ; r11 (v22) : i64
    ; r12 (v26) : i64
    ; r13 (v68) : i64
    ; r14 (v28) : i64
    ; r15 (v79) : i64
    ; r16 (v35) : i64
    ; r17 (v42) : i64
    ; r18 (v39) : i64
    ; r19 (v43) : i64
    ; r20 (v49) : i64
    ; r21 (v88) : i64
    ; r22 (j) : i64
    ; r23 (v25) : i64
    ; r24 (v66) : i64
    ; r25 (@k) : i64
    ; r26 (acc) : i64
    ; r27 (v75) : i64
    ; r28 (v53) : i64
    ; r29 (v70) : i64
    ; r30 (v76) : i64
    ; r31 (p) : i64
    ; r32 (v69) : i64
    ; r33 (v50) : i64
    ; r34 (@n) : i64
    ; r35 (@n) : i64
    ; r36 (v56) : i64
    ; r37 (shared) : i64
    ; r38 (v81) : i64
    ; r39 (v62) : i64
    ; r40 (v87) : i64
    ; r41 (v24) : i64
    ; r42 (@n) : i64
    ; r43 (j) : i64
    ; r44 (v74) : i64
    ; r45 (i) : i64
    ; r46 (v55) : i64
    ; r47 (p) : i64
    ; r48 (v80) : Bool
    ; r49 (v61) : i64
    ; r50 (v86) : i64
    ; r51 (i) : i64
    ; r52 (v67) : i64
    ; r53 (shared) : i64
    ; r54 (j) : i64
    ; r55 (v73) : i64
    ; r56 (i) : i64
    ; r57 (v54) : i64
    ; r58 (v60) : i64
    ; r59 (@x) : i64
    ; r60 (v85) : i64
    ; r61 (v72) : i64
    ; r62 (@k) : i64
    ; r63 (v78) : Bool
    ; r64 (acc) : i64
    ; r65 (v59) : i64
    ; r66 (p) : i64
    ; r67 (v84) : i64
    ; r68 (v65) : i64
    ; r69 (v46) : i64
    ; r70 (shared) : i64
    ; r71 (v71) : i64
    ; r72 (acc) : i64
    ; r73 (v52) : i64
    ; r74 (j) : i64
    ; r75 (acc) : i64
    ; r76 (v58) : i64
    ; r77 (v83) : i64
    ; r78 (@k) : i64
    ; r79 (v64) : i64
    ; r80 (@x) : i64
    ; r81 (v45) : i64
    ; r82 (v51) : i64
    ; r83 (v32) : Bool
    ; r84 (v13) : Bool
    ; r85 (v57) : i64
    ; r86 (v82) : i64
    ; r87 (i) : i64
