---
source: acvus-mir-test/tests/inline.rs
expression: ir
---
=== main ===
     0 |   r0 = fetch @count
     1 |   assign @count = r0
     2 |   r1 = take @count
     4 |   r2 = take @count
     5 |   commit @count = r2 (not written)
     6 |   assign v10 = 1 (r3)
     7 |   r4 = fetch @count
     8 |   assign @count = r4
     9 |   r5 = take v10
    10 |   r6 = take @count
    11 |   r7 = r5 + r6
    12 |   r8 = take @count
    13 |   commit @count = r8 (not written)
    14 |   r9 = fetch @count
    15 |   assign @count = r9
    16 |   r10 = r1 + r7
    17 |   r11 = take @count
    18 |   commit @count = r11 (not written)
    19 |   return r10

    ; r0 (@count) : i64
    ; r1 (@count) : i64
    ; r2 (v6) : i64
    ; r3 (v4) : i64
    ; r4 (@count) : i64
    ; r5 ($x) : i64
    ; r6 (@count) : i64
    ; r7 (v15) : i64
    ; r8 (v16) : i64
    ; r9 (@count) : i64
    ; r10 (v8) : i64
    ; r11 (v9) : i64
    ; r12 (@count) : i64
    ; r13 (@count) : i64
    ; r14 (v10) : i64
    ; r15 (add_count(...)) : i64
