---
source: acvus-mir-test/tests/lsr.rs
expression: listing
---
=== main ===
     8 |   jump L0(0 (r0), 7 (r1))
     9 | L0(r2: i64, r3: i64):
    10 |   for range(0 (r4)..40 (r5)) -> L1 else L2 stages [L1, L8]
    11 | L1(r6: i64):
    15 |   jump L8
    16 | L8:
    17 |   r7 = r2 * r2
    18 |   r8 = r7 % 1000 (r9)
    19 |   r10 = r8 + r3
    20 |   r11 = r3 +% 5 (r12)
    21 |   jump L0(r10, r11)
    22 | L2:
    23 |   jump L3(0 (r13))
    24 | L3(r14: i64):
    25 |   for range(0 (r15)..40 (r16)) -> L4 else L5 stages [L4, L9]
    26 | L4(r17: i64):
    28 |   r18 = r17 + 1 (r19)
    29 |   r20 = r18 > r17
    30 |   jump L9
    31 | L9:
    32 |   if r20 -> L6 else L7(r14) join L7
    33 | L6:
    34 |   r21 = r14 * r14
    36 |   r22 = r21 % 1000 (r23)
    38 |   r24 = r17 * 5 (r25)
    40 |   r26 = r24 + 7 (r27)
    41 |   r28 = r22 + r26
    42 |   jump L7(r28)
    43 | L7(r29: i64):
    44 |   jump L3(r29)
    45 | L5:
    46 |   r30 = r2 - r14
    47 |   return r30

    ; r0 (v1) : i64
    ; r1 (v82) : i64
    ; r2 (v57) : i64
    ; r3 (v80) : i64
    ; r4 (v3) : i64
    ; r5 (v6) : i64
    ; r6 (v68) : i64
    ; r7 (v10) : i64
    ; r8 (v12) : i64
    ; r9 (v11) : i64
    ; r10 (v18) : i64
    ; r11 (v83) : i64
    ; r12 (v81) : i64
    ; r13 (v22) : i64
    ; r14 (v59) : i64
    ; r15 (v24) : i64
    ; r16 (v27) : i64
    ; r17 (v70) : i64
    ; r18 (v31) : i64
    ; r19 (v30) : i64
    ; r20 (v33) : Bool
    ; r21 (v36) : i64
    ; r22 (v38) : i64
    ; r23 (v37) : i64
    ; r24 (v41) : i64
    ; r25 (v40) : i64
    ; r26 (v43) : i64
    ; r27 (v42) : i64
    ; r28 (v44) : i64
    ; r29 (v62) : i64
    ; r30 (v51) : i64
    ; r31 (j) : i64
    ; r32 (v69) : Bool
    ; r33 (unreduced) : i64
    ; r34 (v28) : Bool
    ; r35 (v53) : i64
    ; r36 (v45) : Unit
    ; r37 (i) : i64
    ; r38 (v75) : i64
    ; r39 (v56) : i64
    ; r40 (i) : i64
    ; r41 (reduced) : i64
    ; r42 (v74) : i64
    ; r43 (v55) : i64
    ; r44 (v17) : i64
    ; r45 (v61) : i64
    ; r46 (unreduced) : i64
    ; r47 (v67) : i64
    ; r48 (i) : i64
    ; r49 (v48) : i64
    ; r50 (j) : i64
    ; r51 (v73) : i64
    ; r52 (v54) : i64
    ; r53 (unreduced) : i64
    ; r54 (v79) : i64
    ; r55 (v16) : i64
    ; r56 (v60) : i64
    ; r57 (v66) : i64
    ; r58 (v47) : i64
    ; r59 (v72) : i64
    ; r60 (reduced) : i64
    ; r61 (unreduced) : i64
    ; r62 (v78) : i64
    ; r63 (v15) : i64
    ; r64 (v21) : i64
    ; r65 (v65) : i64
    ; r66 (reduced) : i64
    ; r67 (j) : i64
    ; r68 (v71) : Bool
    ; r69 (reduced) : i64
    ; r70 (v52) : i64
    ; r71 (v77) : i64
    ; r72 (v14) : i64
    ; r73 (v58) : i64
    ; r74 (j) : i64
    ; r75 (v20) : i64
    ; r76 (v64) : i64
    ; r77 (j) : i64
    ; r78 (v7) : Bool
    ; r79 (j) : i64
    ; r80 (v76) : i64
    ; r81 (i) : i64
    ; r82 (v63) : i64
