---
source: acvus-mir-test/tests/optimized_cross_fn.rs
expression: opt
---
=== literals ===
  T0 = " sub:"
  T1 = " disc:"
  T2 = " tax:"
  T3 = " ship:"
  T4 = " total:"

=== main ===
     0 |   r0 = fetch @item_count
     1 |   r1 = fetch @total_out
     2 |   r2 = fetch @shipping
     3 |   r3 = fetch @tax_rate
     4 |   r4 = fetch @default_ship
     5 |   r5 = fetch @receipt_out
     6 |   drop r5
     7 |   r6 = fetch @discount_rate
     8 |   r7 = fetch @customer
     9 |   r8 = fetch @free_ship_min
    11 |   r9 = r0 * 100 (r10)
    12 |   r11 = r9 * r6
    14 |   r12 = r11 / 100 (r13)
    15 |   r14 = r9 - r12
    16 |   r15 = r14 * r3
    18 |   r16 = r15 / 100 (r17)
    19 |   r18 = r9 - r12
    20 |   r19 = r18 + r16
    21 |   r20 = r19 > r8
    22 |   r21 = test r20 == true
    23 |   r22 = r19 <= r8
    24 |   r23 = test r22 == true
    25 |   r24 = ref &$v126
    26 |   r25 = ref &$v23
    27 |   r26 = ref &$v134
    28 |   r27 = ref &$v141
    29 |   if r21 -> L0 else L1(r2) join L1
    30 | L0:
    32 |   jump L1(0 (r28))
    33 | L1(r29: i64):
    34 |   if r23 -> L3(r4) else L3(r29) join L3
    35 | L3(r30: i64):
    36 |   r31 = r19 + r30
    37 |   r32 = const_str T0
    38 |   r33 = string_concat [r24, r32]
    39 |   drop r34
    40 |   assign v151 = r33
    41 |   r35 = ref &v151
    42 |   r36 = call #0(r25)
    43 |   assign v155 = r36
    44 |   r37 = ref &v155
    45 |   r38 = string_concat [r35, r37]
    46 |   drop r39
    47 |   drop r40
    48 |   assign v158 = r38
    49 |   r41 = ref &v158
    50 |   r42 = const_str T1
    51 |   r43 = string_concat [r41, r42]
    52 |   drop r44
    53 |   assign v162 = r43
    54 |   r45 = ref &v162
    55 |   r46 = call #0(r26)
    56 |   assign v166 = r46
    57 |   r47 = ref &v166
    58 |   r48 = string_concat [r45, r47]
    59 |   drop r49
    60 |   drop r50
    61 |   assign v169 = r48
    62 |   r51 = ref &v169
    63 |   r52 = const_str T2
    64 |   r53 = string_concat [r51, r52]
    65 |   drop r54
    66 |   assign v173 = r53
    67 |   r55 = ref &v173
    68 |   r56 = call #0(r27)
    69 |   assign v177 = r56
    70 |   r57 = ref &v177
    71 |   r58 = string_concat [r55, r57]
    72 |   drop r59
    73 |   drop r60
    74 |   assign v180 = r58
    75 |   r61 = ref &v180
    76 |   r62 = const_str T3
    77 |   r63 = string_concat [r61, r62]
    78 |   drop r64
    79 |   assign v184 = r63
    80 |   r65 = ref &v184
    81 |   r66 = ref &$v102
    82 |   r67 = call #0(r66)
    83 |   assign v188 = r67
    84 |   r68 = ref &v188
    85 |   r69 = string_concat [r65, r68]
    86 |   drop r70
    87 |   drop r71
    88 |   assign v191 = r69
    89 |   r72 = ref &v191
    90 |   r73 = const_str T4
    91 |   r74 = string_concat [r72, r73]
    92 |   drop r75
    93 |   assign v195 = r74
    94 |   r76 = ref &v195
    95 |   r77 = ref &$v55
    96 |   r78 = call #0(r77)
    97 |   assign v199 = r78
    98 |   r79 = ref &v199
    99 |   r80 = string_concat [r76, r79]
   100 |   drop r81
   101 |   drop r82
   102 |   r83 = string_clone r80
   103 |   r84 = spawn #1(r83) [r85 ->]
   104 |   commit @item_count = r0
   105 |   commit @total_out = r31
   106 |   commit @shipping = r30
   107 |   commit @tax_rate = r3
   108 |   commit @default_ship = r4
   109 |   commit @receipt_out = r80
   110 |   commit @discount_rate = r6
   111 |   commit @customer = r7
   112 |   commit @free_ship_min = r8
   113 |   r86 = eval r84 [-> r87]
   114 |   return r31 [r87]

    ; orders: what the body's yielded Order waits for
    ;   eval@113 <- spawn@103 #1 <- r85(entry)

    ; r0 (@item_count) : i64
    ; r1 (@total_out) : i64
    ; r2 (@shipping) : i64
    ; r3 (@tax_rate) : i64
    ; r4 (@default_ship) : i64
    ; r5 (@receipt_out) : String
    ; r6 (@discount_rate) : i64
    ; r7 (@customer) : String
    ; r8 (@free_ship_min) : i64
    ; r9 (v23) : i64
    ; r10 (v22) : i64
    ; r11 (v132) : i64
    ; r12 (v134) : i64
    ; r13 (v133) : i64
    ; r14 (v31) : i64
    ; r15 (v139) : i64
    ; r16 (v141) : i64
    ; r17 (v140) : i64
    ; r18 (v37) : i64
    ; r19 (v39) : i64
    ; r20 (v43) : Bool
    ; r21 (v44) : Bool
    ; r22 (v49) : Bool
    ; r23 (v50) : Bool
    ; r24 ($param_1.) : &String
    ; r25 ($param_2.) : &i64
    ; r26 ($param_3.) : &i64
    ; r27 ($param_4.) : &i64
    ; r28 (v45) : i64
    ; r29 (v103) : i64
    ; r30 (v102) : i64
    ; r31 (v55) : i64
    ; r32 (v149) : &str
    ; r33 (v150) : String
    ; r34 (v126) : String
    ; r35 (@tax_rate.) : &String
    ; r36 (to_string(...)) : String
    ; r37 (@receipt_out.) : &String
    ; r38 (v157) : String
    ; r39 (v155) : String
    ; r40 (v151) : String
    ; r41 (@customer.) : &String
    ; r42 (v160) : &str
    ; r43 (v161) : String
    ; r44 (v158) : String
    ; r45 (@item_count.) : &String
    ; r46 (to_string(...)) : String
    ; r47 (subtotal.) : &String
    ; r48 (v168) : String
    ; r49 (v166) : String
    ; r50 (v162) : String
    ; r51 (discount.) : &String
    ; r52 (v171) : &str
    ; r53 (v172) : String
    ; r54 (v169) : String
    ; r55 (@tax_rate.) : &String
    ; r56 (to_string(...)) : String
    ; r57 (discount.) : &String
    ; r58 (v179) : String
    ; r59 (v177) : String
    ; r60 (v173) : String
    ; r61 (var_39.) : &String
    ; r62 (v182) : &str
    ; r63 (v183) : String
    ; r64 (v180) : String
    ; r65 (var_43.) : &String
    ; r66 ($param_5.) : &i64
    ; r67 (to_string(...)) : String
    ; r68 (total.) : &String
    ; r69 (v190) : String
    ; r70 (v188) : String
    ; r71 (v184) : String
    ; r72 (var_50.) : &String
    ; r73 (v193) : &str
    ; r74 (v194) : String
    ; r75 (v191) : String
    ; r76 (@shipping.) : &String
    ; r77 ($param_6.) : &i64
    ; r78 (to_string(...)) : String
    ; r79 (subtotal.) : &String
    ; r80 (v201) : String
    ; r81 (v199) : String
    ; r82 (v195) : String
    ; r83 (v127) : String
    ; r84 (v202) : Handle<i64>
    ; r85 (v1) : Order
    ; r86 (send_email(...)) : i64
    ; r87 (v70) : Order
    ; r88 (v88) : String
    ; r89 (subtotal) : i64
    ; r90 (v109) : i64
    ; r91 (v46) : Unit
    ; r92 (v75) : i64
    ; r93 (v125) : String
    ; r94 (v82) : Order
    ; r95 (final_total) : i64
    ; r96 (calc_discount(...)) : i64
    ; r97 (v113) : Order
    ; r98 ($rate) : i64
    ; r99 (v100) : i64
    ; r100 (final_total) : i64
    ; r101 (v87) : i64
    ; r102 (subtotal) : i64
    ; r103 (v112) : Order
    ; r104 ($amount) : i64
    ; r105 (v74) : i64
    ; r106 (@default_ship) : i64
    ; r107 (v99) : i64
    ; r108 (discount) : i64
    ; r109 (v124) : i64
    ; r110 (@shipping) : i64
    ; r111 (v86) : i64
    ; r112 (v111) : i64
    ; r113 (@free_ship_min) : i64
    ; r114 (v73) : i64
    ; r115 (v98) : i64
    ; r116 (subtotal) : i64
    ; r117 (v123) : String
    ; r118 (tax) : i64
    ; r119 (v85) : i64
    ; r120 (v110) : i64
    ; r121 (total) : i64
    ; r122 (v72) : i64
    ; r123 (@tax_rate) : i64
    ; r124 (v97) : String
    ; r125 (tax) : i64
    ; r126 (v122) : i64
    ; r127 (discount) : i64
    ; r128 (v84) : i64
    ; r129 (@item_count) : i64
    ; r130 (final_total) : i64
    ; r131 (v96) : i64
    ; r132 (calc_tax(...)) : i64
    ; r133 (v121) : i64
    ; r134 (subtotal) : i64
    ; r135 (v83) : i64
    ; r136 (v108) : i64
    ; r137 (@shipping) : i64
    ; r138 (v95) : i64
    ; r139 (@tax_rate) : i64
    ; r140 (v120) : i64
    ; r141 (@customer) : String
    ; r142 (@free_ship_min) : i64
    ; r143 (v107) : i64
    ; r144 (v69) : Order
    ; r145 (v94) : i64
    ; r146 (v119) : i64
    ; r147 (v81) : Order
    ; r148 (v106) : i64
    ; r149 ($rate) : i64
    ; r150 (@total_out) : i64
    ; r151 (v93) : i64
    ; r152 (discount) : i64
    ; r153 (v118) : i64
    ; r154 (v80) : i64
    ; r155 (@customer) : String
    ; r156 (v105) : String
    ; r157 (@free_ship_min) : i64
    ; r158 ($subtotal) : i64
    ; r159 (receipt) : String
    ; r160 (v92) : i64
    ; r161 (subtotal) : i64
    ; r162 (v117) : i64
    ; r163 (@shipping) : i64
    ; r164 (v79) : String
    ; r165 (v104) : String
    ; r166 (total) : i64
    ; r167 (receipt) : String
    ; r168 (@item_count) : i64
    ; r169 (v91) : i64
    ; r170 (discount) : i64
    ; r171 (v116) : i64
    ; r172 (total) : i64
    ; r173 (v78) : i64
    ; r174 (@discount_rate) : i64
    ; r175 (total) : i64
    ; r176 (final_total) : i64
    ; r177 (v90) : String
    ; r178 (v115) : i64
    ; r179 (v52) : Unit
    ; r180 (v77) : String
    ; r181 (receipt) : String
    ; r182 (v89) : i64
    ; r183 (@discount_rate) : i64
    ; r184 (v114) : i64
    ; r185 (@default_ship) : i64
    ; r186 (v76) : i64
    ; r187 (@receipt_out) : String
    ; r188 (v101) : i64
    ; r189 (tax) : i64
    ; r190 (format_receipt(...)) : String
