---
source: acvus-mir-test/tests/e2e.rs
expression: ir
---
=== literals ===
  T0 = ""

=== main ===
     0 |   r0 = undef
     1 |   r1 = undef
     2 |   r2 = undef
     3 |   r3 = fetch @items
     5 |   assign <template> = T0
     7 |   r4 = array_begin capacity=0
     8 |   r5 = call #0(r4)
     9 |   r6 = call #1(r3)
    10 |   r7 = closure L0 [10 (r8)]
    11 |   r9 = call #2(r6, r7)
    12 |   r10 = call #3(r9)
    13 |   assign x = r10
    14 |   r11 = ref &x
    15 |   r12 = call #4(r11)
    16 |   assign out = r12
    17 |   r13 = ref &out
    18 |   r14 = call #5(r13)
    19 |   r15 = ref &mut <template>
    20 |   append r15 r14
    21 |   r16 = take <template>
    22 |   commit @items = r5
    23 |   return r16

    ; r0 (v26) : Vec<i64>
    ; r1 (v27) : i64
    ; r2 (v28) : Vec<i64>
    ; r3 (@items) : Vec<i64>
    ; r4 (v9) : Array<i64, 0>
    ; r5 (vec(...)) : Vec<i64>
    ; r6 (into_iter(...)) : Items<i64>
    ; r7 (v14) : Fn(&i64) -> Bool
    ; r8 (v5) : i64
    ; r9 (filter(...)) : Filter<Items<i64>, i64, Pure>
    ; r10 (collect(...)) : Vec<i64>
    ; r11 (x.) : &Vec<i64>
    ; r12 (len(...)) : u64
    ; r13 (out.) : &u64
    ; r14 (to_string(...)) : String
    ; r15 (<template>.) : &mut String
    ; r16 (v24) : String
    ; r17 (items) : Vec<i64>
    ; r18 (v3) : String
    ; r19 (offset) : i64
    ; r20 (v25) : Vec<i64>
    ; r21 (x) : Vec<i64>
    ; r22 (@items) : Vec<i64>
    ; r23 (offset) : i64
    ; r24 (out) : u64
    ; r25 (@items) : Vec<i64>
    ; r26 (<template>) : String
    ; r27 (items) : Vec<i64>

=== closure L0 (ValueId(1)) [captures: [ValueId(0)]] ===
     0 |   r0 = undef
     1 |   r1 = undef
     2 |   r2 = take (*r3)
     3 |   r4 = take (*r5)
     4 |   r6 = r4 > r2
     5 |   return r6

    ; r0 (v10) : i64
    ; r1 (v11) : &i64
    ; r2 (v3) : i64
    ; r3 (offset) : &i64
    ; r4 (v7) : i64
    ; r5 (v2) : &i64
    ; r6 (v9) : Bool
    ; r7 (i) : &i64
    ; r8 (i) : &i64
    ; r9 (offset) : i64
    ; r10 (offset) : i64
