---
source: acvus-mir-test/tests/sroa.rs
expression: listing
---
=== main ===
     0 |   r0 = fetch @n
     2 |   jump L0
     3 | L0:
     4 |   for range(0 (r1)..r0) -> L1 else L2(trip)
     5 | L1(r2: i64):
     6 |   jump L0
     7 | L2(r3: u64):
     8 |   r4 = r3 as i64
    10 |   r5 = r4 * 3 (r6)
    11 |   commit @n = r0
    12 |   return r5

    ; r0 (@n) : i64
    ; r1 (v9) : i64
    ; r2 (v34) : i64
    ; r3 (v39) : u64
    ; r4 (v40) : i64
    ; r5 (v42) : i64
    ; r6 (v41) : i64
    ; r7 (v3) : i64
    ; r8 (acc) : i64
    ; r9 (v25) : i64
    ; r10 (p) : {x: i64, y: i64}
    ; r11 (v28) : i64
    ; r12 (@n) : i64
    ; r13 (v31) : i64
    ; r14 (v5) : {x: i64, y: i64}
    ; r15 (v24) : i64
    ; r16 (acc) : i64
    ; r17 (v27) : i64
    ; r18 (i) : i64
    ; r19 (v30) : i64
    ; r20 (acc) : i64
    ; r21 (v33) : i64
    ; r22 (p.x) : i64
    ; r23 (v37) : i64
    ; r24 (v18) : i64
    ; r25 (v21) : i64
    ; r26 (v43) : i64
    ; r27 (v36) : i64
    ; r28 (p.y) : i64
    ; r29 (v20) : i64
    ; r30 (@n) : i64
    ; r31 (v23) : i64
    ; r32 (v4) : i64
    ; r33 (v7) : i64
    ; r34 (v26) : i64
    ; r35 (i) : i64
    ; r36 (v29) : i64
    ; r37 (v35) : i64
    ; r38 (v13) : Bool
    ; r39 (v38) : i64
    ; r40 (v16) : i64
    ; r41 (v32) : i64
    ; r42 (i) : i64
