---
source: acvus-mir-test/tests/fold.rs
expression: listing
---
=== main ===
     0 |   r0 = fetch @n
     3 |   jump L0(0 (r1))
     4 | L0(r2: i64):
     5 |   for range(0 (r3)..r0) -> L1 else L2
     6 | L1(r4: i64):
     8 |   r5 = r2 + 3 (r6)
     9 |   jump L0(r5)
    10 | L2:
    11 |   commit @n = r0
    12 |   return r2

    ; r0 (@n) : i64
    ; r1 (v7) : i64
    ; r2 (v29) : i64
    ; r3 (v9) : i64
    ; r4 (v34) : i64
    ; r5 (v18) : i64
    ; r6 (v16) : i64
    ; r7 (v3) : i64
    ; r8 (acc) : i64
    ; r9 (v25) : i64
    ; r10 (p) : {x: i64, y: i64}
    ; r11 (v28) : i64
    ; r12 (@n) : i64
    ; r13 (v31) : i64
    ; r14 (v30) : i64
    ; r15 (acc) : i64
    ; r16 (v33) : i64
    ; r17 (i) : i64
    ; r18 (p.y) : i64
    ; r19 (acc) : i64
    ; r20 (@n) : i64
    ; r21 (v20) : i64
    ; r22 (p.x) : i64
    ; r23 (v21) : i64
    ; r24 (v24) : i64
    ; r25 (v5) : {x: i64, y: i64}
    ; r26 (v27) : i64
    ; r27 (v23) : i64
    ; r28 (v4) : i64
    ; r29 (v26) : i64
    ; r30 (i) : i64
    ; r31 (v32) : i64
    ; r32 (v13) : Bool
    ; r33 (i) : i64
