---
source: acvus-mir-test/tests/inline.rs
expression: ir
---
=== main ===
     1 |   assign v6 = 3 (r0)
     2 |   r1 = take v6
     3 |   r2 = take v6
     4 |   r3 = r1 + r2
     5 |   assign n = r3
     6 |   r4 = ref &n
     7 |   r5 = call #0(r4)
     8 |   return r5

    ; r0 (v1) : i64
    ; r1 ($x) : i64
    ; r2 ($x) : i64
    ; r3 (v9) : i64
    ; r4 (n.) : &i64
    ; r5 (to_string(...)) : String
    ; r6 (n) : i64
    ; r7 (v6) : i64
    ; r8 (double(...)) : i64
