---
source: acvus-mir-test/tests/reborrow.rs
expression: listing
---
=== main ===
     0 |   r0 = array_begin capacity=3
     2 |   r1 = array_push r0 1 (r2)
     4 |   r3 = array_push r1 2 (r4)
     6 |   r5 = array_push r3 3 (r6)
     7 |   assign prog = r5
     8 |   r7 = ref &prog
     9 |   r8 = call #0(r7)
    10 |   r9 = r8 / r8
    12 |   r10 = r8 - r8
    13 |   r11 = as_slice &r7
    14 |   jump L0(0 (r12), r10)
    15 | L0(r13: i64, r14: u64):
    16 |   r15 = r14 < r8
    17 |   jump_if r15 then L1 else L2
    18 | L1:
    19 |   r16 = &r11[r14] proven
    20 |   r17 = take (*r16)
    21 |   r18 = r14 + r9
    22 |   switch r17 { 1 -> L4, 2 -> L5, _ -> L3(r13) }
    23 | L4:
    25 |   r19 = r13 + 1 (r20)
    26 |   jump L3(r19)
    27 | L5:
    29 |   r21 = r13 - 1 (r22)
    30 |   jump L3(r21)
    31 | L3(r23: i64):
    32 |   jump L0(r23, r18)
    33 | L2:
    34 |   drop r24
    35 |   return r13

    ; r0 (v1) : Array<i64, 0>
    ; r1 (v3) : Array<i64, 1>
    ; r2 (v2) : i64
    ; r3 (v5) : Array<i64, 2>
    ; r4 (v4) : i64
    ; r5 (v7) : Array<i64, 3>
    ; r6 (v6) : i64
    ; r7 (prog.) : &Array<i64, 3>
    ; r8 (len(...)) : u64
    ; r9 (v14) : u64
    ; r10 (v20) : u64
    ; r11 (v26) : &[i64]
    ; r12 (v16) : i64
    ; r13 (v52) : i64
    ; r14 (v50) : u64
    ; r15 (v24) : Bool
    ; r16 (v28) : &i64
    ; r17 (v30) : i64
    ; r18 (v44) : u64
    ; r19 (v33) : i64
    ; r20 (v32) : i64
    ; r21 (v37) : i64
    ; r22 (v36) : i64
    ; r23 (v57) : i64
    ; r24 (prog) : Array<i64, 3>
    ; r25 (prog.) : &Array<i64, 3>
    ; r26 (plen) : u64
    ; r27 (acc) : i64
    ; r28 (v56) : u64
    ; r29 (acc) : i64
    ; r30 (plen) : u64
    ; r31 (pc) : u64
    ; r32 (v48) : i64
    ; r33 (v54) : u64
    ; r34 (plen) : u64
    ; r35 (one) : u64
    ; r36 (v49) : u64
    ; r37 (plen) : u64
    ; r38 (v55) : u64
    ; r39 (acc) : i64
    ; r40 (v41) : Unit
    ; r41 (pc) : u64
    ; r42 (v47) : u64
    ; r43 (v34) : Unit
    ; r44 (v53) : u64
    ; r45 (v40) : Unit
    ; r46 (one) : u64
    ; r47 (pc) : u64
    ; r48 (pc) : u64
    ; r49 (v46) : u64
    ; r50 (acc) : i64
    ; r51 (acc) : i64
    ; r52 (v51) : u64
    ; r53 (plen) : u64
    ; r54 (v38) : Unit
    ; r55 (plen) : u64
