---
source: acvus-mir-test/tests/optimized.rs
expression: opt
---
=== main ===
     0 |   r0 = fetch @output
     1 |   r1 = fetch @input
     2 |   r2 = fetch @low
     3 |   r3 = fetch @high
     5 |   r4 = r1 > 100 (r5)
     6 |   r6 = test r4 == true
     8 |   r7 = r1 <= 100 (r8)
     9 |   r9 = test r7 == true
    10 |   if r6 -> L0 else L1(r0, r3) join L1
    11 | L0:
    13 |   r10 = r3 + 1 (r11)
    15 |   r12 = r1 * 2 (r13)
    16 |   jump L1(r12, r10)
    17 | L1(r14: i64, r15: i64):
    18 |   if r9 -> L2 else L3(r14, r2) join L3
    19 | L2:
    21 |   r16 = r2 + 1 (r17)
    23 |   r18 = r1 + 10 (r19)
    24 |   jump L3(r18, r16)
    25 | L3(r20: i64, r21: i64):
    26 |   commit @output = r20
    27 |   commit @input = r1 (not written)
    28 |   commit @low = r21
    29 |   commit @high = r15
    30 |   return r20

    ; r0 (@output) : i64
    ; r1 (@input) : i64
    ; r2 (@low) : i64
    ; r3 (@high) : i64
    ; r4 (v13) : Bool
    ; r5 (v12) : i64
    ; r6 (v14) : Bool
    ; r7 (v24) : Bool
    ; r8 (v23) : i64
    ; r9 (v25) : Bool
    ; r10 (v17) : i64
    ; r11 (v16) : i64
    ; r12 (v20) : i64
    ; r13 (v19) : i64
    ; r14 (v46) : i64
    ; r15 (v51) : i64
    ; r16 (v28) : i64
    ; r17 (v27) : i64
    ; r18 (v31) : i64
    ; r19 (v30) : i64
    ; r20 (v45) : i64
    ; r21 (v49) : i64
    ; r22 (v44) : i64
    ; r23 (x) : i64
    ; r24 (@input) : i64
    ; r25 (v47) : i64
    ; r26 (v50) : i64
    ; r27 (v43) : i64
    ; r28 (v21) : Unit
    ; r29 (@low) : i64
    ; r30 (@input) : i64
    ; r31 (v34) : i64
    ; r32 (@high) : i64
    ; r33 (v37) : i64
    ; r34 (x) : i64
    ; r35 (v40) : i64
    ; r36 (v52) : i64
    ; r37 (x) : i64
    ; r38 (@output) : i64
    ; r39 (v36) : i64
    ; r40 (v39) : i64
    ; r41 (@output) : i64
    ; r42 (v42) : i64
    ; r43 (@low) : i64
    ; r44 (x) : i64
    ; r45 (v32) : Unit
    ; r46 (x) : i64
    ; r47 (v35) : i64
    ; r48 (v38) : i64
    ; r49 (v48) : i64
    ; r50 (@high) : i64
    ; r51 (v41) : i64
