---
source: acvus-mir-test/tests/lsr.rs
expression: listing
---
=== main ===
     0 |   r0 = fetch @x
     1 |   r1 = fetch @k
     2 |   r2 = fetch @n
     7 |   jump L0(0 (r3), 0 (r4))
     8 | L0(r5: i64, r6: i64):
     9 |   r7 = r6 < r2
    10 |   jump_if r7 then L1 else L2
    11 | L1:
    12 |   r8 = r6 * r1
    13 |   r9 = r5 + r8
    15 |   r10 = r6 + 1 (r11)
    16 |   jump L0(r9, r10)
    17 | L2:
    18 |   jump L3(0 (r12), 0 (r13))
    19 | L3(r14: i64, r15: i64):
    20 |   r16 = r15 < r2
    21 |   jump_if r16 then L4 else L5
    22 | L4:
    23 |   r17 = r15 * r1
    24 |   r18 = r14 + r17
    25 |   r19 = r17 + r0
    26 |   r20 = r18 + r19
    28 |   r21 = r15 + 1 (r22)
    29 |   jump L3(r20, r21)
    30 | L5:
    31 |   r23 = r5 - r14
    32 |   commit @x = r0
    33 |   commit @k = r1
    34 |   commit @n = r2
    35 |   return r23

    ; r0 (@x) : i64
    ; r1 (@k) : i64
    ; r2 (@n) : i64
    ; r3 (v7) : i64
    ; r4 (v9) : i64
    ; r5 (v59) : i64
    ; r6 (v57) : i64
    ; r7 (v13) : Bool
    ; r8 (v17) : i64
    ; r9 (v18) : i64
    ; r10 (v21) : i64
    ; r11 (v20) : i64
    ; r12 (v22) : i64
    ; r13 (v24) : i64
    ; r14 (v64) : i64
    ; r15 (v61) : i64
    ; r16 (v28) : Bool
    ; r17 (v31) : i64
    ; r18 (v35) : i64
    ; r19 (v38) : i64
    ; r20 (v39) : i64
    ; r21 (v42) : i64
    ; r22 (v41) : i64
    ; r23 (v45) : i64
    ; r24 (j) : i64
    ; r25 (shared) : i64
    ; r26 (v69) : i64
    ; r27 (v47) : i64
    ; r28 (@k) : i64
    ; r29 (v72) : i64
    ; r30 (v50) : i64
    ; r31 (v56) : i64
    ; r32 (i) : i64
    ; r33 (v70) : i64
    ; r34 (i) : i64
    ; r35 (@n) : i64
    ; r36 (@x) : i64
    ; r37 (v62) : i64
    ; r38 (acc) : i64
    ; r39 (v68) : i64
    ; r40 (@n) : i64
    ; r41 (v49) : i64
    ; r42 (@k) : i64
    ; r43 (i) : i64
    ; r44 (v55) : i64
    ; r45 (p) : i64
    ; r46 (shared) : i64
    ; r47 (v67) : i64
    ; r48 (v48) : i64
    ; r49 (j) : i64
    ; r50 (i) : i64
    ; r51 (v54) : i64
    ; r52 (@k) : i64
    ; r53 (v60) : i64
    ; r54 (v66) : i64
    ; r55 (v53) : i64
    ; r56 (p) : i64
    ; r57 (j) : i64
    ; r58 (v65) : i64
    ; r59 (v46) : i64
    ; r60 (@n) : i64
    ; r61 (v71) : i64
    ; r62 (acc) : i64
    ; r63 (v52) : i64
    ; r64 (shared) : i64
    ; r65 (acc) : i64
    ; r66 (v58) : i64
    ; r67 (@x) : i64
    ; r68 (j) : i64
    ; r69 (v51) : i64
    ; r70 (p) : i64
    ; r71 (v63) : i64
