---
source: acvus-mir-test/tests/optimized_cross_fn.rs
expression: opt
---
=== literals ===
  T0 = " sub:"
  T1 = " disc:"
  T2 = " tax:"
  T3 = " ship:"
  T4 = " total:"

=== main ===
     0 |   r0 = fetch @item_count
     1 |   r1 = fetch @shipping
     2 |   r2 = fetch @tax_rate
     3 |   r3 = fetch @default_ship
     4 |   r4 = fetch @discount_rate
     5 |   r5 = fetch @customer
     6 |   r6 = fetch @free_ship_min
     8 |   r7 = r0 * 100 (r8)
     9 |   r9 = r7 * r4
    11 |   r10 = r9 / 100 (r11)
    12 |   r12 = r7 - r10
    13 |   r13 = r12 * r2
    15 |   r14 = r13 / 100 (r15)
    16 |   r16 = r12 + r14
    17 |   r17 = r16 > r6
    18 |   r18 = test r17 == true
    19 |   r19 = r16 <= r6
    20 |   r20 = test r19 == true
    21 |   if r18 -> L0 else L1(r1) join L1
    22 | L0:
    24 |   jump L1(0 (r21))
    25 | L1(r22: i64):
    26 |   if r20 -> L3(r3) else L3(r22) join L3
    27 | L3(r23: i64):
    28 |   r24 = r16 + r23
    29 |   r25 = string_clone r5
    30 |   assign v142 = r25
    31 |   assign v143 = r7
    32 |   assign v144 = r10
    33 |   assign v145 = r14
    34 |   assign v146 = r23
    35 |   assign v147 = r24
    36 |   r26 = ref &v142
    37 |   r27 = const_str T0
    38 |   r28 = string_concat [r26, r27]
    39 |   drop r29
    40 |   assign v151 = r28
    41 |   r30 = ref &v151
    42 |   r31 = ref &v143
    43 |   r32 = call #0(r31)
    44 |   assign v155 = r32
    45 |   r33 = ref &v155
    46 |   r34 = string_concat [r30, r33]
    47 |   drop r35
    48 |   drop r36
    49 |   assign v158 = r34
    50 |   r37 = ref &v158
    51 |   r38 = const_str T1
    52 |   r39 = string_concat [r37, r38]
    53 |   drop r40
    54 |   assign v162 = r39
    55 |   r41 = ref &v162
    56 |   r42 = ref &v144
    57 |   r43 = call #0(r42)
    58 |   assign v166 = r43
    59 |   r44 = ref &v166
    60 |   r45 = string_concat [r41, r44]
    61 |   drop r46
    62 |   drop r47
    63 |   assign v169 = r45
    64 |   r48 = ref &v169
    65 |   r49 = const_str T2
    66 |   r50 = string_concat [r48, r49]
    67 |   drop r51
    68 |   assign v173 = r50
    69 |   r52 = ref &v173
    70 |   r53 = ref &v145
    71 |   r54 = call #0(r53)
    72 |   assign v177 = r54
    73 |   r55 = ref &v177
    74 |   r56 = string_concat [r52, r55]
    75 |   drop r57
    76 |   drop r58
    77 |   assign v180 = r56
    78 |   r59 = ref &v180
    79 |   r60 = const_str T3
    80 |   r61 = string_concat [r59, r60]
    81 |   drop r62
    82 |   assign v184 = r61
    83 |   r63 = ref &v184
    84 |   r64 = ref &v146
    85 |   r65 = call #0(r64)
    86 |   assign v188 = r65
    87 |   r66 = ref &v188
    88 |   r67 = string_concat [r63, r66]
    89 |   drop r68
    90 |   drop r69
    91 |   assign v191 = r67
    92 |   r70 = ref &v191
    93 |   r71 = const_str T4
    94 |   r72 = string_concat [r70, r71]
    95 |   drop r73
    96 |   assign v195 = r72
    97 |   r74 = ref &v195
    98 |   r75 = ref &v147
    99 |   r76 = call #0(r75)
   100 |   assign v199 = r76
   101 |   r77 = ref &v199
   102 |   r78 = string_concat [r74, r77]
   103 |   drop r79
   104 |   drop r80
   105 |   r81 = string_clone r78
   106 |   r82 = spawn #1(r81) [r83 ->]
   107 |   commit @item_count = r0 (not written)
   108 |   commit @total_out = r24
   109 |   commit @shipping = r23
   110 |   commit @tax_rate = r2 (not written)
   111 |   commit @default_ship = r3 (not written)
   112 |   commit @receipt_out = r78
   113 |   commit @discount_rate = r4 (not written)
   114 |   commit @customer = r5 (not written)
   115 |   commit @free_ship_min = r6 (not written)
   116 |   r84 = eval r82 [-> r85]
   117 |   return r24 [r85]

    ; orders: what the body's yielded Order waits for
    ;   eval@116 <- spawn@106 #1 <- r83(entry)

    ; r0 (@item_count) : i64
    ; r1 (@shipping) : i64
    ; r2 (@tax_rate) : i64
    ; r3 (@default_ship) : i64
    ; r4 (@discount_rate) : i64
    ; r5 (@customer) : String
    ; r6 (@free_ship_min) : i64
    ; r7 (v23) : i64
    ; r8 (v22) : i64
    ; r9 (v132) : i64
    ; r10 (v134) : i64
    ; r11 (v133) : i64
    ; r12 (v31) : i64
    ; r13 (v139) : i64
    ; r14 (v141) : i64
    ; r15 (v140) : i64
    ; r16 (v39) : i64
    ; r17 (v43) : Bool
    ; r18 (v44) : Bool
    ; r19 (v49) : Bool
    ; r20 (v50) : Bool
    ; r21 (v45) : i64
    ; r22 (v103) : i64
    ; r23 (v102) : i64
    ; r24 (v55) : i64
    ; r25 (v126) : String
    ; r26 ($param_1.) : &String
    ; r27 (v149) : &str
    ; r28 (v150) : String
    ; r29 (v142) : String
    ; r30 (@tax_rate.) : &String
    ; r31 ($param_2.) : &i64
    ; r32 (to_string(...)) : String
    ; r33 (@receipt_out.) : &String
    ; r34 (v157) : String
    ; r35 (v155) : String
    ; r36 (v151) : String
    ; r37 (@customer.) : &String
    ; r38 (v160) : &str
    ; r39 (v161) : String
    ; r40 (v158) : String
    ; r41 (@item_count.) : &String
    ; r42 ($param_3.) : &i64
    ; r43 (to_string(...)) : String
    ; r44 (subtotal.) : &String
    ; r45 (v168) : String
    ; r46 (v166) : String
    ; r47 (v162) : String
    ; r48 (discount.) : &String
    ; r49 (v171) : &str
    ; r50 (v172) : String
    ; r51 (v169) : String
    ; r52 (@tax_rate.) : &String
    ; r53 ($param_4.) : &i64
    ; r54 (to_string(...)) : String
    ; r55 (discount.) : &String
    ; r56 (v179) : String
    ; r57 (v177) : String
    ; r58 (v173) : String
    ; r59 (var_39.) : &String
    ; r60 (v182) : &str
    ; r61 (v183) : String
    ; r62 (v180) : String
    ; r63 (var_43.) : &String
    ; r64 ($param_5.) : &i64
    ; r65 (to_string(...)) : String
    ; r66 (total.) : &String
    ; r67 (v190) : String
    ; r68 (v188) : String
    ; r69 (v184) : String
    ; r70 (var_50.) : &String
    ; r71 (v193) : &str
    ; r72 (v194) : String
    ; r73 (v191) : String
    ; r74 (@shipping.) : &String
    ; r75 ($param_6.) : &i64
    ; r76 (to_string(...)) : String
    ; r77 (subtotal.) : &String
    ; r78 (v201) : String
    ; r79 (v199) : String
    ; r80 (v195) : String
    ; r81 (v127) : String
    ; r82 (v202) : Handle<i64>
    ; r83 (v1) : Order
    ; r84 (send_email(...)) : i64
    ; r85 (v70) : Order
    ; r86 (v88) : String
    ; r87 (subtotal) : i64
    ; r88 (@item_count) : i64
    ; r89 (v109) : i64
    ; r90 (v105) : String
    ; r91 (@free_ship_min) : i64
    ; r92 (v37) : i64
    ; r93 (@free_ship_min) : i64
    ; r94 (final_total) : i64
    ; r95 (@receipt_out) : String
    ; r96 (v113) : Order
    ; r97 ($rate) : i64
    ; r98 (v75) : i64
    ; r99 (v100) : i64
    ; r100 (v125) : String
    ; r101 (final_total) : i64
    ; r102 (v87) : i64
    ; r103 (subtotal) : i64
    ; r104 (v112) : Order
    ; r105 ($amount) : i64
    ; r106 (v74) : i64
    ; r107 (@default_ship) : i64
    ; r108 (v99) : i64
    ; r109 (discount) : i64
    ; r110 (v124) : i64
    ; r111 (@shipping) : i64
    ; r112 (v86) : i64
    ; r113 (v111) : i64
    ; r114 (@free_ship_min) : i64
    ; r115 (v73) : i64
    ; r116 (v98) : i64
    ; r117 (subtotal) : i64
    ; r118 (v123) : String
    ; r119 (tax) : i64
    ; r120 (v85) : i64
    ; r121 (v110) : i64
    ; r122 (total) : i64
    ; r123 (v72) : i64
    ; r124 (@tax_rate) : i64
    ; r125 (v97) : String
    ; r126 (tax) : i64
    ; r127 (v122) : i64
    ; r128 (discount) : i64
    ; r129 (v147) : i64
    ; r130 (v84) : i64
    ; r131 (v46) : Unit
    ; r132 (final_total) : i64
    ; r133 (v96) : i64
    ; r134 (calc_tax(...)) : i64
    ; r135 (v121) : i64
    ; r136 (subtotal) : i64
    ; r137 (v146) : i64
    ; r138 (v83) : i64
    ; r139 (v108) : i64
    ; r140 (@shipping) : i64
    ; r141 (v95) : i64
    ; r142 (@tax_rate) : i64
    ; r143 (v120) : i64
    ; r144 (@customer) : String
    ; r145 (v145) : i64
    ; r146 (v82) : Order
    ; r147 (v107) : i64
    ; r148 (v69) : Order
    ; r149 (v94) : i64
    ; r150 (v119) : i64
    ; r151 (v144) : i64
    ; r152 (v81) : Order
    ; r153 (v106) : i64
    ; r154 ($rate) : i64
    ; r155 (@total_out) : i64
    ; r156 (v93) : i64
    ; r157 (discount) : i64
    ; r158 (v118) : i64
    ; r159 (v143) : i64
    ; r160 (v80) : i64
    ; r161 (@customer) : String
    ; r162 ($subtotal) : i64
    ; r163 (receipt) : String
    ; r164 (v92) : i64
    ; r165 (subtotal) : i64
    ; r166 (v117) : i64
    ; r167 (@shipping) : i64
    ; r168 (v79) : String
    ; r169 (v104) : String
    ; r170 (total) : i64
    ; r171 (receipt) : String
    ; r172 (@item_count) : i64
    ; r173 (v91) : i64
    ; r174 (discount) : i64
    ; r175 (v116) : i64
    ; r176 (total) : i64
    ; r177 (v78) : i64
    ; r178 (@discount_rate) : i64
    ; r179 (total) : i64
    ; r180 (final_total) : i64
    ; r181 ($order) : Order
    ; r182 (v90) : String
    ; r183 (calc_discount(...)) : i64
    ; r184 (v115) : i64
    ; r185 (v52) : Unit
    ; r186 (v77) : String
    ; r187 (receipt) : String
    ; r188 (v89) : i64
    ; r189 (@discount_rate) : i64
    ; r190 (v114) : i64
    ; r191 (@default_ship) : i64
    ; r192 (v76) : i64
    ; r193 (v101) : i64
    ; r194 (tax) : i64
    ; r195 (format_receipt(...)) : String
