---
source: acvus-mir-test/tests/e2e.rs
expression: ir
---
=== literals ===
  T0 = ""

=== main ===
     0 |   r0 = undef
     1 |   r1 = undef
     3 |   r2 = variant None
     4 |   return T0

    ; r0 (v6) : String
    ; r1 (v7) : Option<!>
    ; r2 (v3) : Option<!>
    ; r3 (v1) : String
    ; r4 (v5) : String
    ; r5 (x) : Option<!>
    ; r6 (<template>) : String
