---
source: acvus-mir-test/tests/optimized_cross_fn.rs
expression: opt
---
=== main ===
     0 |   r0 = fetch @offset
     1 |   r1 = fetch @stage2
     2 |   r2 = fetch @scale
     3 |   r3 = fetch @stage3
     4 |   r4 = fetch @source_id
     5 |   r5 = spawn #0(r4) [r6 ->]
     6 |   r7 = fetch @stage1
     7 |   r8 = fetch @precision
    10 |   commit @offset = r0
    11 |   commit @scale = r2
    12 |   commit @source_id = r4
    13 |   commit @precision = r8
    14 |   r9 = eval r5 [-> r10]
    15 |   r11 = r9 * r2
    16 |   r12 = r11 / 1000 (r13)
    17 |   r14 = r12 + r0
    18 |   r15 = r12 / 10 (r16)
    19 |   r17 = r14 + r15
    20 |   r18 = r17 / r8
    21 |   r19 = r18 * r8
    22 |   r20 = spawn #1(r12, r17, r19) [r10 ->]
    23 |   r21 = eval r20 [-> r22]
    24 |   commit @stage2 = r17
    25 |   commit @stage3 = r19
    26 |   commit @stage1 = r12
    27 |   return r19 [r22]

    ; orders: what the body's yielded Order waits for
    ;   eval@23 <- spawn@22 #1 <- eval@14 <- spawn@5 #0 <- r6(entry)

    ; r0 (@offset) : i64
    ; r1 (@stage2) : i64
    ; r2 (@scale) : i64
    ; r3 (@stage3) : i64
    ; r4 (@source_id) : i64
    ; r5 (v87) : Handle<i64>
    ; r6 (v1) : Order
    ; r7 (@stage1) : i64
    ; r8 (@precision) : i64
    ; r9 (fetch_data(...)) : i64
    ; r10 (v20) : Order
    ; r11 (v68) : i64
    ; r12 (v70) : i64
    ; r13 (v69) : i64
    ; r14 (v75) : i64
    ; r15 (v78) : i64
    ; r16 (v77) : i64
    ; r17 (v79) : i64
    ; r18 (v84) : i64
    ; r19 (v86) : i64
    ; r20 (v88) : Handle<i64>
    ; r21 (log_pipeline(...)) : i64
    ; r22 (v42) : Order
    ; r23 (v44) : i64
    ; r24 (s1) : i64
    ; r25 (raw) : i64
    ; r26 ($prec) : i64
    ; r27 ($val) : i64
    ; r28 (v41) : Order
    ; r29 (@offset) : i64
    ; r30 (@stage3) : i64
    ; r31 (s1) : i64
    ; r32 (s2) : i64
    ; r33 (v57) : i64
    ; r34 (v50) : i64
    ; r35 (s2) : i64
    ; r36 (v56) : i64
    ; r37 (s1) : i64
    ; r38 (v62) : i64
    ; r39 (s3) : i64
    ; r40 (normalize(...)) : i64
    ; r41 (@stage2) : i64
    ; r42 (v49) : i64
    ; r43 (s2) : i64
    ; r44 ($offset) : i64
    ; r45 (@source_id) : i64
    ; r46 (v55) : i64
    ; r47 (s3) : i64
    ; r48 (@source_id) : i64
    ; r49 (v61) : i64
    ; r50 (@scale) : i64
    ; r51 ($scale) : i64
    ; r52 (v48) : i64
    ; r53 (enrich(...)) : i64
    ; r54 ($val) : i64
    ; r55 (v54) : i64
    ; r56 (s3) : i64
    ; r57 (v60) : i64
    ; r58 (v47) : i64
    ; r59 (@offset) : i64
    ; r60 (v53) : i64
    ; r61 (finalize(...)) : i64
    ; r62 (@precision) : i64
    ; r63 (v59) : i64
    ; r64 (raw) : i64
    ; r65 ($order) : Order
    ; r66 (v46) : i64
    ; r67 (s1) : i64
    ; r68 (v52) : Order
    ; r69 (@precision) : i64
    ; r70 (v58) : i64
    ; r71 (s3) : i64
    ; r72 ($prec) : i64
    ; r73 (v45) : i64
    ; r74 (@scale) : i64
    ; r75 (v51) : Order
    ; r76 ($val) : i64
    ; r77 (@stage1) : i64
    ; r78 (s2) : i64
    ; r79 ($val) : i64
    ; r80 (v19) : Order
    ; r81 (v63) : i64
