---
source: acvus-mir-test/tests/e2e.rs
expression: ir
---
=== main ===
     0 |   r0 = fetch @data
     1 |   assign @data = r0
     2 |   r1 = take @data.user.address.city
     3 |   r2 = string_concat [r1]
     4 |   r3 = take @data
     5 |   commit @data = r3
     6 |   return r2

    ; r0 (@data) : {user: {address: {city: String}}}
    ; r1 (@data.user.address.city) : String
    ; r2 (v4) : String
    ; r3 (v5) : {user: {address: {city: String}}}
    ; r4 (@data) : {user: {address: {city: String}}}
