---
source: acvus-mir-test/tests/optimized_cross_fn.rs
expression: raw
---
-- enrich --
=== main ===
     0 |   r0 = take $v1
     1 |   r1 = take $v2
     2 |   r2 = r0 + r1
     3 |   r3 = take $v1
     5 |   r4 = r3 / 10 (r5)
     6 |   r6 = r2 + r4
     7 |   return r6

    ; r0 ($val) : i64
    ; r1 ($offset) : i64
    ; r2 (v5) : i64
    ; r3 ($val) : i64
    ; r4 (v8) : i64
    ; r5 (v7) : i64
    ; r6 (v9) : i64
    ; r7 (v2) : i64
    ; r8 (v1) : i64

-- finalize --
=== main ===
     0 |   r0 = take $v1
     1 |   r1 = take $v2
     2 |   r2 = r0 / r1
     3 |   r3 = take $v2
     4 |   r4 = r2 * r3
     5 |   return r4

    ; r0 ($val) : i64
    ; r1 ($prec) : i64
    ; r2 (v5) : i64
    ; r3 ($prec) : i64
    ; r4 (v7) : i64
    ; r5 (v1) : i64
    ; r6 (v2) : i64

-- main --
=== main ===
     0 |   assign $order = r0
     1 |   r1 = fetch @offset
     2 |   assign @offset = r1
     3 |   r2 = fetch @scale
     4 |   assign @scale = r2
     5 |   r3 = fetch @source_id
     6 |   assign @source_id = r3
     7 |   r4 = fetch @precision
     8 |   assign @precision = r4
     9 |   r5 = take @source_id
    10 |   r6 = take $order
    11 |   r7 = call #0(r5) [r6 -> r8]
    12 |   assign $order = r8
    13 |   assign raw = r7
    14 |   r9 = take raw
    15 |   r10 = take @scale
    16 |   r11 = call #1(r9, r10)
    17 |   assign s1 = r11
    18 |   r12 = take s1
    19 |   assign @stage1 = r12
    20 |   r13 = take s1
    21 |   r14 = take @offset
    22 |   r15 = call #2(r13, r14)
    23 |   assign s2 = r15
    24 |   r16 = take s2
    25 |   assign @stage2 = r16
    26 |   r17 = take s2
    27 |   r18 = take @precision
    28 |   r19 = call #3(r17, r18)
    29 |   assign s3 = r19
    30 |   r20 = take s3
    31 |   assign @stage3 = r20
    32 |   r21 = take s1
    33 |   r22 = take s2
    34 |   r23 = take s3
    35 |   r24 = take $order
    36 |   r25 = call #4(r21, r22, r23) [r24 -> r26]
    37 |   assign $order = r26
    38 |   r27 = take s3
    39 |   r28 = take @offset
    40 |   commit @offset = r28 (not written)
    41 |   r29 = take @stage2
    42 |   commit @stage2 = r29
    43 |   r30 = take @scale
    44 |   commit @scale = r30 (not written)
    45 |   r31 = take @stage3
    46 |   commit @stage3 = r31
    47 |   r32 = take @source_id
    48 |   commit @source_id = r32 (not written)
    49 |   r33 = take @stage1
    50 |   commit @stage1 = r33
    51 |   r34 = take @precision
    52 |   commit @precision = r34 (not written)
    53 |   r35 = take $order
    54 |   return r27 [r35]

    ; orders: what the body's yielded Order waits for
    ;   r35(entry)

    ; r0 (v1) : Order
    ; r1 (@offset) : i64
    ; r2 (@scale) : i64
    ; r3 (@source_id) : i64
    ; r4 (@precision) : i64
    ; r5 (@source_id) : i64
    ; r6 (v19) : Order
    ; r7 (fetch_data(...)) : i64
    ; r8 (v20) : Order
    ; r9 (raw) : i64
    ; r10 (@scale) : i64
    ; r11 (normalize(...)) : i64
    ; r12 (s1) : i64
    ; r13 (s1) : i64
    ; r14 (@offset) : i64
    ; r15 (enrich(...)) : i64
    ; r16 (s2) : i64
    ; r17 (s2) : i64
    ; r18 (@precision) : i64
    ; r19 (finalize(...)) : i64
    ; r20 (s3) : i64
    ; r21 (s1) : i64
    ; r22 (s2) : i64
    ; r23 (s3) : i64
    ; r24 (v41) : Order
    ; r25 (log_pipeline(...)) : i64
    ; r26 (v42) : Order
    ; r27 (s3) : i64
    ; r28 (v44) : i64
    ; r29 (v45) : i64
    ; r30 (v46) : i64
    ; r31 (v47) : i64
    ; r32 (v48) : i64
    ; r33 (v49) : i64
    ; r34 (v50) : i64
    ; r35 (v51) : Order
    ; r36 (@offset) : i64
    ; r37 (s1) : i64
    ; r38 (@stage3) : i64
    ; r39 ($order) : Order
    ; r40 (@stage2) : i64
    ; r41 (@precision) : i64
    ; r42 (raw) : i64
    ; r43 (s2) : i64
    ; r44 (@source_id) : i64
    ; r45 (@scale) : i64
    ; r46 (s3) : i64
    ; r47 (@stage1) : i64

-- normalize --
=== main ===
     0 |   r0 = take $v1
     1 |   r1 = take $v2
     2 |   r2 = r0 * r1
     4 |   r3 = r2 / 1000 (r4)
     5 |   return r3

    ; r0 ($val) : i64
    ; r1 ($scale) : i64
    ; r2 (v5) : i64
    ; r3 (v7) : i64
    ; r4 (v6) : i64
    ; r5 (v1) : i64
    ; r6 (v2) : i64
