---
source: acvus-mir-test/tests/lsr.rs
expression: listing
---
=== main ===
     0 |   r0 = fetch @n
     4 |   jump L0(0.0 (r1), 0.0 (r2))
     5 | L0(r3: Float, r4: Float):
     6 |   for range(0 (r5)..r0) -> L1 else L2 stages [L1: pure, L3: join(r4) in_order, L4: pure, L5: join(r3) in_order law(Op(Add) inexact commutative)]
     7 | L1(r6: i64):
    10 |   jump L3
    11 | L3:
    12 |   r7 = r4 + 1.0 (r8)
    13 |   jump L4
    14 | L4:
    15 |   r9 = r4 * 2.0 (r10)
    16 |   jump L5
    17 | L5:
    18 |   r11 = r3 + r9
    19 |   jump L0(r11, r7)
    20 | L2:
    21 |   commit @n = r0
    22 |   return r3

    ; r0 (@n) : i64
    ; r1 (v3) : Float
    ; r2 (v5) : Float
    ; r3 (v31) : Float
    ; r4 (v32) : Float
    ; r5 (v7) : i64
    ; r6 (v33) : i64
    ; r7 (v19) : Float
    ; r8 (v18) : Float
    ; r9 (v15) : Float
    ; r10 (v14) : Float
    ; r11 (v16) : Float
    ; r12 (v22) : i64
    ; r13 (v25) : i64
    ; r14 (x) : Float
    ; r15 (i) : i64
    ; r16 (v28) : i64
    ; r17 (acc) : Float
    ; r18 (v11) : Bool
    ; r19 (v30) : i64
    ; r20 (i) : i64
    ; r21 (x) : Float
    ; r22 (acc) : Float
    ; r23 (@n) : i64
    ; r24 (v21) : i64
    ; r25 (v24) : i64
    ; r26 (v27) : Float
    ; r27 (i) : i64
    ; r28 (acc) : Float
    ; r29 (v26) : Float
    ; r30 (v29) : i64
    ; r31 (@n) : i64
    ; r32 (x) : Float
