---
source: acvus-mir-test/tests/sroa.rs
expression: listing
---
=== main ===
     0 |   r0 = fetch @n
     3 |   jump L0(0 (r1), 0 (r2))
     4 | L0(r3: i64, r4: i64):
     5 |   for range(0 (r2)..r0) -> L1 else L2
     6 | L1(r5: i64):
     8 |   r6 = r4 % 3 (r7)
    10 |   r8 = r4 + 1 (r9)
    11 |   switch r6 { 0 -> L4, 1 -> L5, _ -> L6 }
    12 | L4:
    13 |   r10 = r3 + r4
    14 |   jump L7(r10)
    15 | L5:
    17 |   r11 = r4 + 1 (r12)
    18 |   r13 = r3 + r11
    19 |   jump L7(r13)
    20 | L6:
    22 |   r14 = r4 + 2 (r15)
    23 |   r16 = r3 + r14
    24 |   jump L7(r16)
    25 | L7(r17: i64):
    26 |   jump L0(r17, r8)
    27 | L2:
    28 |   commit @n = r0
    29 |   return r3

    ; r0 (@n) : i64
    ; r1 (v3) : i64
    ; r2 (v5) : i64
    ; r3 (v59) : i64
    ; r4 (v56) : i64
    ; r5 (v79) : i64
    ; r6 (v12) : i64
    ; r7 (v11) : i64
    ; r8 (v47) : i64
    ; r9 (v46) : i64
    ; r10 (v30) : i64
    ; r11 (v17) : i64
    ; r12 (v16) : i64
    ; r13 (v36) : i64
    ; r14 (v21) : i64
    ; r15 (v20) : i64
    ; r16 (v42) : i64
    ; r17 (v64) : i64
    ; r18 (e.) : &E{A(i64), B(i64), C(i64)}
    ; r19 (v44) : Unit
    ; r20 (v69) : i64
    ; r21 (v50) : i64
    ; r22 (v60) : i64
    ; r23 (v72) : i64
    ; r24 (v) : i64
    ; r25 (i) : i64
    ; r26 (i) : i64
    ; r27 (i) : i64
    ; r28 (v31) : Unit
    ; r29 (v75) : i64
    ; r30 (v37) : Unit
    ; r31 (v18) : E{A(i64), B(i64), C(i64)}
    ; r32 (v62) : i64
    ; r33 (v43) : Unit
    ; r34 (e) : E{A(i64), B(i64), C(i64)}
    ; r35 (v68) : i64
    ; r36 (v49) : i64
    ; r37 (v74) : i64
    ; r38 (v55) : i64
    ; r39 (v61) : i64
    ; r40 (v23) : E{A(i64), B(i64), C(i64)}
    ; r41 (v67) : i64
    ; r42 (acc) : i64
    ; r43 (acc) : i64
    ; r44 (v) : i64
    ; r45 (v73) : i64
    ; r46 (i) : i64
    ; r47 (v54) : i64
    ; r48 (v) : i64
    ; r49 (v) : i64
    ; r50 (v22) : E{A(i64), B(i64), C(i64)}
    ; r51 (v66) : i64
    ; r52 (acc) : i64
    ; r53 (v9) : Bool
    ; r54 (v53) : i64
    ; r55 (acc) : i64
    ; r56 (v78) : i64
    ; r57 (i) : i64
    ; r58 (acc) : i64
    ; r59 (v65) : i64
    ; r60 (v) : i64
    ; r61 (v71) : i64
    ; r62 (@n) : i64
    ; r63 (v52) : i64
    ; r64 (v) : i64
    ; r65 (v77) : i64
    ; r66 (v14) : E{A(i64), B(i64), C(i64)}
    ; r67 (v58) : i64
    ; r68 (@n) : i64
    ; r69 (v) : i64
    ; r70 (v70) : i64
    ; r71 (v51) : i64
    ; r72 (v) : i64
    ; r73 (v76) : i64
    ; r74 (i) : i64
    ; r75 (v57) : i64
    ; r76 (v) : i64
    ; r77 (i) : i64
    ; r78 (v63) : i64
