---
source: acvus-mir-test/tests/optimized_cross_fn.rs
expression: opt
---
=== literals ===
  T0 = "User("
  T1 = " score:"
  T2 = ")"

=== main ===
     0 |   r0 = fetch @weight
     1 |   r1 = fetch @alert_count
     2 |   r2 = fetch @threshold
     3 |   r3 = fetch @user_id
     4 |   r4 = spawn #0(r3) [r5 ->]
     6 |   r6 = const_str T0
     7 |   r7 = const_str T1
     8 |   r8 = const_str T2
     9 |   r9 = eval r4 [-> r10]
    10 |   r11 = spawn #1(r3) [r10 ->]
    11 |   r12 = eval r11 [-> r13]
    12 |   r14 = r9 + r12
    13 |   r15 = r14 * r0
    14 |   r16 = r15 / 100 (r17)
    15 |   assign v87 = r9
    16 |   assign v88 = r16
    17 |   r18 = ref &v87
    18 |   r19 = call #2(r18)
    19 |   assign b = r19
    20 |   r20 = ref &v88
    21 |   r21 = call #2(r20)
    22 |   assign d = r21
    23 |   r22 = ref &b
    24 |   r23 = as_slice &r22
    25 |   r24 = call #3(r6, r23)
    26 |   drop r25
    27 |   assign ab = r24
    28 |   r26 = ref &ab
    29 |   r27 = as_slice &r26
    30 |   r28 = call #3(r27, r7)
    31 |   drop r29
    32 |   assign abc = r28
    33 |   r30 = ref &abc
    34 |   r31 = as_slice &r30
    35 |   r32 = ref &d
    36 |   r33 = as_slice &r32
    37 |   r34 = call #3(r31, r33)
    38 |   drop r35
    39 |   drop r36
    40 |   assign abcd = r34
    41 |   r37 = ref &abcd
    42 |   r38 = as_slice &r37
    43 |   r39 = call #3(r38, r8)
    44 |   drop r40
    45 |   r41 = r16 > r2
    46 |   r42 = test r41 == true
    47 |   if r42 -> L0 else L1(r13, r1) join L1
    48 | L0:
    49 |   r43 = spawn #4(r3, r16) [r13 ->]
    51 |   r44 = r1 + 1 (r45)
    52 |   r46 = eval r43 [-> r47]
    53 |   jump L1(r47, r44)
    54 | L1(r48: Order, r49: i64):
    55 |   commit @result_label = r39
    56 |   commit @weight = r0 (not written)
    57 |   commit @alert_count = r49
    58 |   commit @result_score = r16
    59 |   commit @threshold = r2 (not written)
    60 |   commit @user_id = r3 (not written)
    61 |   return r16 [r48]

    ; orders: what the body's yielded Order waits for
    ;   r48(entry)

    ; r0 (@weight) : i64
    ; r1 (@alert_count) : i64
    ; r2 (@threshold) : i64
    ; r3 (@user_id) : i64
    ; r4 (v127) : Handle<i64>
    ; r5 (v1) : Order
    ; r6 (v89) : &str
    ; r7 (v94) : &str
    ; r8 (v99) : &str
    ; r9 (fetch_profile(...)) : i64
    ; r10 (v18) : Order
    ; r11 (v128) : Handle<i64>
    ; r12 (fetch_history(...)) : i64
    ; r13 (v23) : Order
    ; r14 (v82) : i64
    ; r15 (v84) : i64
    ; r16 (v86) : i64
    ; r17 (v85) : i64
    ; r18 ($param_1.) : &i64
    ; r19 (to_string(...)) : String
    ; r20 ($param_2.) : &i64
    ; r21 (to_string(...)) : String
    ; r22 (@alert_count.) : &String
    ; r23 (v104) : &str
    ; r24 (concat(...)) : String
    ; r25 (b) : String
    ; r26 (@user_id.) : &String
    ; r27 (v108) : &str
    ; r28 (concat(...)) : String
    ; r29 (ab) : String
    ; r30 (history.) : &String
    ; r31 (v114) : &str
    ; r32 (@threshold.) : &String
    ; r33 (v116) : &str
    ; r34 (concat(...)) : String
    ; r35 (abc) : String
    ; r36 (d) : String
    ; r37 (var_32.) : &String
    ; r38 (v120) : &str
    ; r39 (concat(...)) : String
    ; r40 (abcd) : String
    ; r41 (v36) : Bool
    ; r42 (v37) : Bool
    ; r43 (v129) : Handle<i64>
    ; r44 (v45) : i64
    ; r45 (v44) : i64
    ; r46 (notify_alert(...)) : i64
    ; r47 (v42) : Order
    ; r48 (v74) : Order
    ; r49 (v71) : i64
    ; r50 (profile) : i64
    ; r51 (v88) : i64
    ; r52 (v50) : String
    ; r53 (v75) : i64
    ; r54 (score) : i64
    ; r55 ($history) : i64
    ; r56 (v52) : i64
    ; r57 (v64) : i64
    ; r58 (history) : i64
    ; r59 (e) : &str
    ; r60 (v125) : &str
    ; r61 (v62) : i64
    ; r62 (v87) : i64
    ; r63 (history) : i64
    ; r64 (score) : i64
    ; r65 (@threshold) : i64
    ; r66 (v124) : &str
    ; r67 (v61) : i64
    ; r68 (score) : i64
    ; r69 (v73) : i64
    ; r70 (@threshold) : i64
    ; r71 (v60) : i64
    ; r72 (v22) : Order
    ; r73 (label) : String
    ; r74 (v72) : i64
    ; r75 (@result_score) : i64
    ; r76 (score) : i64
    ; r77 (v59) : i64
    ; r78 (v109) : &str
    ; r79 (v46) : Unit
    ; r80 (label) : String
    ; r81 (v121) : &str
    ; r82 (v58) : String
    ; r83 ($weight) : i64
    ; r84 (@user_id) : i64
    ; r85 (v70) : i64
    ; r86 (@alert_count) : i64
    ; r87 (c) : &str
    ; r88 (format_label(...)) : String
    ; r89 (v57) : Order
    ; r90 (profile) : i64
    ; r91 (v69) : i64
    ; r92 (v56) : Order
    ; r93 (@alert_count) : i64
    ; r94 (v68) : String
    ; r95 (@weight) : i64
    ; r96 (profile) : i64
    ; r97 (v55) : i64
    ; r98 ($profile) : i64
    ; r99 (v17) : Order
    ; r100 (v67) : String
    ; r101 (score) : i64
    ; r102 (v54) : i64
    ; r103 (v41) : Order
    ; r104 (v66) : i64
    ; r105 (@result_label) : String
    ; r106 (compute_score(...)) : i64
    ; r107 (v53) : i64
    ; r108 (@user_id) : i64
    ; r109 (v65) : i64
    ; r110 ($order) : Order
    ; r111 (a) : &str
    ; r112 (@weight) : i64
    ; r113 (score) : i64
    ; r114 (v51) : i64
    ; r115 (v76) : i64
    ; r116 (@user_id) : i64
    ; r117 (v101) : &str
    ; r118 (@user_id) : i64
    ; r119 (v126) : &str
    ; r120 (v63) : i64
