---
source: acvus-mir-test/tests/inline.rs
expression: ir
---
=== main ===
     1 |   r0 = take $v1
     2 |   r1 = take $v1
     3 |   r2 = r0 * r1
     5 |   r3 = take $v3
     6 |   r4 = take $v3
     7 |   r5 = r3 * r4
     8 |   r6 = r2 + r5
     9 |   return r6

    ; r0 ($x) : i64
    ; r1 ($x) : i64
    ; r2 (v9) : i64
    ; r3 ($x) : i64
    ; r4 ($x) : i64
    ; r5 (v13) : i64
    ; r6 (v5) : i64
    ; r7 (v3) : i64
    ; r8 (square(...)) : i64
    ; r9 (v1) : i64
    ; r10 (square(...)) : i64
