---
source: acvus-mir-test/tests/sroa.rs
expression: listing
---
=== main ===
     0 |   r0 = fetch @n
     3 |   jump L0(0 (r1))
     4 | L0(r2: i64):
     5 |   for range(0 (r3)..r0) -> L1 else L2 stages [L1: pure, L7: join(r2) in_order]
     6 | L1(r4: i64):
     8 |   r5 = r4 % 2 (r6)
    10 |   r7 = r5 == 0 (r8)
    12 |   r9 = r4 + 1 (r10)
    13 |   jump L7
    14 | L7:
    15 |   if r7 -> L3 else L5 join L6
    16 | L3:
    17 |   r11 = r2 + r4
    18 |   jump L6(r11)
    19 | L5:
    20 |   r12 = r2 + r9
    21 |   jump L6(r12)
    22 | L6(r13: i64):
    23 |   jump L0(r13)
    24 | L2:
    25 |   commit @n = r0 (not written)
    26 |   return r2

    ; r0 (@n) : i64
    ; r1 (v3) : i64
    ; r2 (v50) : i64
    ; r3 (v5) : i64
    ; r4 (v66) : i64
    ; r5 (v12) : i64
    ; r6 (v11) : i64
    ; r7 (v14) : Bool
    ; r8 (v13) : i64
    ; r9 (v39) : i64
    ; r10 (v38) : i64
    ; r11 (v28) : i64
    ; r12 (v34) : i64
    ; r13 (v55) : i64
    ; r14 (v) : i64
    ; r15 (v44) : i64
    ; r16 (v69) : i64
    ; r17 (v47) : i64
    ; r18 (v56) : i64
    ; r19 (v60) : i64
    ; r20 (v9) : Bool
    ; r21 (v20) : E{A(i64), B(i64)}
    ; r22 (acc) : i64
    ; r23 (v51) : i64
    ; r24 (i) : i64
    ; r25 (v) : i64
    ; r26 (i) : i64
    ; r27 (v18) : i64
    ; r28 (v62) : i64
    ; r29 (v43) : i64
    ; r30 (v) : i64
    ; r31 (v68) : i64
    ; r32 (v49) : i64
    ; r33 (v) : i64
    ; r34 (v36) : Unit
    ; r35 (i) : i64
    ; r36 (v61) : i64
    ; r37 (v42) : i64
    ; r38 (e.) : &E{A(i64), B(i64)}
    ; r39 (v67) : i64
    ; r40 (acc) : i64
    ; r41 (v48) : i64
    ; r42 (v29) : Unit
    ; r43 (i) : i64
    ; r44 (v54) : i64
    ; r45 (v35) : Unit
    ; r46 (v16) : E{A(i64), B(i64)}
    ; r47 (v41) : i64
    ; r48 (e) : E{A(i64), B(i64)}
    ; r49 (v53) : i64
    ; r50 (i) : i64
    ; r51 (v59) : i64
    ; r52 (acc) : i64
    ; r53 (v21) : E{A(i64), B(i64)}
    ; r54 (v65) : i64
    ; r55 (v46) : i64
    ; r56 (v) : i64
    ; r57 (@n) : i64
    ; r58 (v52) : i64
    ; r59 (v) : i64
    ; r60 (v58) : i64
    ; r61 (v64) : i64
    ; r62 (@n) : i64
    ; r63 (v45) : i64
    ; r64 (v70) : i64
    ; r65 (i) : i64
    ; r66 (acc) : i64
    ; r67 (v57) : i64
    ; r68 (v19) : i64
    ; r69 (v63) : i64
