---
source: acvus-mir-test/tests/sroa.rs
expression: listing
---
=== main ===
     0 |   r0 = fetch @n
     3 |   jump L0(0 (r1))
     4 | L0(r2: i64):
     5 |   for range(0 (r3)..r0) -> L1 else L2 stages [L1: join(r2) any_order law(Op(Add) exact commutative)]
     6 | L1(r4: i64):
     7 |   r5 = r2 + r4
     8 |   jump L0(r5)
     9 | L2:
    10 |   commit @n = r0 (not written)
    11 |   return r2

    ; r0 (@n) : i64
    ; r1 (v3) : i64
    ; r2 (v29) : i64
    ; r3 (v5) : i64
    ; r4 (v32) : i64
    ; r5 (v18) : i64
    ; r6 (acc) : i64
    ; r7 (v25) : i64
    ; r8 (i) : i64
    ; r9 (v9) : Bool
    ; r10 (v28) : i64
    ; r11 (v12) : i64
    ; r12 (v31) : i64
    ; r13 (v30) : i64
    ; r14 (@n) : i64
    ; r15 (v33) : i64
    ; r16 (i) : i64
    ; r17 (v36) : i64
    ; r18 (v14) : {x: i64, y: i64}
    ; r19 (v20) : i64
    ; r20 (q.x) : i64
    ; r21 (v34) : i64
    ; r22 (q) : {x: i64, y: i64}
    ; r23 (v21) : i64
    ; r24 (v24) : i64
    ; r25 (v27) : i64
    ; r26 (@n) : i64
    ; r27 (v23) : i64
    ; r28 (acc) : i64
    ; r29 (v26) : i64
    ; r30 (i) : i64
    ; r31 (i) : i64
    ; r32 (v35) : i64
    ; r33 (v13) : i64
    ; r34 (i) : i64
    ; r35 (acc) : i64
