---
source: acvus-mir-test/tests/lsr.rs
expression: listing
---
=== main ===
     0 |   r0 = fetch @x
     1 |   r1 = fetch @k
     2 |   r2 = fetch @n
     7 |   jump L0(0 (r3))
     8 | L0(r4: i64):
     9 |   for range(0 (r5)..r2) -> L1 else L2 stages [L1, L6]
    10 | L1(r6: i64):
    12 |   r7 = r6 * r1
    13 |   jump L6
    14 | L6:
    15 |   r8 = r4 * 2 (r9)
    16 |   r10 = r8 + r7
    17 |   jump L0(r10)
    18 | L2:
    19 |   jump L3(0 (r11))
    20 | L3(r12: i64):
    21 |   for range(0 (r13)..r2) -> L4 else L5 stages [L4, L7]
    22 | L4(r14: i64):
    23 |   r15 = r14 * r1
    24 |   r16 = r15 + r0
    25 |   jump L7
    26 | L7:
    27 |   r17 = r12 + r15
    28 |   r18 = r17 + r16
    29 |   jump L3(r18)
    30 | L5:
    31 |   r19 = r4 - r12
    32 |   commit @x = r0 (not written)
    33 |   commit @k = r1 (not written)
    34 |   commit @n = r2 (not written)
    35 |   return r19

    ; r0 (@x) : i64
    ; r1 (@k) : i64
    ; r2 (@n) : i64
    ; r3 (v7) : i64
    ; r4 (v61) : i64
    ; r5 (v9) : i64
    ; r6 (v75) : i64
    ; r7 (v19) : i64
    ; r8 (v16) : i64
    ; r9 (v15) : i64
    ; r10 (v20) : i64
    ; r11 (v24) : i64
    ; r12 (v66) : i64
    ; r13 (v26) : i64
    ; r14 (v77) : i64
    ; r15 (v33) : i64
    ; r16 (v40) : i64
    ; r17 (v37) : i64
    ; r18 (v41) : i64
    ; r19 (v47) : i64
    ; r20 (shared) : i64
    ; r21 (v44) : i64
    ; r22 (v69) : i64
    ; r23 (@k) : i64
    ; r24 (v50) : i64
    ; r25 (@n) : i64
    ; r26 (v72) : i64
    ; r27 (v51) : i64
    ; r28 (j) : i64
    ; r29 (v56) : i64
    ; r30 (v81) : i64
    ; r31 (@k) : i64
    ; r32 (v62) : i64
    ; r33 (v43) : i64
    ; r34 (v68) : i64
    ; r35 (@n) : i64
    ; r36 (v49) : i64
    ; r37 (v30) : Bool
    ; r38 (v74) : i64
    ; r39 (i) : i64
    ; r40 (v55) : i64
    ; r41 (p) : i64
    ; r42 (v80) : i64
    ; r43 (i) : i64
    ; r44 (j) : i64
    ; r45 (v86) : i64
    ; r46 (v23) : i64
    ; r47 (v67) : i64
    ; r48 (v48) : i64
    ; r49 (@n) : i64
    ; r50 (v73) : i64
    ; r51 (i) : i64
    ; r52 (v54) : i64
    ; r53 (shared) : i64
    ; r54 (v79) : i64
    ; r55 (v60) : i64
    ; r56 (v85) : i64
    ; r57 (v22) : i64
    ; r58 (j) : i64
    ; r59 (v53) : i64
    ; r60 (p) : i64
    ; r61 (v78) : Bool
    ; r62 (v59) : i64
    ; r63 (v84) : i64
    ; r64 (i) : i64
    ; r65 (v65) : i64
    ; r66 (shared) : i64
    ; r67 (j) : i64
    ; r68 (v71) : i64
    ; r69 (acc) : i64
    ; r70 (v52) : i64
    ; r71 (acc) : i64
    ; r72 (v58) : i64
    ; r73 (@x) : i64
    ; r74 (v83) : i64
    ; r75 (v64) : i64
    ; r76 (@x) : i64
    ; r77 (acc) : i64
    ; r78 (v70) : i64
    ; r79 (@k) : i64
    ; r80 (v76) : Bool
    ; r81 (v13) : Bool
    ; r82 (v57) : i64
    ; r83 (p) : i64
    ; r84 (v82) : i64
    ; r85 (v63) : i64
