---
source: acvus-mir-test/tests/e2e.rs
expression: ir
---
=== literals ===
  T0 = ""
  T1 = "equal"
  T2 = "not equal"

=== main ===
     1 |   r0 = take @a
     2 |   r1 = take @b
     3 |   r2 = r0 == r1
     4 | L2:
     5 |   r3 = test r2 == true
     6 |   jump_if r3 then L3 else L1
     7 | L3:
    10 |   r4 = T0 + T1
    11 |   jump L0(r4)
    12 | L1:
    15 |   r5 = T0 + T2
    16 |   jump L0(r5)
    17 | L0(r6: String):  ; merge_of L2
    18 |   r7 = T0 + r6
    19 |   return r7

    ; r0 (@a) : Int
    ; r1 (@b) : Int
    ; r2 (v4) : Bool
    ; r3 (v5) : Bool
    ; r4 (v8) : String
    ; r5 (v11) : String
    ; r6 (v12) : String
    ; r7 (v13) : String
    ; r8 (v7) : String
    ; r9 (v10) : String
    ; r10 (v6) : String
    ; r11 (v9) : String
    ; r12 (v1) : String
