---
source: acvus-mir-test/tests/e2e.rs
expression: ir
---
=== literals ===
  T0 = ""

=== main ===
     0 |   r0 = undef
     1 |   r1 = undef
     2 |   r2 = undef
     3 |   r3 = fetch @data
     4 | L2:
     6 |   r4 = r3.0
     8 |   r5 = true (r6) && true (r7)
     9 |   r8 = r3.1
    11 |   r9 = test has_key(r8, "x")
    12 |   r10 = r8.x
    14 |   r11 = true (r12) && true (r13)
    15 |   r14 = r5 && r11
    16 |   jump_if r14 then L3 else L1
    17 | L3:
    18 |   r15 = r3.0
    19 |   r16 = r3.1
    20 |   r17 = r16.x
    21 |   r18 = string_clone r15
    22 |   r19 = string_concat [r18]
    23 |   r20 = string_clone r19
    24 |   jump L0(r20, r15, r17)
    25 | L1:
    27 |   r21 = string_clone T0
    28 |   jump L0(r21, r1, r2)
    29 | L0(r22: String, r23: String, r24: Int):  ; merge_of L2
    30 |   r25 = string_concat [r22]
    31 |   commit @data = r3
    32 |   return r25

    ; r0 (v26) : (String, {x: Int})
    ; r1 (v27) : String
    ; r2 (v28) : Int
    ; r3 (@data) : (String, {x: Int})
    ; r4 (v5) : String
    ; r5 (v7) : Bool
    ; r6 (v4) : Bool
    ; r7 (v6) : Bool
    ; r8 (v8) : {x: Int}
    ; r9 (v10) : Bool
    ; r10 (v11) : Int
    ; r11 (v13) : Bool
    ; r12 (v9) : Bool
    ; r13 (v12) : Bool
    ; r14 (v14) : Bool
    ; r15 (label) : String
    ; r16 (v17) : {x: Int}
    ; r17 (x) : Int
    ; r18 (v32) : String
    ; r19 (v21) : String
    ; r20 (v33) : String
    ; r21 (v34) : String
    ; r22 (v23) : String
    ; r23 (v30) : String
    ; r24 (v31) : Int
    ; r25 (v24) : String
    ; r26 (@data) : (String, {x: Int})
    ; r27 (v22) : String
    ; r28 (v25) : (String, {x: Int})
    ; r29 (@data) : (String, {x: Int})
    ; r30 (label) : String
    ; r31 (v29) : (String, {x: Int})
