---
source: acvus-mir-test/tests/e2e.rs
expression: ir
---
=== literals ===
  T0 = ""
  T1 = "Hello, "
  T2 = "!"

=== main ===
     2 │   r0 = T0 + T1
     3 │   r1 = ref @name
     4 │   r2 = load r1
     5 │   r3 = r0 + r2
     7 │   r4 = r3 + T2
     8 │   return r4

    ; r0 (v3) : String
    ; r1 (@name) : Ref<String>
    ; r2 (v5) : String
    ; r3 (v6) : String
    ; r4 (v8) : String
    ; r5 (v7) : String
    ; r6 (v2) : String
    ; r7 (v1) : String
