---
source: acvus-mir-test/tests/e2e.rs
assertion_line: 837
expression: ir
---
=== literals ===
  T0 = ""

=== main ===
     0 |   r0 = undef
     1 |   r1 = undef
     2 |   r2 = undef
     3 |   r3 = fetch @a
     4 |   r4 = fetch @b
     5 |   r5 = r3 + r4
     7 |   r6 = call #0(r5)
     8 |   r7 = string_concat [T0, r6]
     9 |   commit @a = r3
    10 |   commit @b = r4
    11 |   return r7

    ; r0 (v15) : Int
    ; r1 (v16) : Int
    ; r2 (v17) : Int
    ; r3 (@a) : Int
    ; r4 (@b) : Int
    ; r5 (v7) : Int
    ; r6 (to_string(...)) : String
    ; r7 (v12) : String
    ; r8 (@b) : Int
    ; r9 (v14) : Int
    ; r10 (@b) : Int
    ; r11 (v9) : String
    ; r12 (@a) : Int
    ; r13 (result) : Int
    ; r14 (v13) : Int
    ; r15 (@a) : Int
    ; r16 (result) : Int
