---
source: acvus-mir-test/tests/e2e.rs
expression: ir
---
=== literals ===
  T0 = ""
  T1 = "Hello, "
  T2 = "!"

=== main ===
     2 |   r0 = T0 + T1
     3 |   r1 = take @name
     4 |   r2 = r0 + r1
     6 |   r3 = r2 + T2
     7 |   return r3

    ; r0 (v3) : String
    ; r1 (@name) : String
    ; r2 (v5) : String
    ; r3 (v7) : String
    ; r4 (v1) : String
    ; r5 (v6) : String
    ; r6 (v2) : String
