---
source: acvus-mir-test/tests/e2e.rs
expression: ir
---
=== literals ===
  T0 = "equal"
  T1 = "not equal"

=== main ===
     0 |   r0 = undef
     1 |   r1 = undef
     2 |   r2 = fetch @a
     3 |   r3 = fetch @b
     4 |   r4 = r2 == r3
     5 | L2:
     6 |   r5 = test r4 == true
     7 |   jump_if r5 then L3 else L1
     8 | L3:
    10 |   r6 = string_concat [T0]
    11 |   jump L0(r6)
    12 | L1:
    14 |   r7 = string_concat [T1]
    15 |   jump L0(r7)
    16 | L0(r8: String):  ; merge_of L2
    17 |   r9 = string_concat [r8]
    18 |   commit @a = r2
    19 |   commit @b = r3
    20 |   return r9

    ; r0 (v17) : i64
    ; r1 (v18) : i64
    ; r2 (@a) : i64
    ; r3 (@b) : i64
    ; r4 (v7) : Bool
    ; r5 (v8) : Bool
    ; r6 (v10) : String
    ; r7 (v12) : String
    ; r8 (v13) : String
    ; r9 (v14) : String
    ; r10 (@b) : i64
    ; r11 (v11) : String
    ; r12 (@b) : i64
    ; r13 (v9) : String
    ; r14 (v20) : i64
    ; r15 (@a) : i64
    ; r16 (v15) : i64
    ; r17 (@a) : i64
    ; r18 (v16) : i64
    ; r19 (v19) : i64
