---
source: acvus-mir-test/tests/e2e.rs
expression: ir
---
=== literals ===
  T0 = ""

=== main ===
     0 |   r0 = undef
     2 |   r1 = ref @vals
     3 |   r2 = load r1
     4 |   r3 = call #0(r2)
     5 |   r4 = call #1(r3)
     6 |   r5 = closure L0 []
     7 |   r6 = call #2(r4, r5)
     8 |   r7 = call #3(r6)
    10 |   r8 = T0 + T0
    11 |   r9 = call #4(r7)
    12 |   r10 = call #5(r9)
    13 |   r11 = r8 + r10
    14 |   return r11

    ; r0 (v18) : List<Float>
    ; r1 (@vals) : Ref<Array<Float, 3>>
    ; r2 (v3) : Array<Float, 3>
    ; r3 (v4) : List<Float>
    ; r4 (iter(...)) : Iterator<Float, Opaque, #IdentityId(0)>
    ; r5 (v6) : Fn(Float) -> Float with Opaque
    ; r6 (map(...)) : Iterator<Float, Opaque, #IdentityId(0)>
    ; r7 (collect(...)) : List<Float>
    ; r8 (v12) : String
    ; r9 (len(...)) : Int
    ; r10 (to_string(...)) : String
    ; r11 (v17) : String
    ; r12 (v11) : String
    ; r13 (x) : List<Float>
    ; r14 (v1) : String
    ; r15 (v10) : Ref<List<Float>>
    ; r16 (v13) : Ref<List<Float>>

=== closure L0 (ValueId(0)) ===
     0 |   r0 = undef
     2 |   r1 = r2 * 2.0 (r3)
     3 |   return r1

    ; r0 (v8) : Float
    ; r1 (v7) : Float
    ; r2 (v1) : Float
    ; r3 (v6) : Float
    ; r4 (v3) : Ref<Float>
    ; r5 (v) : Float
    ; r6 (v4) : Ref<Float>
