---
source: acvus-mir-test/tests/e2e.rs
assertion_line: 2816
expression: ir
---
=== main ===
     1 |   jump_if false (r0) then L0 else L2
     2 | L0:
     4 |   jump L1(1 (r1))
     5 | L2:
     7 |   jump_if true (r2) then L3 else L5
     8 | L3:
    10 |   jump L4(2 (r3))
    11 | L5:
    13 |   jump L4(3 (r4))
    14 | L4(r5: Int):
    15 |   jump L1(r5)
    16 | L1(r6: Int):
    17 |   assign x = r6
    18 |   r7 = take x
    19 |   return r7

    ; r0 (v1) : Bool
    ; r1 (v2) : Int
    ; r2 (v3) : Bool
    ; r3 (v4) : Int
    ; r4 (v5) : Int
    ; r5 (v6) : Int
    ; r6 (v7) : Int
    ; r7 (x) : Int
    ; r8 (x) : Int
