---
source: acvus-mir-test/tests/e2e.rs
assertion_line: 822
expression: ir
---
=== literals ===
  T0 = ""

=== main ===
     0 |   r0 = undef
     1 |   r1 = undef
     2 |   r2 = undef
     3 |   r3 = fetch @data
     4 |   assign @data = r3
     5 |   r4 = ref &@data
     6 | L2:
     8 |   r5 = ref &(*r4)[0]
     9 |   r6 = ref &(*r4)[1]
    11 |   r7 = ref &(*r5)[0]
    12 |   r8 = ref &(*r5)[1]
    14 |   r9 = true (r10) && true (r11)
    16 |   r12 = r9 && true (r13)
    17 |   r14 = true (r15) && r12
    19 |   r16 = r14 && true (r17)
    20 |   jump_if r16 then L3 else L1
    21 | L3:
    22 |   r18 = ref &(*r4)[0]
    23 |   r19 = ref &(*r4)[1]
    24 |   r20 = ref &(*r18)[0]
    25 |   r21 = ref &(*r18)[1]
    26 |   r22 = string_concat [r19]
    27 |   jump L0(r22, r20, r21, r19)
    28 | L1:
    30 |   jump L0(T0, r0, r1, r2)
    31 | L0(r23: String, r24: &Int, r25: &Int, r26: &String):  ; merge_of L2
    32 |   r27 = string_concat [r23]
    33 |   r28 = take @data
    34 |   commit @data = r28
    35 |   return r27

    ; r0 (v30) : &Int
    ; r1 (v31) : &Int
    ; r2 (v32) : &String
    ; r3 (@data) : ((Int, Int), String)
    ; r4 (@data.) : &((Int, Int), String)
    ; r5 ((*r3).[0]) : &(Int, Int)
    ; r6 ((*r3).[1]) : &String
    ; r7 ((*r5).[0]) : &Int
    ; r8 ((*r5).[1]) : &Int
    ; r9 (v11) : Bool
    ; r10 (v7) : Bool
    ; r11 (v10) : Bool
    ; r12 (v13) : Bool
    ; r13 (v12) : Bool
    ; r14 (v14) : Bool
    ; r15 (v4) : Bool
    ; r16 (v16) : Bool
    ; r17 (v15) : Bool
    ; r18 ((*r3).[0]) : &(Int, Int)
    ; r19 (label) : &String
    ; r20 (a) : &Int
    ; r21 (b) : &Int
    ; r22 (v25) : String
    ; r23 (v27) : String
    ; r24 (v33) : &Int
    ; r25 (v34) : &Int
    ; r26 (v35) : &String
    ; r27 (v28) : String
    ; r28 (v29) : ((Int, Int), String)
    ; r29 (b) : &Int
    ; r30 (@data) : ((Int, Int), String)
    ; r31 (a) : &Int
    ; r32 (label) : &String
    ; r33 (label) : &String
    ; r34 (v26) : String
