---
source: acvus-mir-test/tests/e2e.rs
expression: ir
---
=== literals ===
  T0 = "empty"

=== main ===
     0 |   r0 = undef
     1 |   r1 = fetch @items
     2 |   assign @items = r1
     3 | L2:
     6 |   r2 = true (r3) && true (r4)
     8 |   r5 = r2 && true (r6)
     9 |   jump_if r5 then L3 else L1
    10 | L3:
    11 |   r7 = take @items[0]
    12 |   assign a = r7
    13 |   r8 = take @items[1]
    14 |   assign b = r8
    15 |   r9 = ref &a
    16 |   r10 = call #0(r9)
    17 |   r11 = string_concat [r10]
    18 |   jump L0(r11, r8)
    19 | L1:
    21 |   r12 = string_concat [T0]
    22 |   jump L0(r12, r0)
    23 | L0(r13: String, r14: Int):  ; merge_of L2
    24 |   r15 = string_concat [r13]
    25 |   r16 = take @items
    26 |   commit @items = r16
    27 |   return r15

    ; r0 (v20) : Int
    ; r1 (@items) : Array<Int, 3>
    ; r2 (v5) : Bool
    ; r3 (v3) : Bool
    ; r4 (v4) : Bool
    ; r5 (v7) : Bool
    ; r6 (v6) : Bool
    ; r7 (a) : Int
    ; r8 (b) : Int
    ; r9 (a.) : &Int
    ; r10 (to_string(...)) : String
    ; r11 (v14) : String
    ; r12 (v16) : String
    ; r13 (v17) : String
    ; r14 (v21) : Int
    ; r15 (v18) : String
    ; r16 (v19) : Array<Int, 3>
    ; r17 (b) : Int
    ; r18 (a) : Int
    ; r19 (@items) : Array<Int, 3>
    ; r20 (v15) : String
