---
source: acvus-mir-test/tests/e2e.rs
expression: ir
---
=== literals ===
  T0 = ""

=== main ===
     3 |   r0 = list [1 (r1), 2 (r2), 3 (r3)]
     4 |   assign x = r0
     6 |   r4 = ref &x
     7 |   r5 = call #0(r4)
     8 |   assign out = r5
    10 |   r6 = ref &out
    11 |   r7 = call #1(r6)
    12 |   r8 = string_concat [T0, T0, r7]
    13 |   return r8

    ; r0 (v4) : Array<Int, 3>
    ; r1 (v1) : Int
    ; r2 (v2) : Int
    ; r3 (v3) : Int
    ; r4 (x.) : &Array<Int, 3>
    ; r5 (len(...)) : Int
    ; r6 (out.) : &Int
    ; r7 (to_string(...)) : String
    ; r8 (v13) : String
    ; r9 (v10) : String
    ; r10 (v6) : String
    ; r11 (out) : Int
    ; r12 (x) : Array<Int, 3>
