---
source: acvus-mir-test/tests/e2e.rs
expression: ir
---
=== literals ===
  T0 = ""

=== main ===
     1 │   r1 = context_project @items
     2 │   r2 = context_load r1
     3 │   r3 = poison
     4 │   r4 = closure L0 []
     5 │   r5 = poison
     6 │   r6 = closure L1 []
     7 │   r7 = poison
     8 │   r8 = poison
    10 │   r10 = T0 + T0
    11 │   r11 = poison
    12 │   r12 = poison
    13 │   r13 = r10 + r12
    14 │   return r13

    ; r0 (v0) : String
    ; r1 (@items) : List<Int>
    ; r2 (v2) : List<Int>
    ; r3 (iter(...)) : Iterator<Int>
    ; r4 (v4) : Fn!(Int) -> Int
    ; r5 (map(...)) : Iterator!<Int>
    ; r6 (v6) : Fn(Int) -> Bool
    ; r7 (filter(...)) : Iterator!<Int>
    ; r8 (collect(...)) : List<Int>
    ; r9 (v9) : String
    ; r10 (v10) : String
    ; r11 (len(...)) : Int
    ; r12 (to_string(...)) : String
    ; r13 (v13) : String

=== closure L0 (ValueId(0)) ===
     0 │   r1 = context_project @offset
     1 │   r2 = context_load r1
     2 │   r3 = r0 + r2
     3 │   return r3

    ; r0 (v0) : Int
    ; r1 (@offset) : Int
    ; r2 (v2) : Int
    ; r3 (v3) : Int

=== closure L1 (ValueId(0)) ===
     1 │   r2 = r0 > 0 (r1)
     2 │   return r2

    ; r0 (v0) : Int
    ; r1 (v1) : Int
    ; r2 (v2) : Bool
