---
source: acvus-mir-test/tests/e2e.rs
expression: ir
---
=== main ===
     0 │   r0 = const 1
     1 │   r2 = async_call get_user(r0)
     2 │   r1 = await r2
     3 │   r3 = r1.name
     4 │   emit r3

    ; r0 (v0) : Int
    ; r1 (get_user(...)) : {age: Int, name: String}
    ; r2 (v2) : Unit
    ; r3 (name) : String
