---
source: acvus-mir-test/tests/e2e.rs
expression: ir
---
=== literals ===
  T0 = ""
  T1 = ","

=== main ===
     0 │   r0 = undef
     2 │   r1 = ref @users
     3 │   r2 = load r1
     4 │   r3 = call #0(r2)
     5 │   r4 = closure L0 []
     6 │   r5 = call #1(r3, r4)
     7 │   r6 = closure L1 []
     8 │   r7 = call #2(r5, r6)
    10 │   r8 = T0 + T0
    12 │   r9 = call #3(r7, T1)
    13 │   r10 = r8 + r9
    14 │   return r10

    ; r0 (v18) : Iterator<String, Resolved(EffectSet { reads: {}, writes: {} })>
    ; r1 (@users) : Ref<List<{age: Int, name: String}>>
    ; r2 (v3) : List<{age: Int, name: String}>
    ; r3 (iter(...)) : Iterator<{age: Int, name: String}, Resolved(EffectSet { reads: {}, writes: {} })>
    ; r4 (v5) : Fn({age: Int, name: String}) -> Bool
    ; r5 (filter(...)) : Iterator<{age: Int, name: String}, Resolved(EffectSet { reads: {}, writes: {} })>
    ; r6 (v7) : Fn({age: Int, name: String}) -> String
    ; r7 (map(...)) : Iterator<String, Resolved(EffectSet { reads: {}, writes: {} })>
    ; r8 (v12) : String
    ; r9 (join(...)) : String
    ; r10 (v17) : String
    ; r11 (v11) : String
    ; r12 (x) : Iterator<String, Resolved(EffectSet { reads: {}, writes: {} })>
    ; r13 (v1) : String
    ; r14 (v15) : String
    ; r15 (v10) : Ref<Iterator<String, Resolved(EffectSet { reads: {}, writes: {} })>>
    ; r16 (v13) : Ref<Iterator<String, Resolved(EffectSet { reads: {}, writes: {} })>>

=== closure L0 (ValueId(0)) ===
     0 │   r0 = undef
     1 │   r1 = r2.age
     3 │   r3 = r1 > 18 (r4)
     4 │   return r3

    ; r0 (v10) : {age: Int, name: String}
    ; r1 (v5) : Int
    ; r2 (v1) : {age: Int, name: String}
    ; r3 (v7) : Bool
    ; r4 (v6) : Int
    ; r5 (v3) : Ref<{age: Int, name: String}>
    ; r6 (v9) : {age: Int, name: String}
    ; r7 (v8) : Ref<{age: Int, name: String}>
    ; r8 (u.age) : Ref<Int>

=== closure L1 (ValueId(0)) ===
     0 │   r0 = undef
     1 │   r1 = r2.name
     2 │   return r1

    ; r0 (v8) : {age: Int, name: String}
    ; r1 (v5) : String
    ; r2 (v1) : {age: Int, name: String}
    ; r3 (v3) : Ref<{age: Int, name: String}>
    ; r4 (v7) : {age: Int, name: String}
    ; r5 (v6) : Ref<{age: Int, name: String}>
    ; r6 (u.name) : Ref<String>
