---
source: acvus-mir-test/tests/e2e.rs
expression: ir
---
=== main ===
     0 |   r0 = undef
     1 |   r1 = fetch @a
     2 |   r2 = fetch @b
     3 |   assign @b = r2
     4 |   r3 = take @b.x
     5 |   commit @a = r3
     6 |   r4 = take @b
     7 |   commit @b = r4
     8 |   return r3

    ; r0 (v9) : i64
    ; r1 (@a) : i64
    ; r2 (@b) : {x: i64}
    ; r3 (@b.x) : i64
    ; r4 (v8) : {x: i64}
    ; r5 (@b) : {x: i64}
    ; r6 (v7) : i64
    ; r7 (@a) : i64
    ; r8 (@a) : i64
