---
source: acvus-mir-test/tests/e2e.rs
expression: ir
---
=== literals ===
  T0 = ""
  T1 = ","

=== main ===
     1 │   r0 = ref @users
     2 │   r1 = load r0
     3 │   r2 = call #0(r1)
     4 │   r3 = closure L0 []
     5 │   r4 = call #1(r2, r3)
     6 │   r5 = call #2(r4)
     7 │   r6 = call #0(r5)
     9 │   r7 = call #3(r6, T1)
    10 │   r8 = T0 + r7
    11 │   return r8

    ; r0 (@users) : Ref<List<{name: String}>>
    ; r1 (v3) : List<{name: String}>
    ; r2 (iter(...)) : Iterator<{name: String}, Resolved(EffectSet { reads: {}, writes: {} })>
    ; r3 (v5) : Fn({name: String}) -> String
    ; r4 (map(...)) : Iterator<String, Resolved(EffectSet { reads: {}, writes: {} })>
    ; r5 (collect(...)) : List<String>
    ; r6 (v8) : Iterator<String, Resolved(EffectSet { reads: {}, writes: {} })>
    ; r7 (join(...)) : String
    ; r8 (v11) : String
    ; r9 (v9) : String
    ; r10 (v1) : String

=== closure L0 (ValueId(0)) ===
     0 │   r0 = undef
     1 │   r1 = r2.name
     2 │   return r1

    ; r0 (v8) : {name: String}
    ; r1 (v5) : String
    ; r2 (v1) : {name: String}
    ; r3 (v3) : Ref<{name: String}>
    ; r4 (v7) : {name: String}
    ; r5 (v6) : Ref<{name: String}>
    ; r6 (u.name) : Ref<String>
