---
source: acvus-mir-test/tests/e2e.rs
expression: ir
---
=== main ===
     0 |   r0 = fetch @user
     1 |   assign @user = r0
     2 |   r1 = take @user.name
     3 |   r2 = string_concat [r1]
     4 |   r3 = take @user
     5 |   commit @user = r3
     6 |   return r2

    ; r0 (@user) : {age: i64, email: String, name: String}
    ; r1 (@user.name) : String
    ; r2 (v4) : String
    ; r3 (v5) : {age: i64, email: String, name: String}
    ; r4 (@user) : {age: i64, email: String, name: String}
