---
source: acvus-mir-test/tests/e2e.rs
expression: ir
---
=== literals ===
  T0 = "zero-one"
  T1 = "one-any"
  T2 = "other"

=== main ===
     0 |   r0 = undef
     1 |   r1 = undef
     2 |   r2 = fetch @a
     3 |   r3 = fetch @b
     4 |   r4 = tuple (r2, r3)
     5 | L2:
     7 |   r5 = r4.0
     8 |   r6 = test r5 == 0
     9 |   r7 = true (r8) && r6
    10 |   r9 = r4.1
    11 |   r10 = test r9 == 1
    12 |   r11 = r7 && r10
    13 |   jump_if r11 then L4 else L3
    14 | L4:
    15 |   r12 = r4.0
    16 |   r13 = r4.1
    18 |   r14 = string_concat [T0]
    19 |   jump L0(r14)
    20 | L3:
    22 |   r15 = r4.0
    23 |   r16 = test r15 == 1
    24 |   r17 = true (r18) && r16
    25 |   jump_if r17 then L5 else L1
    26 | L5:
    27 |   r19 = r4.0
    29 |   r20 = string_concat [T1]
    30 |   jump L0(r20)
    31 | L1:
    33 |   r21 = string_concat [T2]
    34 |   jump L0(r21)
    35 | L0(r22: String):  ; merge_of L2
    36 |   r23 = string_concat [r22]
    37 |   commit @a = r2
    38 |   commit @b = r3
    39 |   return r23

    ; r0 (v32) : i64
    ; r1 (v33) : i64
    ; r2 (@a) : i64
    ; r3 (@b) : i64
    ; r4 (v7) : (i64, i64)
    ; r5 (v9) : i64
    ; r6 (v10) : Bool
    ; r7 (v11) : Bool
    ; r8 (v8) : Bool
    ; r9 (v12) : i64
    ; r10 (v13) : Bool
    ; r11 (v14) : Bool
    ; r12 (v15) : i64
    ; r13 (v16) : i64
    ; r14 (v18) : String
    ; r15 (v20) : i64
    ; r16 (v21) : Bool
    ; r17 (v22) : Bool
    ; r18 (v19) : Bool
    ; r19 (v23) : i64
    ; r20 (v25) : String
    ; r21 (v27) : String
    ; r22 (v28) : String
    ; r23 (v29) : String
    ; r24 (@b) : i64
    ; r25 (@b) : i64
    ; r26 (v31) : i64
    ; r27 (v30) : i64
    ; r28 (v17) : String
    ; r29 (@a) : i64
    ; r30 (v34) : i64
    ; r31 (v24) : String
    ; r32 (@a) : i64
    ; r33 (v26) : String
    ; r34 (v35) : i64
