---
source: acvus-mir-test/tests/e2e.rs
expression: ir
---
=== main ===
     1 |   r0 = variant Some(42 (r1))
     2 |   r2 = test r0 is Some
     3 |   if r2 -> L0 else L2 join L1
     4 | L0:
     5 |   r3 = unwrap r0
     6 |   assign v = r3
     7 |   r4 = take v
     8 |   jump L1(r4)
     9 | L2:
    11 |   jump L1(0 (r5))
    12 | L1(r6: i64):
    13 |   assign x = r6
    14 |   r7 = take x
    15 |   return r7

    ; r0 (v2) : Option<i64>
    ; r1 (v1) : i64
    ; r2 (v3) : Bool
    ; r3 (v) : i64
    ; r4 (v) : i64
    ; r5 (v7) : i64
    ; r6 (v8) : i64
    ; r7 (x) : i64
    ; r8 (x) : i64
    ; r9 (v) : i64
