---
source: acvus-mir-test/tests/e2e.rs
expression: ir
---
=== main ===
     0 |   jump L0
     1 | L0:
     2 |   r0 = take @n
     4 |   r1 = r0 > 0 (r2)
     5 |   jump_if r1 then L1 else L2
     6 | L1:
     7 |   r3 = take @n
     9 |   r4 = r3 - 1 (r5)
    10 |   assign @n = r4
    11 |   jump L0
    12 | L2:

    ; r0 (@n) : Int
    ; r1 (v3) : Bool
    ; r2 (v2) : Int
    ; r3 (@n) : Int
    ; r4 (v6) : Int
    ; r5 (v5) : Int
