---
source: acvus-mir-test/tests/e2e.rs
expression: ir
---
=== literals ===
  T0 = ""

=== main ===
     0 |   r0 = undef
     1 |   r1 = undef
     2 |   r2 = fetch @pair
     3 | L2:
     5 |   r3 = r2.0
     7 |   r4 = true (r5) && true (r6)
     8 |   jump_if r4 then L3 else L1
     9 | L3:
    10 |   r7 = r2.0
    11 |   r8 = string_clone r7
    12 |   r9 = string_concat [r8]
    13 |   r10 = string_clone r9
    14 |   jump L0(r10, r7)
    15 | L1:
    17 |   r11 = string_clone T0
    18 |   jump L0(r11, r1)
    19 | L0(r12: String, r13: String):  ; merge_of L2
    20 |   r14 = string_concat [r12]
    21 |   commit @pair = r2
    22 |   return r14

    ; r0 (v16) : (String, Int)
    ; r1 (v17) : String
    ; r2 (@pair) : (String, Int)
    ; r3 (v5) : String
    ; r4 (v7) : Bool
    ; r5 (v4) : Bool
    ; r6 (v6) : Bool
    ; r7 (name) : String
    ; r8 (v20) : String
    ; r9 (v11) : String
    ; r10 (v21) : String
    ; r11 (v22) : String
    ; r12 (v13) : String
    ; r13 (v19) : String
    ; r14 (v14) : String
    ; r15 (@pair) : (String, Int)
    ; r16 (@pair) : (String, Int)
    ; r17 (v15) : (String, Int)
    ; r18 (name) : String
    ; r19 (v18) : (String, Int)
    ; r20 (v12) : String
