---
source: acvus-mir-test/tests/e2e.rs
expression: ir
---
=== literals ===
  T0 = ""
  T1 = "admin page"
  T2 = "guest page"

=== main ===
     1 │   r1 = context_project @role
     2 │   r2 = context_load r1
     3 │ L2:
     4 │   r3 = test r2 == "admin"
     5 │   jump_if r3 then L3 else L1
     6 │ L3:
     9 │   r6 = T0 + T1
    10 │   jump L0(r6)
    11 │ L1:
    14 │   r9 = T0 + T2
    15 │   jump L0(r9)
    16 │ L0(r10: String):  ; merge_of L2
    17 │   r11 = T0 + r10
    18 │   return r11

    ; r0 (v0) : String
    ; r1 (@role) : String
    ; r2 (v2) : String
    ; r3 (v3) : Bool
    ; r4 (v4) : String
    ; r5 (v5) : String
    ; r6 (v6) : String
    ; r7 (v7) : String
    ; r8 (v8) : String
    ; r9 (v9) : String
    ; r10 (v10) : String
    ; r11 (v11) : String
