---
source: acvus-mir-test/tests/e2e.rs
expression: ir
---
=== literals ===
  T0 = ""

=== main ===
     0 |   r0 = undef
     1 |   r1 = undef
     3 |   r2 = take @pair
     4 | L2:
     6 |   r3 = r2.0
     8 |   r4 = true (r5) && true (r6)
     9 |   r7 = r2.1
    11 |   r8 = r4 && true (r9)
    12 |   jump_if r8 then L3 else L1
    13 | L3:
    14 |   r10 = r2.0
    15 |   r11 = r2.1
    17 |   r12 = T0 + r10
    18 |   jump L0(r12, r10, r11)
    19 | L1:
    21 |   jump L0(T0, r0, r1)
    22 | L0(r13: String, r14: String, r15: Int):  ; merge_of L2
    23 |   r16 = T0 + r13
    24 |   return r16

    ; r0 (v20) : String
    ; r1 (v21) : Int
    ; r2 (@pair) : (String, Int)
    ; r3 (v4) : String
    ; r4 (v6) : Bool
    ; r5 (v3) : Bool
    ; r6 (v5) : Bool
    ; r7 (v7) : Int
    ; r8 (v9) : Bool
    ; r9 (v8) : Bool
    ; r10 (name) : String
    ; r11 (age) : Int
    ; r12 (v16) : String
    ; r13 (v18) : String
    ; r14 (v22) : String
    ; r15 (v23) : Int
    ; r16 (v19) : String
    ; r17 (v14) : String
    ; r18 (v17) : String
    ; r19 (v1) : String
    ; r20 (name) : String
