---
source: acvus-mir-test/tests/e2e.rs
expression: ir
---
=== literals ===
  T0 = "equal"
  T1 = "not equal"

=== main ===
     0 |   r0 = undef
     1 |   r1 = undef
     2 |   r2 = undef
     3 |   r3 = fetch @a
     4 |   r4 = fetch @b
     5 |   r5 = r3 == r4
     6 | L2:
     7 |   r6 = test r5 == true
     8 |   jump_if r6 then L3 else L1
     9 | L3:
    11 |   r7 = string_concat [T0]
    12 |   jump L0(r7)
    13 | L1:
    15 |   r8 = string_concat [T1]
    16 |   jump L0(r8)
    17 | L0(r9: String):  ; merge_of L2
    18 |   r10 = string_concat [r9]
    19 |   commit @a = r3
    20 |   commit @b = r4
    21 |   return r10

    ; r0 (v19) : i64
    ; r1 (v20) : i64
    ; r2 (v21) : Bool
    ; r3 (@a) : i64
    ; r4 (@b) : i64
    ; r5 (v7) : Bool
    ; r6 (v10) : Bool
    ; r7 (v12) : String
    ; r8 (v14) : String
    ; r9 (v15) : String
    ; r10 (v16) : String
    ; r11 (v22) : i64
    ; r12 (v11) : String
    ; r13 (@b) : i64
    ; r14 (v17) : i64
    ; r15 (@b) : i64
    ; r16 (v9) : Bool
    ; r17 (v18) : i64
    ; r18 (v24) : Bool
    ; r19 (v13) : String
    ; r20 (@a) : i64
    ; r21 (v23) : i64
    ; r22 (@a) : i64
    ; r23 ($source) : Bool
