---
source: acvus-mir-test/tests/e2e.rs
expression: ir
---
=== literals ===
  T0 = ""

=== main ===
     0 |   r0 = undef
     2 |   r1 = ref @users
     3 |   r2 = load r1
     4 |   r3 = call #0(r2)
     5 |   r4 = call #1(r3)
     6 |   r5 = closure L0 []
     7 |   r6 = call #2(r4, r5)
     8 |   r7 = call #3(r6)
    10 |   r8 = T0 + T0
    11 |   r9 = call #4(r7)
    12 |   r10 = call #5(r9)
    13 |   r11 = r8 + r10
    14 |   return r11

    ; r0 (v18) : List<{active: Bool, name: String}>
    ; r1 (@users) : Ref<Array<{active: Bool, name: String}, 3>>
    ; r2 (v3) : Array<{active: Bool, name: String}, 3>
    ; r3 (v4) : List<{active: Bool, name: String}>
    ; r4 (iter(...)) : Iterator<{active: Bool, name: String}, Pure, #IdentityId(0)>
    ; r5 (v6) : Fn({active: Bool, name: String}) -> Bool with reads {@users}
    ; r6 (filter(...)) : Iterator<{active: Bool, name: String}, Pure, #IdentityId(0)>
    ; r7 (collect(...)) : List<{active: Bool, name: String}>
    ; r8 (v12) : String
    ; r9 (len(...)) : Int
    ; r10 (to_string(...)) : String
    ; r11 (v17) : String
    ; r12 (v11) : String
    ; r13 (x) : List<{active: Bool, name: String}>
    ; r14 (v1) : String
    ; r15 (v10) : Ref<List<{active: Bool, name: String}>>
    ; r16 (v13) : Ref<List<{active: Bool, name: String}>>

=== closure L0 (ValueId(0)) ===
     0 |   r0 = undef
     1 |   r1 = r2.active
     2 |   return r1

    ; r0 (v8) : {active: Bool, name: String}
    ; r1 (v5) : Bool
    ; r2 (v1) : {active: Bool, name: String}
    ; r3 (v3) : Ref<{active: Bool, name: String}>
    ; r4 (v7) : {active: Bool, name: String}
    ; r5 (v6) : Ref<{active: Bool, name: String}>
    ; r6 (u.active) : Ref<Bool>
