---
source: acvus-mir-test/tests/e2e.rs
expression: ir
---
=== main ===
     0 |   r0 = fetch @count
     1 |   assign @count = r0
     2 |   r1 = ref &@count
     3 |   r2 = call #0(r1)
     4 |   r3 = string_concat [r2]
     5 |   r4 = take @count
     6 |   commit @count = r4
     7 |   return r3

    ; r0 (@count) : i64
    ; r1 (@count.) : &i64
    ; r2 (to_string(...)) : String
    ; r3 (v5) : String
    ; r4 (v6) : i64
    ; r5 (@count) : i64
