---
source: acvus-mir-test/tests/e2e.rs
expression: ir
---
=== literals ===
  T0 = ""

=== main ===
     0 |   r0 = undef
     1 |   r1 = undef
     2 |   r2 = undef
     3 |   r3 = fetch @a
     4 |   r4 = fetch @b
     6 |   r5 = r3 + r4
     8 |   r6 = T0 + T0
     9 |   r7 = call #0(r5)
    10 |   r8 = r6 + r7
    11 |   commit @a = r3
    12 |   commit @b = r4
    13 |   return r8

    ; r0 (v17) : Int
    ; r1 (v18) : Int
    ; r2 (v19) : Int
    ; r3 (@a) : Int
    ; r4 (@b) : Int
    ; r5 (v8) : Int
    ; r6 (v11) : String
    ; r7 (to_string(...)) : String
    ; r8 (v14) : String
    ; r9 (@b) : Int
    ; r10 (@a) : Int
    ; r11 (@a) : Int
    ; r12 (result) : Int
    ; r13 (v15) : Int
    ; r14 (@b) : Int
    ; r15 (v10) : String
    ; r16 (v5) : String
    ; r17 (v16) : Int
