---
source: acvus-mir-test/tests/e2e.rs
assertion_line: 1260
expression: ir
---
=== literals ===
  T0 = ""

=== main ===
     0 │   r0 = undef
     1 │   r1 = undef
     2 │   r2 = context_project @items
     3 │   r3 = context_load r2
     7 │   r4 = T0 + T0
     8 │   r5 = call #0(r3)
     9 │   r6 = closure L0 [10 (r7)]
    10 │   r8 = call #1(r5, r6)
    11 │   r9 = call #2(r8)
    13 │   r10 = r4 + T0
    14 │   r11 = call #3(r9)
    15 │   r12 = call #4(r11)
    16 │   r13 = r10 + r12
    17 │   return r13

    ; r0 (v19) : List<Int>
    ; r1 (v20) : Int
    ; r2 (@items) : List<Int>
    ; r3 (v1) : List<Int>
    ; r4 (v5) : String
    ; r5 (iter(...)) : Iterator<Int, Resolved(EffectSet { reads: {}, writes: {}, io: false, self_modifying: false })>
    ; r6 (v10) : Fn(Int) -> Bool
    ; r7 (v3) : Int
    ; r8 (filter(...)) : Iterator<Int, Resolved(EffectSet { reads: {}, writes: {}, io: false, self_modifying: false })>
    ; r9 (collect(...)) : List<Int>
    ; r10 (v14) : String
    ; r11 (len(...)) : Int
    ; r12 (to_string(...)) : String
    ; r13 (v18) : String
    ; r14 (@items) : List<Int>
    ; r15 (offset) : Int
    ; r16 (x) : List<Int>
    ; r17 (v4) : String
    ; r18 (v7) : List<Int>
    ; r19 (v2) : String
    ; r20 (v13) : String

=== closure L0 (ValueId(1)) [captures: [ValueId(0)]] ===
     0 │   r0 = undef
     1 │   r1 = undef
     2 │   r2 = r3 > r4
     3 │   return r2

    ; r0 (v5) : Int
    ; r1 (v6) : Int
    ; r2 (v4) : Bool
    ; r3 (v1) : Int
    ; r4 (v0) : Int
    ; r5 (offset) : Int
    ; r6 (i) : Int
