---
source: acvus-mir-test/tests/e2e.rs
expression: ir
---
=== literals ===
  T0 = " is here"
  T1 = "no user"

=== main ===
     0 |   r0 = undef
     1 |   r1 = undef
     2 |   r2 = fetch @user
     3 | L2:
     5 |   r3 = test has_key(r2, "name")
     6 |   r4 = r2.name
     8 |   r5 = true (r6) && true (r7)
     9 |   jump_if r5 then L3 else L1
    10 | L3:
    11 |   r8 = r2.name
    13 |   r9 = string_concat [r8, T0]
    14 |   jump L0(r9, r8)
    15 | L1:
    17 |   r10 = string_concat [T1]
    18 |   jump L0(r10, r1)
    19 | L0(r11: String, r12: String):  ; merge_of L2
    20 |   r13 = string_concat [r11]
    21 |   commit @user = r2
    22 |   return r13

    ; r0 (v19) : {age: Int, email: String, name: String}
    ; r1 (v20) : String
    ; r2 (@user) : {age: Int, email: String, name: String}
    ; r3 (v5) : Bool
    ; r4 (v6) : String
    ; r5 (v8) : Bool
    ; r6 (v4) : Bool
    ; r7 (v7) : Bool
    ; r8 (name) : String
    ; r9 (v13) : String
    ; r10 (v15) : String
    ; r11 (v16) : String
    ; r12 (v22) : String
    ; r13 (v17) : String
    ; r14 (name) : String
    ; r15 (@user) : {age: Int, email: String, name: String}
    ; r16 (v14) : String
    ; r17 (v18) : {age: Int, email: String, name: String}
    ; r18 (v21) : {age: Int, email: String, name: String}
    ; r19 (@user) : {age: Int, email: String, name: String}
    ; r20 (v12) : String
