---
source: acvus-mir-test/tests/e2e.rs
expression: ir
---
=== literals ===
  T0 = ""

=== main ===
     1 │   r1 = context_project @n
     2 │   r2 = context_load r1
     3 │   r3 = poison
     4 │   r4 = T0 + r3
     5 │   return r4

    ; r0 (v0) : String
    ; r1 (@n) : Int
    ; r2 (v2) : Int
    ; r3 (to_string(...)) : String
    ; r4 (v4) : String
