---
source: acvus-mir-test/tests/e2e.rs
expression: ir
---
=== literals ===
  T0 = ""

=== main ===
     4 │   r4 = list [1 (r1), 2 (r2), 3 (r3)]
     6 │   r6 = T0 + T0
     7 │   r7 = cast DequeToList r4
     8 │   r8 = poison
     9 │   r9 = poison
    10 │   r10 = r6 + r9
    11 │   return r10

    ; r0 (v0) : String
    ; r1 (v1) : Int
    ; r2 (v2) : Int
    ; r3 (v3) : Int
    ; r4 (v4) : Deque<Int, Origin(0)>
    ; r5 (v5) : String
    ; r6 (v6) : String
    ; r7 (v7) : List<Int>
    ; r8 (len(...)) : Int
    ; r9 (to_string(...)) : String
    ; r10 (v10) : String
