---
source: acvus-mir-test/tests/e2e.rs
expression: ir
---
=== literals ===
  T0 = ""

=== main ===
     0 |   r0 = undef
     1 |   r1 = undef
     2 |   r2 = undef
     4 |   r3 = take @data
     5 | L2:
     7 |   r4 = r3.0
     9 |   r5 = r4.0
    11 |   r6 = true (r7) && true (r8)
    12 |   r9 = r4.1
    14 |   r10 = r6 && true (r11)
    15 |   r12 = true (r13) && r10
    16 |   r14 = r3.1
    18 |   r15 = r12 && true (r16)
    19 |   jump_if r15 then L3 else L1
    20 | L3:
    21 |   r17 = r3.0
    22 |   r18 = r17.0
    23 |   r19 = r17.1
    24 |   r20 = r3.1
    26 |   r21 = T0 + r20
    27 |   jump L0(r21, r18, r19, r20)
    28 | L1:
    30 |   jump L0(T0, r0, r1, r2)
    31 | L0(r22: String, r23: Int, r24: Int, r25: String):  ; merge_of L2
    32 |   r26 = T0 + r22
    33 |   return r26

    ; r0 (v29) : Int
    ; r1 (v30) : Int
    ; r2 (v31) : String
    ; r3 (@data) : ((Int, Int), String)
    ; r4 (v4) : (Int, Int)
    ; r5 (v6) : Int
    ; r6 (v8) : Bool
    ; r7 (v5) : Bool
    ; r8 (v7) : Bool
    ; r9 (v9) : Int
    ; r10 (v11) : Bool
    ; r11 (v10) : Bool
    ; r12 (v12) : Bool
    ; r13 (v3) : Bool
    ; r14 (v13) : String
    ; r15 (v15) : Bool
    ; r16 (v14) : Bool
    ; r17 (v16) : (Int, Int)
    ; r18 (a) : Int
    ; r19 (b) : Int
    ; r20 (label) : String
    ; r21 (v25) : String
    ; r22 (v27) : String
    ; r23 (v32) : Int
    ; r24 (v33) : Int
    ; r25 (v34) : String
    ; r26 (v28) : String
    ; r27 (v1) : String
    ; r28 (v23) : String
    ; r29 (label) : String
    ; r30 (v26) : String
