---
source: acvus-mir-test/tests/e2e.rs
expression: ir
---
=== literals ===
  T0 = ""

=== main ===
     0 │   r0 = undef
     4 │   r1 = T0 + T0
     5 │   r2 = call #0(42 (r3))
     6 │   r4 = r1 + r2
     7 │   return r4

    ; r0 (v7) : Int
    ; r1 (v3) : String
    ; r2 (to_string(...)) : String
    ; r3 (v1) : Int
    ; r4 (v6) : String
    ; r5 (v0) : String
    ; r6 (v2) : String
    ; r7 (x) : Int
