---
source: acvus-mir-test/tests/e2e.rs
expression: ir
---
=== literals ===
  T0 = ""
  T1 = "nope"

=== main ===
     0 |   r0 = undef
     2 |   r1 = take @opt
     3 | L2:
     4 |   r2 = test r1 is Some
     5 |   jump_if r2 then L3 else L1
     6 | L3:
     7 |   r3 = unwrap r1
     9 |   r4 = call #0(r3)
    10 |   r5 = T0 + r4
    11 |   jump L0(r5, r3)
    12 | L1:
    15 |   r6 = T0 + T1
    16 |   jump L0(r6, r0)
    17 | L0(r7: String, r8: Int):  ; merge_of L2
    18 |   r9 = T0 + r7
    19 |   return r9

    ; r0 (v15) : Int
    ; r1 (@opt) : Option<Int>
    ; r2 (v3) : Bool
    ; r3 (v) : Int
    ; r4 (to_string(...)) : String
    ; r5 (v9) : String
    ; r6 (v12) : String
    ; r7 (v13) : String
    ; r8 (v16) : Int
    ; r9 (v14) : String
    ; r10 (v11) : String
    ; r11 (v6) : String
    ; r12 (v1) : String
    ; r13 (v) : Int
    ; r14 (v10) : String
