---
source: acvus-mir-test/tests/e2e.rs
assertion_line: 297
expression: ir
---
=== texts ===
  T0 = "zero-one"
  T1 = "one-any"
  T2 = "other"

=== main ===
     0 │   r0 = storage_load $a
     1 │   r1 = storage_load $b
     2 │   r2 = tuple (r0, r1)
     3 │   r3 = iter_init r2
     4 │ L0:
     5 │   r4, r5 = iter_next r3
     6 │   jump_if r5 then L2 else L3
     7 │ L3:
     8 │ L4:
     9 │   r6 = const true
    10 │   r7 = r4.0
    11 │   r8 = test r7 == 0
    12 │   r9 = r6 == r8
    13 │   r10 = r4.1
    14 │   r11 = test r10 == 1
    15 │   r12 = r9 == r11
    16 │   jump_if r12 then L7 else L5
    17 │ L7:
    18 │   r13 = r4.0
    19 │   r14 = r4.1
    20 │   emit_text T0
    21 │   jump L0
    22 │ L5:
    23 │   r15 = const true
    24 │   r16 = r4.0
    25 │   r17 = test r16 == 1
    26 │   r18 = r15 == r17
    27 │   jump_if r18 then L8 else L6
    28 │ L8:
    29 │   r19 = r4.0
    30 │   emit_text T1
    31 │   jump L0
    32 │ L6:
    33 │   jump L0
    34 │ L2:
    35 │   emit_text T2
    36 │ L1:

    ; r0 ($a) : Int
    ; r1 ($b) : Int
    ; r2 (v2) : (Int, Int)
    ; r3 (v3) : Unit
    ; r4 (v4) : Unit
    ; r5 (v5) : Bool
    ; r6 (v6) : Bool
    ; r7 (v7) : Unit
    ; r8 (v8) : Bool
    ; r9 (v9) : Bool
    ; r10 (v10) : Unit
    ; r11 (v11) : Bool
    ; r12 (v12) : Bool
    ; r13 (v13) : Unit
    ; r14 (v14) : Unit
    ; r15 (v15) : Bool
    ; r16 (v16) : Unit
    ; r17 (v17) : Bool
    ; r18 (v18) : Bool
    ; r19 (v19) : Unit
