---
source: acvus-mir-test/tests/e2e.rs
expression: ir
---
=== literals ===
  T0 = ","

=== main ===
     0 │   r0 = context_load @users
     1 │   r1 = call iter(r0)
     2 │   r2 = closure L0 []
     3 │   r3 = call filter(r1, r2)
     4 │   r4 = closure L1 []
     5 │   r5 = call map(r3, r4)
     7 │   r7 = call join(r5, T0)
     8 │   yield r7

    ; r0 (@users) : List<{age: Int, name: String}>
    ; r1 (iter(...)) : Iterator<{age: Int, name: String}>
    ; r2 (v2) : Fn({age: Int, name: String}) -> Bool
    ; r3 (filter(...)) : Iterator<{age: Int, name: String}>
    ; r4 (v4) : Fn({age: Int, name: String}) -> String
    ; r5 (map(...)) : Iterator<String>
    ; r6 (v6) : String
    ; r7 (join(...)) : String

=== closure L0 (u) ===
     0 │   r1 = r0.age
     2 │   r3 = r1 > 18 (r2)
     3 │   return r3

    ; r0 (v0) : {age: Int, name: String}
    ; r1 (age) : Int
    ; r2 (v2) : Int
    ; r3 (v3) : Bool

=== closure L1 (u) ===
     0 │   r1 = r0.name
     1 │   return r1

    ; r0 (v0) : {age: Int, name: String}
    ; r1 (name) : String
