---
source: acvus-mir-test/tests/e2e.rs
expression: ir
---
=== literals ===
  T0 = " is here"
  T1 = "no user"

=== main ===
     0 |   r0 = undef
     1 |   r1 = fetch @user
     2 |   assign @user = r1
     3 | L2:
     5 |   jump_if true (r2) then L3 else L4
     6 | L3:
     8 |   jump L5(true (r3))
     9 | L4:
    11 |   jump L5(false (r4))
    12 | L5(r5: Bool):
    13 |   jump_if r5 then L6 else L1
    14 | L6:
    15 |   r6 = take @user.name
    17 |   r7 = string_clone r6
    18 |   r8 = string_concat [r7, T0]
    19 |   jump L0(r8, r6)
    20 | L1:
    22 |   r9 = string_concat [T1]
    23 |   jump L0(r9, r0)
    24 | L0(r10: String, r11: String):
    25 |   r12 = string_concat [r10]
    26 |   r13 = take @user
    27 |   commit @user = r13
    28 |   return r12

    ; r0 (v17) : String
    ; r1 (@user) : {age: i64, email: String, name: String}
    ; r2 (v3) : Bool
    ; r3 (v5) : Bool
    ; r4 (v6) : Bool
    ; r5 (v4) : Bool
    ; r6 (name) : String
    ; r7 (v20) : String
    ; r8 (v11) : String
    ; r9 (v13) : String
    ; r10 (v14) : String
    ; r11 (v19) : String
    ; r12 (v15) : String
    ; r13 (v16) : {age: i64, email: String, name: String}
    ; r14 (name) : String
    ; r15 (@user) : {age: i64, email: String, name: String}
    ; r16 (v12) : String
    ; r17 (v18) : String
    ; r18 (v10) : String
    ; r19 (name) : String
