---
source: acvus-mir-test/tests/e2e.rs
expression: ir
---
=== literals ===
  T0 = "empty"

=== main ===
     0 |   r0 = undef
     1 |   r1 = undef
     2 |   r2 = undef
     3 |   r3 = fetch @items
     4 | L2:
     6 |   r4 = r3[0]
     8 |   r5 = true (r6) && true (r7)
     9 |   r8 = r3[1]
    11 |   r9 = r5 && true (r10)
    12 |   jump_if r9 then L3 else L1
    13 | L3:
    14 |   r11 = r3[0]
    15 |   r12 = r3[1]
    16 |   r13 = call #0(r11)
    17 |   r14 = string_concat [r13]
    18 |   r15 = string_clone r14
    19 |   jump L0(r15, r11, r12)
    20 | L1:
    22 |   r16 = string_concat [T0]
    23 |   r17 = string_clone r16
    24 |   jump L0(r17, r1, r2)
    25 | L0(r18: String, r19: Int, r20: Int):  ; merge_of L2
    26 |   r21 = string_concat [r18]
    27 |   commit @items = r3
    28 |   return r21

    ; r0 (v23) : Array<Int, 3>
    ; r1 (v24) : Int
    ; r2 (v25) : Int
    ; r3 (@items) : Array<Int, 3>
    ; r4 (v5) : Int
    ; r5 (v7) : Bool
    ; r6 (v4) : Bool
    ; r7 (v6) : Bool
    ; r8 (v8) : Int
    ; r9 (v10) : Bool
    ; r10 (v9) : Bool
    ; r11 (a) : Int
    ; r12 (b) : Int
    ; r13 (to_string(...)) : String
    ; r14 (v17) : String
    ; r15 (v29) : String
    ; r16 (v19) : String
    ; r17 (v30) : String
    ; r18 (v20) : String
    ; r19 (v27) : Int
    ; r20 (v28) : Int
    ; r21 (v21) : String
    ; r22 (v22) : Array<Int, 3>
    ; r23 (@items) : Array<Int, 3>
    ; r24 (v18) : String
    ; r25 (@items) : Array<Int, 3>
    ; r26 (a) : Int
    ; r27 (v26) : Array<Int, 3>
