---
source: acvus-mir-test/tests/e2e.rs
expression: ir
---
=== literals ===
  T0 = ""

=== main ===
     0 |   r0 = undef
     2 |   r1 = take @users
     3 |   r2 = call #0(r1)
     4 |   r3 = call #1(r2)
     5 |   r4 = closure L0 []
     6 |   r5 = call #2(r3, r4)
     7 |   r6 = call #3(r5)
     9 |   r7 = T0 + T0
    10 |   r8 = call #4(r6)
    11 |   r9 = call #5(r8)
    12 |   r10 = r7 + r9
    13 |   return r10

    ; r0 (v15) : List<(String, Int)>
    ; r1 (@users) : Array<{age: Int, name: String}, 3>
    ; r2 (v3) : List<{age: Int, name: String}>
    ; r3 (iter(...)) : Iterator<{age: Int, name: String}, Pure, #IdentityId(0)>
    ; r4 (v5) : Fn({age: Int, name: String}) -> (String, Int) with reads {@users}
    ; r5 (map(...)) : Iterator<(String, Int), Pure, #IdentityId(0)>
    ; r6 (collect(...)) : List<(String, Int)>
    ; r7 (v10) : String
    ; r8 (len(...)) : Int
    ; r9 (to_string(...)) : String
    ; r10 (v14) : String
    ; r11 (x) : List<(String, Int)>
    ; r12 (v9) : String
    ; r13 (v1) : String

=== closure L0 (ValueId(0)) ===
     0 |   assign u = r0
     1 |   r1 = take u.name
     2 |   r2 = take u.age
     3 |   r3 = tuple (r1, r2)
     4 |   return r3

    ; r0 (v1) : {age: Int, name: String}
    ; r1 (u.name) : String
    ; r2 (u.age) : Int
    ; r3 (v5) : (String, Int)
