---
source: acvus-mir-test/tests/e2e.rs
expression: ir
---
=== literals ===
  T0 = ""

=== main ===
     1 │   r1 = context_project @items
     2 │   r2 = context_load r1
     3 │   r3 = cast ListToIterator r2
     5 │   jump L0(r3, T0)
     6 │ L0(r5: Iterator<Int>, r6: String):
     7 │   iter_step r7, r8 = r5 else L1(r6)
     9 │   var_store $last = r7
    11 │   r11 = T0 + T0
    12 │   r12 = r6 + r11
    13 │   jump L0(r8, r12)
    14 │ L1(r13: String):
    15 │   jump L2(r13)
    16 │ L2(r14: String):
    17 │   r15 = T0 + r14
    18 │   r16 = var_load $last
    19 │   r17 = poison
    20 │   r18 = r15 + r17
    21 │   return r18

    ; r0 (v0) : String
    ; r1 (@items) : List<Int>
    ; r2 (v2) : List<Int>
    ; r3 (v3) : Iterator<Int>
    ; r4 (v4) : String
    ; r5 (v5) : Iterator<Int>
    ; r6 (v6) : String
    ; r7 (x) : Int
    ; r8 (v8) : Iterator<Int>
    ; r9 (v9) : String
    ; r10 (v10) : String
    ; r11 (v11) : String
    ; r12 (v12) : String
    ; r13 (v13) : String
    ; r14 (v14) : String
    ; r15 (v15) : String
    ; r16 ($last) : Int
    ; r17 (to_string(...)) : String
    ; r18 (v18) : String
