---
source: acvus-mir-test/tests/e2e.rs
expression: ir
---
=== literals ===
  T0 = ""

=== main ===
     0 |   r0 = undef
     1 |   r1 = undef
     3 |   r2 = call #0(1 (r3)) [r4 -> r5]
     5 |   r6 = string_concat [T0, r2]
     6 |   return r6 [r5]

    ; orders: what the body's yielded Order waits for
    ;   call@3 #0 <- r4(entry)

    ; r0 (v12) : Order
    ; r1 (v13) : String
    ; r2 (fetch_user(...)) : String
    ; r3 (v3) : i64
    ; r4 (v1) : Order
    ; r5 (v6) : Order
    ; r6 (v10) : String
    ; r7 (user) : String
    ; r8 (v11) : Order
    ; r9 (user) : String
    ; r10 (v5) : Order
    ; r11 (v8) : String
