---
source: acvus-mir-test/tests/e2e.rs
expression: ir
---
=== literals ===
  T0 = ""
  T1 = "yes"
  T2 = "no"

=== main ===
     0 │   r0 = undef
     4 │   r1 = T0 + T0
     5 │   r2 = ref @role
     6 │   r3 = load r2
     7 │ L2:
     8 │   r4 = test r3 == "admin"
     9 │   jump_if r4 then L3 else L1
    10 │ L3:
    14 │   r5 = T0 + T0
    15 │   jump L0(r5, T1)
    16 │ L1:
    20 │   r6 = T0 + T0
    21 │   jump L0(r6, T2)
    22 │ L0(r7: String, r8: String):  ; merge_of L2
    23 │   r9 = r1 + r7
    24 │   r10 = r9 + r8
    25 │   return r10

    ; r0 (v25) : String
    ; r1 (v6) : String
    ; r2 (@role) : Ref<String>
    ; r3 (v8) : String
    ; r4 (v9) : Bool
    ; r5 (v14) : String
    ; r6 (v19) : String
    ; r7 (v20) : String
    ; r8 (v26) : String
    ; r9 (v21) : String
    ; r10 (v24) : String
    ; r11 (v22) : Ref<String>
    ; r12 (v11) : String
    ; r13 (v17) : Ref<String>
    ; r14 (v15) : String
    ; r15 (v18) : String
    ; r16 (v10) : String
    ; r17 (v13) : String
    ; r18 (v2) : String
    ; r19 (v1) : String
    ; r20 (v12) : Ref<String>
    ; r21 (selected) : String
    ; r22 (v4) : Ref<String>
    ; r23 (v5) : String
    ; r24 (v16) : String
