---
source: acvus-mir-test/tests/e2e.rs
expression: ir
---
=== literals ===
  T0 = ""

=== main ===
     0 |   r0 = undef
     2 |   r1 = take @pair
     3 | L2:
     5 |   r2 = r1.0
     7 |   r3 = true (r4) && true (r5)
     8 |   jump_if r3 then L3 else L1
     9 | L3:
    10 |   r6 = r1.0
    12 |   r7 = T0 + r6
    13 |   jump L0(r7, r6)
    14 | L1:
    16 |   jump L0(T0, r0)
    17 | L0(r8: String, r9: String):  ; merge_of L2
    18 |   r10 = T0 + r8
    19 |   return r10

    ; r0 (v15) : String
    ; r1 (@pair) : (String, Int)
    ; r2 (v4) : String
    ; r3 (v6) : Bool
    ; r4 (v3) : Bool
    ; r5 (v5) : Bool
    ; r6 (name) : String
    ; r7 (v11) : String
    ; r8 (v13) : String
    ; r9 (v16) : String
    ; r10 (v14) : String
    ; r11 (v9) : String
    ; r12 (v1) : String
    ; r13 (v12) : String
    ; r14 (name) : String
