---
source: acvus-mir-test/tests/e2e.rs
expression: ir
---
=== main ===
     0 |   r0 = undef
     1 |   r1 = undef
     2 |   r2 = fetch @a
     3 |   r3 = fetch @b
     5 |   r4 = r2 + 1 (r5)
     7 |   r6 = r3 + 2 (r7)
     8 |   r8 = r4 + r6
     9 |   commit @a = r4
    10 |   commit @b = r6
    11 |   return r8

    ; r0 (v16) : Int
    ; r1 (v17) : Int
    ; r2 (@a) : Int
    ; r3 (@b) : Int
    ; r4 (v7) : Int
    ; r5 (v6) : Int
    ; r6 (v10) : Int
    ; r7 (v9) : Int
    ; r8 (v13) : Int
    ; r9 (@b) : Int
    ; r10 (@a) : Int
    ; r11 (v14) : Int
    ; r12 (@a) : Int
    ; r13 (@b) : Int
    ; r14 (v15) : Int
    ; r15 (@a) : Int
    ; r16 (@b) : Int
