---
source: acvus-mir-test/tests/e2e.rs
expression: ir
---
=== literals ===
  T0 = ""

=== main ===
     0 │   r0 = undef
     1 │   r1 = undef
     2 │   r2 = context_project @matrix
     3 │   r3 = context_load r2
     7 │   jump L0(0 (r4), T0, r0, r1)
     8 │ L0(r5: Int, r6: String, r7: Int, r8: List<Int>):
     9 │   list_step r9, r10 = r3[r5] else L1(r6)
    10 │ L3:
    14 │   jump L4(0 (r11), T0, r7)
    15 │ L4(r12: Int, r13: String, r14: Int):
    16 │   list_step r15, r16 = r9[r12] else L5(r13)
    17 │ L7:
    19 │   r17 = call #0(r15)
    20 │   r18 = T0 + r17
    21 │   r19 = r13 + r18
    22 │   jump L4(r16, r19, r15)
    23 │ L5(r20: String):
    24 │   jump L6(r20)
    25 │ L6(r21: String):
    26 │   r22 = T0 + r21
    27 │   r23 = r6 + r22
    28 │   jump L0(r10, r23, r14, r9)
    29 │ L1(r24: String):
    30 │   jump L2(r24)
    31 │ L2(r25: String):
    32 │   r26 = T0 + r25
    33 │   return r26

    ; r0 (v31) : Int
    ; r1 (v32) : List<Int>
    ; r2 (@matrix) : List<List<Int>>
    ; r3 (v1) : List<List<Int>>
    ; r4 (v5) : Int
    ; r5 (v7) : Int
    ; r6 (v8) : String
    ; r7 (v33) : Int
    ; r8 (v35) : List<Int>
    ; r9 (row) : List<Int>
    ; r10 (v10) : Int
    ; r11 (v13) : Int
    ; r12 (v15) : Int
    ; r13 (v16) : String
    ; r14 (v34) : Int
    ; r15 (x) : Int
    ; r16 (v18) : Int
    ; r17 (to_string(...)) : String
    ; r18 (v22) : String
    ; r19 (v23) : String
    ; r20 (v24) : String
    ; r21 (v25) : String
    ; r22 (v26) : String
    ; r23 (v27) : String
    ; r24 (v28) : String
    ; r25 (v29) : String
    ; r26 (v30) : String
    ; r27 (@matrix) : List<List<Int>>
    ; r28 (v6) : String
    ; r29 (v11) : String
    ; r30 (v14) : String
    ; r31 (x) : Int
    ; r32 (row) : List<Int>
    ; r33 (v2) : String
    ; r34 (v4) : List<List<Int>>
    ; r35 (v19) : String
