---
source: acvus-mir-test/tests/e2e.rs
expression: ir
---
=== main ===
     0 |   r0 = fetch @a
     1 |   assign @a = r0
     3 |   r2 = object {x: 0 (r1)}
     4 |   assign @a = r2
     6 |   assign @a.y = 1 (r3)
     7 |   r4 = take @a.y
     8 |   r5 = take @a
     9 |   commit @a = r5
    10 |   r6 = call #0(r4)
    11 |   r7 = fetch @a
    12 |   assign @a = r7
    13 |   r8 = take @a
    14 |   commit @a = r8
    15 |   return r6

    ; r0 (@a) : <error>
    ; r1 (v3) : Int
    ; r2 (v4) : {x: Int}
    ; r3 (v5) : Int
    ; r4 (@a.y) : <error>
    ; r5 (v8) : <error>
    ; r6 (to_string(...)) : String
    ; r7 (@a) : <error>
    ; r8 (v10) : <error>
    ; r9 (@a) : <error>
