---
source: acvus-mir-test/tests/e2e.rs
expression: ir
---
=== main ===
     0 |   r0 = ref @a
     1 |   r1 = load r0
     2 |   r2 = ref @b
     3 |   r3 = load r2
     4 |   r4 = r3.x
     5 |   r5 = ref @a
     6 |   store r5 = r4
     7 |   r6 = ref @a
     8 |   return r4

    ; r0 (v9) : Ref<Int>
    ; r1 (v8) : Int
    ; r2 (v6) : Ref<{x: Int}>
    ; r3 (v7) : {x: Int}
    ; r4 (v2) : Int
    ; r5 (@a) : Ref<Int>
    ; r6 (@a) : Ref<Int>
    ; r7 (v5) : Int
    ; r8 (@b.x) : Ref<Int>
