---
source: acvus-mir-test/tests/e2e.rs
expression: ir
---
=== literals ===
  T0 = ""
  T1 = "yes"
  T2 = "no"

=== main ===
     0 |   r0 = undef
     1 |   r1 = undef
     2 |   r2 = undef
     3 |   r3 = undef
     4 |   r4 = fetch @role
     7 | L2:
     8 |   r5 = string_clone r4
     9 |   r6 = test r5 == "admin"
    10 |   jump_if r6 then L3 else L1
    11 | L3:
    14 |   r7 = string_concat [T0]
    15 |   r8 = string_clone r7
    16 |   jump L0(r8, T1, r3)
    17 | L1:
    20 |   r9 = string_concat [T0]
    21 |   r10 = string_clone r9
    22 |   jump L0(r10, r2, T2)
    23 | L0(r11: String, r12: String, r13: String):  ; merge_of L2
    24 |   r14 = string_concat [T0, r11, T0]
    25 |   commit @role = r4
    26 |   return r14

    ; r0 (v20) : String
    ; r1 (v21) : String
    ; r2 (v22) : String
    ; r3 (v23) : String
    ; r4 (@role) : String
    ; r5 (v28) : String
    ; r6 (v7) : Bool
    ; r7 (v11) : String
    ; r8 (v29) : String
    ; r9 (v15) : String
    ; r10 (v30) : String
    ; r11 (v16) : String
    ; r12 (v26) : String
    ; r13 (v27) : String
    ; r14 (v18) : String
    ; r15 (v3) : String
    ; r16 (v14) : String
    ; r17 (@role) : String
    ; r18 (v25) : String
    ; r19 (selected) : String
    ; r20 (v10) : String
    ; r21 (v24) : String
    ; r22 (@role) : String
    ; r23 (v12) : String
    ; r24 (v5) : String
    ; r25 (v8) : String
    ; r26 (v19) : String
