---
source: acvus-mir-test/tests/e2e.rs
expression: ir
---
=== main ===
     0 |   r0 = undef
     1 |   r1 = fetch @x
     3 |   r2 = r1 + 1 (r3)
     4 |   commit @x = r2
     5 |   return r2

    ; r0 (v8) : Int
    ; r1 (@x) : Int
    ; r2 (v5) : Int
    ; r3 (v4) : Int
    ; r4 (@x) : Int
    ; r5 (v7) : Int
    ; r6 (@x) : Int
    ; r7 (@x) : Int
