---
source: acvus-mir-test/tests/e2e.rs
expression: ir
---
=== literals ===
  T0 = ""

=== main ===
     0 |   r0 = undef
     1 |   r1 = undef
     2 |   r2 = undef
     3 |   r3 = fetch @pair
     4 | L2:
     6 |   r4 = r3.0
     8 |   r5 = true (r6) && true (r7)
     9 |   r8 = r3.1
    11 |   r9 = r5 && true (r10)
    12 |   jump_if r9 then L3 else L1
    13 | L3:
    14 |   r11 = r3.0
    15 |   r12 = r3.1
    16 |   r13 = string_concat [r11]
    17 |   jump L0(r13, r11, r12)
    18 | L1:
    20 |   jump L0(T0, r1, r2)
    21 | L0(r14: String, r15: String, r16: Int):  ; merge_of L2
    22 |   r17 = string_concat [r14]
    23 |   commit @pair = r3
    24 |   return r17

    ; r0 (v21) : (String, Int)
    ; r1 (v22) : String
    ; r2 (v23) : Int
    ; r3 (@pair) : (String, Int)
    ; r4 (v5) : String
    ; r5 (v7) : Bool
    ; r6 (v4) : Bool
    ; r7 (v6) : Bool
    ; r8 (v8) : Int
    ; r9 (v10) : Bool
    ; r10 (v9) : Bool
    ; r11 (name) : String
    ; r12 (age) : Int
    ; r13 (v16) : String
    ; r14 (v18) : String
    ; r15 (v25) : String
    ; r16 (v26) : Int
    ; r17 (v19) : String
    ; r18 (@pair) : (String, Int)
    ; r19 (v17) : String
    ; r20 (v20) : (String, Int)
    ; r21 (v24) : (String, Int)
    ; r22 (@pair) : (String, Int)
    ; r23 (name) : String
