---
source: acvus-mir-test/tests/e2e.rs
expression: ir
---
=== main ===
     0 │   r0 = storage_load $items
     1 │   r1 = closure L0 []
     2 │   r2 = call pmap(r0, r1)
     3 │   r3 = call to_string(r2)
     4 │   emit r3

    ; r0 ($items) : List<Int>
    ; r1 (v1) : Fn(Int) -> String
    ; r2 (pmap(...)) : List<String>
    ; r3 (to_string(...)) : String

=== closure L0 (i) ===
     0 │   r1 = call to_string(r0)
     1 │   return r1

    ; r0 (v0) : Int
    ; r1 (to_string(...)) : String
