---
source: acvus-mir-test/tests/e2e.rs
expression: ir
---
=== literals ===
  T0 = ""
  T1 = " is here"
  T2 = "no user"

=== main ===
     0 |   r0 = undef
     2 |   r1 = take @user
     3 | L2:
     5 |   r2 = test has_key(r1, "name")
     6 |   r3 = r1.name
     8 |   r4 = true (r5) && true (r6)
     9 |   jump_if r4 then L3 else L1
    10 | L3:
    11 |   r7 = r1.name
    13 |   r8 = T0 + r7
    15 |   r9 = r8 + T1
    16 |   jump L0(r9, r7)
    17 | L1:
    20 |   r10 = T0 + T2
    21 |   jump L0(r10, r0)
    22 | L0(r11: String, r12: String):  ; merge_of L2
    23 |   r13 = T0 + r11
    24 |   return r13

    ; r0 (v20) : String
    ; r1 (@user) : {age: Int, email: String, name: String}
    ; r2 (v4) : Bool
    ; r3 (v5) : String
    ; r4 (v7) : Bool
    ; r5 (v3) : Bool
    ; r6 (v6) : Bool
    ; r7 (name) : String
    ; r8 (v12) : String
    ; r9 (v14) : String
    ; r10 (v17) : String
    ; r11 (v18) : String
    ; r12 (v21) : String
    ; r13 (v19) : String
    ; r14 (name) : String
    ; r15 (v1) : String
    ; r16 (v15) : String
    ; r17 (v10) : String
    ; r18 (v13) : String
    ; r19 (v16) : String
