---
source: acvus-mir-test/tests/e2e.rs
expression: ir
---
=== literals ===
  T0 = ""

=== main ===
     0 |   r0 = undef
     1 |   r1 = undef
     3 |   r2 = take @user
     4 | L2:
     6 |   r3 = test has_key(r2, "name")
     7 |   r4 = r2.name
     9 |   r5 = true (r6) && true (r7)
    10 |   r8 = test has_key(r2, "age")
    11 |   r9 = r2.age
    13 |   r10 = r5 && true (r11)
    14 |   jump_if r10 then L3 else L1
    15 | L3:
    16 |   r12 = r2.name
    17 |   r13 = r2.age
    19 |   r14 = T0 + r12
    20 |   jump L0(r14, r12, r13)
    21 | L1:
    23 |   jump L0(T0, r0, r1)
    24 | L0(r15: String, r16: String, r17: Int):  ; merge_of L2
    25 |   r18 = T0 + r15
    26 |   return r18

    ; r0 (v22) : String
    ; r1 (v23) : Int
    ; r2 (@user) : {age: Int, email: String, name: String}
    ; r3 (v4) : Bool
    ; r4 (v5) : String
    ; r5 (v7) : Bool
    ; r6 (v3) : Bool
    ; r7 (v6) : Bool
    ; r8 (v8) : Bool
    ; r9 (v9) : Int
    ; r10 (v11) : Bool
    ; r11 (v10) : Bool
    ; r12 (name) : String
    ; r13 (age) : Int
    ; r14 (v18) : String
    ; r15 (v20) : String
    ; r16 (v24) : String
    ; r17 (v25) : Int
    ; r18 (v21) : String
    ; r19 (name) : String
    ; r20 (v1) : String
    ; r21 (v16) : String
    ; r22 (v19) : String
