---
source: acvus-mir-test/tests/e2e.rs
expression: ir
---
=== literals ===
  T0 = ""
  T1 = "on"
  T2 = "off"

=== main ===
     1 |   r0 = take @flag
     2 | L2:
     3 |   r1 = test r0 == true
     4 |   jump_if r1 then L3 else L1
     5 | L3:
     8 |   r2 = T0 + T1
     9 |   jump L0(r2)
    10 | L1:
    13 |   r3 = T0 + T2
    14 |   jump L0(r3)
    15 | L0(r4: String):  ; merge_of L2
    16 |   r5 = T0 + r4
    17 |   return r5

    ; r0 (@flag) : Bool
    ; r1 (v3) : Bool
    ; r2 (v6) : String
    ; r3 (v9) : String
    ; r4 (v10) : String
    ; r5 (v11) : String
    ; r6 (v7) : String
    ; r7 (v5) : String
    ; r8 (v1) : String
    ; r9 (v8) : String
    ; r10 (v4) : String
