---
source: acvus-mir-test/tests/e2e.rs
assertion_line: 281
expression: ir
---
=== literals ===
  T0 = ""

=== main ===
     0 |   r0 = undef
     1 |   r1 = undef
     2 |   r2 = fetch @user
     3 |   assign @user = r2
     4 | L2:
     7 |   r3 = true (r4) && true (r5)
     9 |   r6 = r3 && true (r7)
    10 |   jump_if r6 then L3 else L1
    11 | L3:
    12 |   r8 = take @user.name
    13 |   r9 = take @user.age
    14 |   r10 = string_clone r8
    15 |   r11 = string_concat [r10]
    16 |   jump L0(r11, r8, r9)
    17 | L1:
    19 |   jump L0(T0, r0, r1)
    20 | L0(r12: String, r13: String, r14: Int):  ; merge_of L2
    21 |   r15 = string_concat [r12]
    22 |   r16 = take @user
    23 |   commit @user = r16
    24 |   return r15

    ; r0 (v18) : String
    ; r1 (v19) : Int
    ; r2 (@user) : {age: Int, email: String, name: String}
    ; r3 (v5) : Bool
    ; r4 (v3) : Bool
    ; r5 (v4) : Bool
    ; r6 (v7) : Bool
    ; r7 (v6) : Bool
    ; r8 (name) : String
    ; r9 (age) : Int
    ; r10 (v22) : String
    ; r11 (v13) : String
    ; r12 (v15) : String
    ; r13 (v20) : String
    ; r14 (v21) : Int
    ; r15 (v16) : String
    ; r16 (v17) : {age: Int, email: String, name: String}
    ; r17 (age) : Int
    ; r18 (v14) : String
    ; r19 (name) : String
    ; r20 (@user) : {age: Int, email: String, name: String}
    ; r21 (name) : String
