---
source: acvus-mir-test/tests/e2e.rs
expression: ir
---
=== literals ===
  T0 = ""

=== main ===
     2 │   var_store $sum = 0 (r1)
     4 │   r3 = T0 + T0
     5 │   r4 = context_project @items
     6 │   r5 = context_load r4
     7 │   r6 = cast ListToIterator r5
     9 │   jump L0(r6, T0)
    10 │ L0(r8: Iterator<Int>, r9: String):
    11 │   iter_step r10, r11 = r8 else L1(r9)
    13 │   r13 = var_load $sum
    14 │   r14 = r13 + r10
    15 │   var_store $sum = r14
    17 │   r16 = T0 + T0
    18 │   r17 = r9 + r16
    19 │   jump L0(r11, r17)
    20 │ L1(r18: String):
    21 │   jump L2(r18)
    22 │ L2(r19: String):
    23 │   r20 = r3 + r19
    24 │   r21 = var_load $sum
    25 │   r22 = poison
    26 │   r23 = r20 + r22
    27 │   return r23

    ; r0 (v0) : String
    ; r1 (v1) : Int
    ; r2 (v2) : String
    ; r3 (v3) : String
    ; r4 (@items) : List<Int>
    ; r5 (v5) : List<Int>
    ; r6 (v6) : Iterator<Int>
    ; r7 (v7) : String
    ; r8 (v8) : Iterator<Int>
    ; r9 (v9) : String
    ; r10 (x) : Int
    ; r11 (v11) : Iterator<Int>
    ; r12 (v12) : String
    ; r13 ($sum) : Int
    ; r14 (v14) : Int
    ; r15 (v15) : String
    ; r16 (v16) : String
    ; r17 (v17) : String
    ; r18 (v18) : String
    ; r19 (v19) : String
    ; r20 (v20) : String
    ; r21 ($sum) : Int
    ; r22 (to_string(...)) : String
    ; r23 (v23) : String
