---
source: acvus-mir-test/tests/e2e.rs
assertion_line: 1055
expression: ir
---
=== literals ===
  T0 = ""

=== main ===
     0 |   r0 = undef
     1 |   r1 = undef
     2 |   r2 = undef
     3 |   r3 = fetch @items
     5 |   r4 = list []
     6 |   r5 = call #0(r4)
     8 |   r6 = call #1(r3)
     9 |   r7 = closure L0 []
    10 |   r8 = call #2(r6, r7)
    11 |   r9 = closure L1 []
    12 |   r10 = call #3(r8, r9)
    13 |   r11 = call #4(r10)
    15 |   r12 = call #5(r11)
    16 |   r13 = call #6(r12)
    17 |   r14 = string_concat [T0, T0, T0, r13]
    18 |   commit @items = r5
    19 |   return r14

    ; r0 (v23) : List<Int>
    ; r1 (v24) : List<Int>
    ; r2 (v25) : List<Int>
    ; r3 (@items) : List<Int>
    ; r4 (v6) : Array<Int, 0>
    ; r5 (list(...)) : List<Int>
    ; r6 (iter(...)) : Iterator<Int, Pure, #IdentityId(0)>
    ; r7 (v11) : Fn(Int) -> Int
    ; r8 (map(...)) : Iterator<Int, Pure, #IdentityId(0)>
    ; r9 (v13) : Fn(&Int) -> Bool
    ; r10 (filter(...)) : Iterator<Int, Pure, #IdentityId(0)>
    ; r11 (collect(...)) : List<Int>
    ; r12 (len(...)) : Int
    ; r13 (to_string(...)) : String
    ; r14 (v21) : String
    ; r15 (v22) : List<Int>
    ; r16 (@items) : List<Int>
    ; r17 (items) : List<Int>
    ; r18 (v17) : String
    ; r19 (items) : List<Int>
    ; r20 (x) : List<Int>
    ; r21 (@items) : List<Int>
    ; r22 (v5) : String
    ; r23 (x) : List<Int>
    ; r24 (v8) : String

=== closure L0 (ValueId(0)) ===
     0 |   r0 = undef
     2 |   r1 = r2 + 1 (r3)
     3 |   return r1

    ; r0 (v6) : Int
    ; r1 (v5) : Int
    ; r2 (v1) : Int
    ; r3 (v4) : Int
    ; r4 (i) : Int
    ; r5 (i) : Int

=== closure L1 (ValueId(0)) ===
     0 |   r0 = undef
     1 |   r1 = take (*r2)
     3 |   r3 = r1 != 0 (r4)
     4 |   return r3

    ; r0 (v7) : &Int
    ; r1 (v4) : Int
    ; r2 (v1) : &Int
    ; r3 (v6) : Bool
    ; r4 (v5) : Int
    ; r5 (i) : &Int
    ; r6 (i) : &Int
