---
source: acvus-mir-test/tests/e2e.rs
expression: ir
---
=== literals ===
  T0 = ""

=== main ===
     2 │   var_store $sum = 0 (r1)
     4 │   r3 = T0 + T0
     5 │   r4 = context_project @items
     6 │   r5 = context_load r4
     7 │   r6 = cast ListToIterator r5
     9 │   jump L0(r6, T0)
    10 │ L0(r8: Iterator<Int>, r9: String):
    11 │   r10 = iter_step r8
    12 │   r11 = test r10 is None
    13 │   jump_if r11 then L1(r9) else L3
    14 │ L3:
    15 │   r12 = unwrap r10
    16 │   r13 = r12.0
    17 │   r14 = r12.1
    19 │   r16 = var_load $sum
    20 │   r17 = r16 + r13
    21 │   var_store $sum = r17
    23 │   r19 = T0 + T0
    24 │   r20 = r9 + r19
    25 │   jump L0(r14, r20)
    26 │ L1(r21: String):
    27 │   jump L2(r21)
    28 │ L2(r22: String):
    29 │   r23 = r3 + r22
    30 │   r24 = var_load $sum
    31 │   r25 = poison
    32 │   r26 = r23 + r25
    33 │   return r26

    ; r0 (v0) : String
    ; r1 (v1) : Int
    ; r2 (v2) : String
    ; r3 (v3) : String
    ; r4 (@items) : List<Int>
    ; r5 (v5) : List<Int>
    ; r6 (v6) : Iterator<Int>
    ; r7 (v7) : String
    ; r8 (v8) : Iterator<Int>
    ; r9 (v9) : String
    ; r10 (v10) : Option<(Int, Iterator<Int>)>
    ; r11 (v11) : Bool
    ; r12 (v12) : (Int, Iterator<Int>)
    ; r13 (x) : Int
    ; r14 (v14) : Iterator<Int>
    ; r15 (v15) : String
    ; r16 ($sum) : Int
    ; r17 (v17) : Int
    ; r18 (v18) : String
    ; r19 (v19) : String
    ; r20 (v20) : String
    ; r21 (v21) : String
    ; r22 (v22) : String
    ; r23 (v23) : String
    ; r24 ($sum) : Int
    ; r25 (to_string(...)) : String
    ; r26 (v26) : String
