---
source: acvus-mir-test/tests/e2e.rs
expression: ir
---
=== literals ===
  T0 = "empty"

=== main ===
     0 |   r0 = undef
     1 |   r1 = fetch @items
     2 |   assign @items = r1
     3 | L2:
     5 |   jump_if true (r2) then L3 else L4
     6 | L3:
     8 |   jump L5(true (r3))
     9 | L4:
    11 |   jump L5(false (r4))
    12 | L5(r5: Bool):
    13 |   jump_if r5 then L6 else L7
    14 | L6:
    16 |   jump L8(true (r6))
    17 | L7:
    19 |   jump L8(false (r7))
    20 | L8(r8: Bool):
    21 |   jump_if r8 then L9 else L1
    22 | L9:
    23 |   r9 = take @items[0]
    24 |   assign a = r9
    25 |   r10 = take @items[1]
    26 |   assign b = r10
    27 |   r11 = ref &a
    28 |   r12 = call #0(r11)
    29 |   r13 = string_concat [r12]
    30 |   jump L0(r13, r10)
    31 | L1:
    32 |   r14 = const_str T0
    33 |   r15 = string_concat [r14]
    34 |   jump L0(r15, r0)
    35 | L0(r16: String, r17: i64):
    36 |   r18 = string_concat [r16]
    37 |   r19 = take @items
    38 |   commit @items = r19
    39 |   return r18

    ; r0 (v22) : i64
    ; r1 (@items) : Array<i64, 3>
    ; r2 (v3) : Bool
    ; r3 (v5) : Bool
    ; r4 (v6) : Bool
    ; r5 (v4) : Bool
    ; r6 (v8) : Bool
    ; r7 (v9) : Bool
    ; r8 (v7) : Bool
    ; r9 (a) : i64
    ; r10 (b) : i64
    ; r11 (a.) : &i64
    ; r12 (to_string(...)) : String
    ; r13 (v16) : String
    ; r14 (v17) : &str
    ; r15 (v18) : String
    ; r16 (v19) : String
    ; r17 (v25) : i64
    ; r18 (v20) : String
    ; r19 (v21) : Array<i64, 3>
    ; r20 (a) : i64
    ; r21 (b) : i64
    ; r22 (@items) : Array<i64, 3>
    ; r23 (v23) : i64
    ; r24 (v24) : i64
