---
source: acvus-mir-test/tests/e2e.rs
expression: ir
---
=== literals ===
  T0 = ""

=== main ===
     0 |   r0 = undef
     1 |   r1 = undef
     4 |   r2 = ref @get_user
     5 |   r3 = load r2
     6 |   r4 = call r3(1 (r5)) [r6 -> r7]
     8 |   r8 = T0 + T0
     9 |   r9 = r4.name
    10 |   r10 = r8 + r9
    11 |   return r10 [r7]

    ; r0 (v24) : Order
    ; r1 (v25) : {age: Int, name: String}
    ; r2 (@get_user) : Ref<Fn(Int) -> {age: Int, name: String} with Opaque>
    ; r3 (v8) : Fn(Int) -> {age: Int, name: String} with Opaque
    ; r4 (<closure>(...)) : {age: Int, name: String}
    ; r5 (v5) : Int
    ; r6 (v1) : Order
    ; r7 (v11) : Order
    ; r8 (v16) : String
    ; r9 (v18) : String
    ; r10 (v19) : String
    ; r11 (v22) : Ref<{age: Int, name: String}>
    ; r12 (v3) : Ref<Order>
    ; r13 (v14) : Ref<{age: Int, name: String}>
    ; r14 (v9) : Ref<Order>
    ; r15 (u.name) : Ref<String>
    ; r16 (v4) : String
    ; r17 (v23) : {age: Int, name: String}
    ; r18 (v15) : String
    ; r19 (v10) : Order
    ; r20 (v21) : Order
    ; r21 (v20) : Ref<Order>
    ; r22 (v12) : Ref<Order>
