---
source: acvus-mir-test/tests/e2e.rs
expression: ir
---
=== main ===
     0 │   r0 = ref @b
     1 │   r1 = load r0
     2 │   r2 = r1.x
     3 │   r3 = ref @a
     4 │   store r3 = r2
     6 │   r4 = ref @a
     7 │   store r4 = 0 (r5)
     8 │   r6 = ref @a
     9 │   return 0 (r5)

    ; r0 (v8) : Ref<{x: Int}>
    ; r1 (v9) : {x: Int}
    ; r2 (v2) : Int
    ; r3 (@a) : Ref<Int>
    ; r4 (@a) : Ref<Int>
    ; r5 (v4) : Int
    ; r6 (@a) : Ref<Int>
    ; r7 (v7) : Int
    ; r8 (@b.x) : Ref<Int>
