---
source: acvus-mir-test/tests/e2e.rs
expression: ir
---
=== literals ===
  T0 = "none"

=== main ===
     0 |   r0 = undef
     1 |   r1 = fetch @user
     2 |   assign @user = r1
     3 | L2:
     6 |   r2 = true (r3) && true (r4)
     8 |   r5 = r2 && true (r6)
     9 |   jump_if r5 then L3 else L1
    10 | L3:
    11 |   r7 = take @user.name
    12 |   r8 = take @user.age
    13 |   assign age = r8
    14 |   r9 = ref &age
    15 |   r10 = call #0(r9)
    16 |   r11 = string_clone r7
    17 |   r12 = string_concat [r11, r10]
    18 |   jump L0(r12, r7)
    19 | L1:
    21 |   r13 = string_concat [T0]
    22 |   jump L0(r13, r0)
    23 | L0(r14: String, r15: String):  ; merge_of L2
    24 |   r16 = string_concat [r14]
    25 |   r17 = take @user
    26 |   commit @user = r17
    27 |   return r16

    ; r0 (v21) : String
    ; r1 (@user) : {age: i64, email: String, name: String}
    ; r2 (v5) : Bool
    ; r3 (v3) : Bool
    ; r4 (v4) : Bool
    ; r5 (v7) : Bool
    ; r6 (v6) : Bool
    ; r7 (name) : String
    ; r8 (age) : i64
    ; r9 (age.) : &i64
    ; r10 (to_string(...)) : String
    ; r11 (v23) : String
    ; r12 (v15) : String
    ; r13 (v17) : String
    ; r14 (v18) : String
    ; r15 (v22) : String
    ; r16 (v19) : String
    ; r17 (v20) : {age: i64, email: String, name: String}
    ; r18 (age) : i64
    ; r19 (name) : String
    ; r20 (@user) : {age: i64, email: String, name: String}
    ; r21 (name) : String
    ; r22 (v16) : String
