---
source: acvus-mir-test/tests/inline.rs
expression: ir
---
=== main ===
     0 │   r0 = ref @count
     1 │   r1 = load r0
     3 │   r2 = r1 + 1 (r3)
     4 │   r4 = ref @count
     5 │   store r4 = r2
     6 │   r5 = ref @count
     7 │   r6 = load r5
     8 │   r7 = ref x
     9 │   store r7 = r6
    10 │   r8 = ref x
    11 │   r9 = load r8
    12 │   r10 = ref @count
    13 │   r11 = load r10
    14 │   r12 = r9 + r11
    15 │   return r12

    ; r0 (@count) : Ref<Int>
    ; r1 (v10) : Int
    ; r2 (v12) : Int
    ; r3 (v11) : Int
    ; r4 (@count) : Ref<Int>
    ; r5 (@count) : Ref<Int>
    ; r6 (v15) : Int
    ; r7 (v3) : Ref<Int>
    ; r8 (v4) : Ref<Int>
    ; r9 (x) : Int
    ; r10 (@count) : Ref<Int>
    ; r11 (v7) : Int
    ; r12 (v8) : Int
    ; r13 (bump(...)) : Int
