---
source: acvus-mir-test/tests/inline.rs
expression: ir
---
=== main ===
     1 │   r0 = ref @a
     2 │   store r0 = 1 (r1)
     4 │   r2 = ref @b
     5 │   store r2 = 2 (r3)
     6 │   r4 = ref @a
     7 │   r5 = load r4
     8 │   r6 = ref @b
     9 │   r7 = load r6
    10 │   r8 = r5 + r7
    11 │   return r8

    ; r0 (@a) : Ref<Int>
    ; r1 (v2) : Int
    ; r2 (@b) : Ref<Int>
    ; r3 (v4) : Int
    ; r4 (@a) : Ref<Int>
    ; r5 (v7) : Int
    ; r6 (@b) : Ref<Int>
    ; r7 (v9) : Int
    ; r8 (v10) : Int
    ; r9 (init(...)) : Int
