---
source: acvus-mir-test/tests/inline.rs
expression: ir
---
=== main ===
     0 |   r0 = fetch @counter
     1 |   assign @counter = r0
     2 |   r1 = take @counter
     4 |   r2 = r1 + 1 (r3)
     5 |   assign @counter = r2
     6 |   r4 = take @counter
     7 |   r5 = take @counter
     8 |   commit @counter = r5
     9 |   return r4

    ; r0 (@counter) : Int
    ; r1 (@counter) : Int
    ; r2 (v6) : Int
    ; r3 (v5) : Int
    ; r4 (@counter) : Int
    ; r5 (v8) : Int
    ; r6 (@counter) : Int
    ; r7 (inc_and_get(...)) : Int
