---
source: acvus-mir-test/tests/inline.rs
expression: ir
---
=== main ===
     1 |   r0 = take $v1
     3 |   r1 = r0 + 1 (r2)
     4 |   r3 = take $v7
     5 |   r4 = take $v7
     6 |   r5 = r3 + r4
     7 |   return r5

    ; r0 ($x) : Int
    ; r1 (v7) : Int
    ; r2 (v6) : Int
    ; r3 ($x) : Int
    ; r4 ($x) : Int
    ; r5 (v11) : Int
    ; r6 (double(...)) : Int
    ; r7 (inc(...)) : Int
    ; r8 (v1) : Int
