---
source: acvus-mir-test/tests/inline.rs
expression: ir
---
=== literals ===
  T0 = "hello"

=== main ===
     1 |   r0 = ref &$v1
     2 |   r1 = as_slice &r0
     3 |   r2 = call #0(r1)
     4 |   assign n = r2
     5 |   r3 = ref &n
     6 |   r4 = call #1(r3)
     7 |   return r4

    ; r0 ($param_1.) : &String
    ; r1 (v5) : &str
    ; r2 (len(...)) : u64
    ; r3 (var_5.) : &u64
    ; r4 (to_string(...)) : String
    ; r5 (n) : u64
    ; r6 (process(...)) : String
    ; r7 (v1) : String
