---
source: acvus-mir-test/tests/inline.rs
expression: ir
---
=== literals ===
  T0 = "world"
  T1 = "Hello "

=== main ===
     2 |   r0 = take $v1
     3 |   r1 = T1 + r0
     4 |   return r1

    ; r0 ($name) : String
    ; r1 (v6) : String
    ; r2 (v1) : String
    ; r3 (v4) : String
    ; r4 (greet(...)) : String
