---
source: acvus-mir-test/tests/inline.rs
expression: ir
---
=== main ===
     1 |   r0 = take $v1
     2 |   r1 = take $x
     3 |   r2 = take $x
     5 |   r3 = r2 + 1 (r4)
     6 |   r5 = take $x
     7 |   r6 = take $x
     9 |   r7 = r6 + 1 (r8)
    10 |   r9 = r3 + r7
    12 |   r10 = r9 * 2 (r11)
    13 |   return r10

    ; r0 ($x) : Int
    ; r1 ($x) : Int
    ; r2 ($x) : Int
    ; r3 (v17) : Int
    ; r4 (v16) : Int
    ; r5 ($x) : Int
    ; r6 ($x) : Int
    ; r7 (v21) : Int
    ; r8 (v20) : Int
    ; r9 (v13) : Int
    ; r10 (v7) : Int
    ; r11 (v6) : Int
    ; r12 (v1) : Int
    ; r13 (a(...)) : Int
    ; r14 (a(...)) : Int
    ; r15 (c(...)) : Int
    ; r16 (b(...)) : Int
