---
source: acvus-mir-test/tests/inline.rs
expression: ir
---
=== main ===
     1 |   r0 = fetch @count
     2 |   assign @count = r0
     3 |   r1 = take $v1
     4 |   assign @count = r1
     5 |   r2 = take $v1
     6 |   r3 = take @count
     7 |   commit @count = r3
     8 |   return r2

    ; r0 (@count) : i64
    ; r1 ($x) : i64
    ; r2 ($x) : i64
    ; r3 (v8) : i64
    ; r4 (@count) : i64
    ; r5 (v1) : i64
    ; r6 (set_count(...)) : i64
