---
source: acvus-mir-test/tests/inline.rs
expression: ir
---
=== main ===
     1 │   r0 = ref $v1
     2 │   r1 = load r0
     3 │   r2 = ref @count
     4 │   store r2 = r1
     5 │   r3 = ref $v1
     6 │   r4 = load r3
     7 │   return r4

    ; r0 (v4) : Ref<Int>
    ; r1 ($x) : Int
    ; r2 (@count) : Ref<Int>
    ; r3 (v7) : Ref<Int>
    ; r4 ($x) : Int
    ; r5 (v1) : Int
    ; r6 (set_count(...)) : Int
