---
source: acvus-mir-test/tests/optimized_cross_fn.rs
expression: raw
---
-- calc_discount --
=== main ===
     0 |   r0 = ref $v1
     1 |   r1 = load r0
     2 |   r2 = ref $v2
     3 |   r3 = load r2
     4 |   r4 = r1 * r3
     6 |   r5 = r4 / 100 (r6)
     7 |   return r5

    ; r0 (v3) : Ref<Int>
    ; r1 ($subtotal) : Int
    ; r2 (v5) : Ref<Int>
    ; r3 ($rate) : Int
    ; r4 (v7) : Int
    ; r5 (v9) : Int
    ; r6 (v8) : Int
    ; r7 (v2) : Int
    ; r8 (v1) : Int

-- calc_tax --
=== main ===
     0 |   r0 = ref $v1
     1 |   r1 = load r0
     2 |   r2 = ref $v2
     3 |   r3 = load r2
     4 |   r4 = r1 * r3
     6 |   r5 = r4 / 100 (r6)
     7 |   return r5

    ; r0 (v3) : Ref<Int>
    ; r1 ($amount) : Int
    ; r2 (v5) : Ref<Int>
    ; r3 ($rate) : Int
    ; r4 (v7) : Int
    ; r5 (v9) : Int
    ; r6 (v8) : Int
    ; r7 (v2) : Int
    ; r8 (v1) : Int

-- format_receipt --
=== literals ===
  T0 = " sub:"
  T1 = " disc:"
  T2 = " tax:"
  T3 = " ship:"
  T4 = " total:"

=== main ===
     0 |   r0 = ref $v1
     1 |   r1 = load r0
     3 |   r2 = r1 + T0
     4 |   r3 = ref $v2
     5 |   r4 = load r3
     6 |   r5 = call #0(r4)
     7 |   r6 = r2 + r5
     9 |   r7 = r6 + T1
    10 |   r8 = ref $v3
    11 |   r9 = load r8
    12 |   r10 = call #0(r9)
    13 |   r11 = r7 + r10
    15 |   r12 = r11 + T2
    16 |   r13 = ref $v4
    17 |   r14 = load r13
    18 |   r15 = call #0(r14)
    19 |   r16 = r12 + r15
    21 |   r17 = r16 + T3
    22 |   r18 = ref $v5
    23 |   r19 = load r18
    24 |   r20 = call #0(r19)
    25 |   r21 = r17 + r20
    27 |   r22 = r21 + T4
    28 |   r23 = ref $v6
    29 |   r24 = load r23
    30 |   r25 = call #0(r24)
    31 |   r26 = r22 + r25
    32 |   return r26

    ; r0 (v7) : Ref<String>
    ; r1 ($name) : String
    ; r2 (v10) : String
    ; r3 (v11) : Ref<Int>
    ; r4 ($sub) : Int
    ; r5 (to_string(...)) : String
    ; r6 (v14) : String
    ; r7 (v16) : String
    ; r8 (v17) : Ref<Int>
    ; r9 ($disc) : Int
    ; r10 (to_string(...)) : String
    ; r11 (v20) : String
    ; r12 (v22) : String
    ; r13 (v23) : Ref<Int>
    ; r14 ($tax) : Int
    ; r15 (to_string(...)) : String
    ; r16 (v26) : String
    ; r17 (v28) : String
    ; r18 (v29) : Ref<Int>
    ; r19 ($ship) : Int
    ; r20 (to_string(...)) : String
    ; r21 (v32) : String
    ; r22 (v34) : String
    ; r23 (v35) : Ref<Int>
    ; r24 ($total) : Int
    ; r25 (to_string(...)) : String
    ; r26 (v38) : String
    ; r27 (v3) : Int
    ; r28 (v6) : Int
    ; r29 (v9) : String
    ; r30 (v27) : String
    ; r31 (v33) : String
    ; r32 (v15) : String
    ; r33 (v21) : String
    ; r34 (v2) : Int
    ; r35 (v5) : Int
    ; r36 (v1) : String
    ; r37 (v4) : Int

-- main --
=== main ===
     0 |   r0 = ref $order
     1 |   store r0 = r1
     2 |   r2 = ref @item_count
     3 |   r3 = load r2
     5 |   r4 = r3 * 100 (r5)
     6 |   r6 = ref subtotal
     7 |   store r6 = r4
     8 |   r7 = ref subtotal
     9 |   r8 = load r7
    10 |   r9 = ref @discount_rate
    11 |   r10 = load r9
    12 |   r11 = call #0(r8, r10)
    13 |   r12 = ref discount
    14 |   store r12 = r11
    15 |   r13 = ref subtotal
    16 |   r14 = load r13
    17 |   r15 = ref discount
    18 |   r16 = load r15
    19 |   r17 = r14 - r16
    20 |   r18 = ref @tax_rate
    21 |   r19 = load r18
    22 |   r20 = call #1(r17, r19)
    23 |   r21 = ref tax
    24 |   store r21 = r20
    25 |   r22 = ref subtotal
    26 |   r23 = load r22
    27 |   r24 = ref discount
    28 |   r25 = load r24
    29 |   r26 = r23 - r25
    30 |   r27 = ref tax
    31 |   r28 = load r27
    32 |   r29 = r26 + r28
    33 |   r30 = ref total
    34 |   store r30 = r29
    35 |   r31 = ref total
    36 |   r32 = load r31
    37 |   r33 = ref @free_ship_min
    38 |   r34 = load r33
    39 |   r35 = r32 > r34
    40 |   r36 = test r35 == true
    41 |   jump_if r36 then L0 else L1
    42 | L0:
    44 |   r37 = ref @shipping
    45 |   store r37 = 0 (r38)
    46 |   jump L1
    47 | L1:
    48 |   r39 = ref total
    49 |   r40 = load r39
    50 |   r41 = ref @free_ship_min
    51 |   r42 = load r41
    52 |   r43 = r40 <= r42
    53 |   r44 = test r43 == true
    54 |   jump_if r44 then L2 else L3
    55 | L2:
    56 |   r45 = ref @default_ship
    57 |   r46 = load r45
    58 |   r47 = ref @shipping
    59 |   store r47 = r46
    60 |   jump L3
    61 | L3:
    62 |   r48 = ref total
    63 |   r49 = load r48
    64 |   r50 = ref @shipping
    65 |   r51 = load r50
    66 |   r52 = r49 + r51
    67 |   r53 = ref final_total
    68 |   store r53 = r52
    69 |   r54 = ref @customer
    70 |   r55 = load r54
    71 |   r56 = ref subtotal
    72 |   r57 = load r56
    73 |   r58 = ref discount
    74 |   r59 = load r58
    75 |   r60 = ref tax
    76 |   r61 = load r60
    77 |   r62 = ref @shipping
    78 |   r63 = load r62
    79 |   r64 = ref final_total
    80 |   r65 = load r64
    81 |   r66 = call #2(r55, r57, r59, r61, r63, r65)
    82 |   r67 = ref receipt
    83 |   store r67 = r66
    84 |   r68 = ref final_total
    85 |   r69 = load r68
    86 |   r70 = ref @total_out
    87 |   store r70 = r69
    88 |   r71 = ref receipt
    89 |   r72 = load r71
    90 |   r73 = ref @receipt_out
    91 |   store r73 = r72
    92 |   r74 = ref receipt
    93 |   r75 = load r74
    94 |   r76 = ref $order
    95 |   r77 = load r76
    96 |   r78 = call #3(r75) [r77 -> r79]
    97 |   r80 = ref $order
    98 |   store r80 = r79
    99 |   r81 = ref final_total
   100 |   r82 = load r81
   101 |   r83 = ref $order
   102 |   r84 = load r83
   103 |   return r82 [r84]

    ; r0 (v3) : Ref<Order>
    ; r1 (v1) : Order
    ; r2 (@item_count) : Ref<Int>
    ; r3 (v5) : Int
    ; r4 (v7) : Int
    ; r5 (v6) : Int
    ; r6 (v9) : Ref<Int>
    ; r7 (v10) : Ref<Int>
    ; r8 (subtotal) : Int
    ; r9 (@discount_rate) : Ref<Int>
    ; r10 (v13) : Int
    ; r11 (calc_discount(...)) : Int
    ; r12 (v16) : Ref<Int>
    ; r13 (v17) : Ref<Int>
    ; r14 (subtotal) : Int
    ; r15 (v19) : Ref<Int>
    ; r16 (discount) : Int
    ; r17 (v21) : Int
    ; r18 (@tax_rate) : Ref<Int>
    ; r19 (v23) : Int
    ; r20 (calc_tax(...)) : Int
    ; r21 (v26) : Ref<Int>
    ; r22 (v27) : Ref<Int>
    ; r23 (subtotal) : Int
    ; r24 (v29) : Ref<Int>
    ; r25 (discount) : Int
    ; r26 (v31) : Int
    ; r27 (v32) : Ref<Int>
    ; r28 (tax) : Int
    ; r29 (v34) : Int
    ; r30 (v36) : Ref<Int>
    ; r31 (v37) : Ref<Int>
    ; r32 (total) : Int
    ; r33 (@free_ship_min) : Ref<Int>
    ; r34 (v40) : Int
    ; r35 (v41) : Bool
    ; r36 (v42) : Bool
    ; r37 (@shipping) : Ref<Int>
    ; r38 (v43) : Int
    ; r39 (v45) : Ref<Int>
    ; r40 (total) : Int
    ; r41 (@free_ship_min) : Ref<Int>
    ; r42 (v48) : Int
    ; r43 (v49) : Bool
    ; r44 (v50) : Bool
    ; r45 (@default_ship) : Ref<Int>
    ; r46 (v52) : Int
    ; r47 (@shipping) : Ref<Int>
    ; r48 (v54) : Ref<Int>
    ; r49 (total) : Int
    ; r50 (@shipping) : Ref<Int>
    ; r51 (v57) : Int
    ; r52 (v58) : Int
    ; r53 (v60) : Ref<Int>
    ; r54 (@customer) : Ref<String>
    ; r55 (v62) : String
    ; r56 (v63) : Ref<Int>
    ; r57 (subtotal) : Int
    ; r58 (v65) : Ref<Int>
    ; r59 (discount) : Int
    ; r60 (v67) : Ref<Int>
    ; r61 (tax) : Int
    ; r62 (@shipping) : Ref<Int>
    ; r63 (v70) : Int
    ; r64 (v71) : Ref<Int>
    ; r65 (final_total) : Int
    ; r66 (format_receipt(...)) : String
    ; r67 (v75) : Ref<String>
    ; r68 (v76) : Ref<Int>
    ; r69 (final_total) : Int
    ; r70 (@total_out) : Ref<Int>
    ; r71 (v79) : Ref<String>
    ; r72 (receipt) : String
    ; r73 (@receipt_out) : Ref<String>
    ; r74 (v82) : Ref<String>
    ; r75 (receipt) : String
    ; r76 (v85) : Ref<Order>
    ; r77 (v86) : Order
    ; r78 (send_email(...)) : Int
    ; r79 (v87) : Order
    ; r80 (v88) : Ref<Order>
    ; r81 (v89) : Ref<Int>
    ; r82 (final_total) : Int
    ; r83 (v91) : Ref<Order>
    ; r84 (v92) : Order
