---
source: acvus-mir-test/tests/optimized_cross_fn.rs
expression: raw
---
── main ──
=== literals ===
  T0 = "bad:"

=== main ===
     0 │   r0 = ref @items
     1 │   r1 = load r0
     3 │   jump L0(0 (r2))
     4 │ L0(r3: Int):
     5 │   list_step r4, r5 = r1[r3] else L1()
     6 │ L2:
     7 │   r6 = ref item
     8 │   store r6 = r4
     9 │   r7 = ref item.value
    10 │   r8 = load r7
    11 │   r9 = ref v
    12 │   store r9 = r8
    13 │   r10 = ref v
    14 │   r11 = load r10
    15 │   r12 = ref @min_val
    16 │   r13 = load r12
    17 │   r14 = ref @max_val
    18 │   r15 = load r14
    19 │   r16 = call #0(r11, r13, r15)
    20 │   r17 = ref ok
    21 │   store r17 = r16
    22 │   r18 = ref ok
    23 │   r19 = load r18
    25 │   r20 = r19 > 0 (r21)
    26 │   r22 = test r20 == true
    27 │   jump_if r22 then L3 else L4
    28 │ L3:
    29 │   r23 = ref v
    30 │   r24 = load r23
    31 │   r25 = ref @multiplier
    32 │   r26 = load r25
    33 │   r27 = call #1(r24, r26)
    34 │   r28 = ref transformed
    35 │   store r28 = r27
    36 │   r29 = ref @sum
    37 │   r30 = load r29
    38 │   r31 = ref transformed
    39 │   r32 = load r31
    40 │   r33 = r30 + r32
    41 │   r34 = ref @sum
    42 │   store r34 = r33
    43 │   r35 = ref @ok_count
    44 │   r36 = load r35
    46 │   r37 = r36 + 1 (r38)
    47 │   r39 = ref @ok_count
    48 │   store r39 = r37
    49 │   jump L4
    50 │ L4:
    51 │   r40 = ref ok
    52 │   r41 = load r40
    54 │   r42 = r41 == 0 (r43)
    55 │   r44 = test r42 == true
    56 │   jump_if r44 then L5 else L6
    57 │ L5:
    58 │   r45 = ref @err_count
    59 │   r46 = load r45
    61 │   r47 = r46 + 1 (r48)
    62 │   r49 = ref @err_count
    63 │   store r49 = r47
    65 │   r50 = ref v
    66 │   r51 = load r50
    67 │   r52 = call #2(r51)
    68 │   r53 = T0 + r52
    69 │   r54 = ref @last_err
    70 │   store r54 = r53
    71 │   jump L6
    72 │ L6:
    73 │   jump L0(r5)
    74 │ L1:
    75 │   r55 = ref @sum
    76 │   r56 = load r55
    77 │   r57 = ref @ok_count
    78 │   r58 = load r57
    79 │   r59 = ref @err_count
    80 │   r60 = load r59
    81 │   r61 = call #3(r56, r58, r60)
    82 │   r62 = ref @sum
    83 │   r63 = load r62
    84 │   return r63

    ; r0 (@items) : Ref<List<{value: Int}>>
    ; r1 (v2) : List<{value: Int}>
    ; r2 (v3) : Int
    ; r3 (v4) : Int
    ; r4 (item) : {value: Int}
    ; r5 (v6) : Int
    ; r6 (v8) : Ref<{value: Int}>
    ; r7 (item.value) : Ref<Int>
    ; r8 (v10) : Int
    ; r9 (v12) : Ref<Int>
    ; r10 (v13) : Ref<Int>
    ; r11 (v) : Int
    ; r12 (@min_val) : Ref<Int>
    ; r13 (v16) : Int
    ; r14 (@max_val) : Ref<Int>
    ; r15 (v18) : Int
    ; r16 (validate_item(...)) : Int
    ; r17 (v21) : Ref<Int>
    ; r18 (v22) : Ref<Int>
    ; r19 (ok) : Int
    ; r20 (v25) : Bool
    ; r21 (v24) : Int
    ; r22 (v26) : Bool
    ; r23 (v27) : Ref<Int>
    ; r24 (v) : Int
    ; r25 (@multiplier) : Ref<Int>
    ; r26 (v30) : Int
    ; r27 (transform_value(...)) : Int
    ; r28 (v33) : Ref<Int>
    ; r29 (@sum) : Ref<Int>
    ; r30 (v35) : Int
    ; r31 (v36) : Ref<Int>
    ; r32 (transformed) : Int
    ; r33 (v38) : Int
    ; r34 (@sum) : Ref<Int>
    ; r35 (@ok_count) : Ref<Int>
    ; r36 (v41) : Int
    ; r37 (v43) : Int
    ; r38 (v42) : Int
    ; r39 (@ok_count) : Ref<Int>
    ; r40 (v45) : Ref<Int>
    ; r41 (ok) : Int
    ; r42 (v48) : Bool
    ; r43 (v47) : Int
    ; r44 (v49) : Bool
    ; r45 (@err_count) : Ref<Int>
    ; r46 (v51) : Int
    ; r47 (v53) : Int
    ; r48 (v52) : Int
    ; r49 (@err_count) : Ref<Int>
    ; r50 (v56) : Ref<Int>
    ; r51 (v) : Int
    ; r52 (to_string(...)) : String
    ; r53 (v59) : String
    ; r54 (@last_err) : Ref<String>
    ; r55 (@sum) : Ref<Int>
    ; r56 (v62) : Int
    ; r57 (@ok_count) : Ref<Int>
    ; r58 (v64) : Int
    ; r59 (@err_count) : Ref<Int>
    ; r60 (v66) : Int
    ; r61 (publish_results(...)) : Int
    ; r62 (@sum) : Ref<Int>
    ; r63 (v69) : Int
    ; r64 (v55) : String

── transform_value ──
=== main ===
     0 │   r0 = ref $v1
     1 │   r1 = load r0
     2 │   r2 = ref $v2
     3 │   r3 = load r2
     4 │   r4 = r1 * r3
     5 │   r5 = ref $v1
     6 │   r6 = load r5
     8 │   r7 = r6 / 2 (r8)
     9 │   r9 = r4 + r7
    10 │   return r9

    ; r0 (v3) : Ref<Int>
    ; r1 ($val) : Int
    ; r2 (v5) : Ref<Int>
    ; r3 ($mult) : Int
    ; r4 (v7) : Int
    ; r5 (v8) : Ref<Int>
    ; r6 ($val) : Int
    ; r7 (v11) : Int
    ; r8 (v10) : Int
    ; r9 (v12) : Int
    ; r10 (v2) : Int
    ; r11 (v1) : Int

── validate_item ──
=== main ===
     1 │   r0 = ref r
     2 │   store r0 = 0 (r1)
     3 │   r2 = ref $v1
     4 │   r3 = load r2
     5 │   r4 = ref $v2
     6 │   r5 = load r4
     7 │   r6 = r3 >= r5
     8 │   r7 = test r6 == true
     9 │   jump_if r7 then L0 else L1
    10 │ L0:
    11 │   r8 = ref $v1
    12 │   r9 = load r8
    13 │   r10 = ref $v3
    14 │   r11 = load r10
    15 │   r12 = r9 <= r11
    16 │   r13 = test r12 == true
    17 │   jump_if r13 then L2 else L3
    18 │ L2:
    20 │   r14 = ref r
    21 │   store r14 = 1 (r15)
    22 │   jump L3
    23 │ L3:
    24 │   jump L1
    25 │ L1:
    26 │   r16 = ref r
    27 │   r17 = load r16
    28 │   return r17

    ; r0 (v6) : Ref<Int>
    ; r1 (v4) : Int
    ; r2 (v7) : Ref<Int>
    ; r3 ($val) : Int
    ; r4 (v9) : Ref<Int>
    ; r5 ($min) : Int
    ; r6 (v11) : Bool
    ; r7 (v12) : Bool
    ; r8 (v13) : Ref<Int>
    ; r9 ($val) : Int
    ; r10 (v15) : Ref<Int>
    ; r11 ($max) : Int
    ; r12 (v17) : Bool
    ; r13 (v18) : Bool
    ; r14 (v20) : Ref<Int>
    ; r15 (v19) : Int
    ; r16 (v21) : Ref<Int>
    ; r17 (r) : Int
    ; r18 (v3) : Int
    ; r19 (v2) : Int
    ; r20 (v1) : Int
