---
source: acvus-mir-test/tests/optimized_cross_fn.rs
expression: opt
---
=== literals ===
  T0 = " sub:"
  T1 = " disc:"
  T2 = " tax:"
  T3 = " ship:"
  T4 = " total:"

=== main ===
     0 |   r0 = undef
     1 |   r1 = ref @shipping
     2 |   r2 = ref @item_count
     3 |   r3 = const 100
     4 |   r4 = load r2
     5 |   r5 = r4 * r3
     6 |   r2 = ref @discount_rate
     7 |   r3 = load r2
     8 |   r4 = r5 * r3
     9 |   r3 = const 100
    10 |   r6 = r4 / r3
    11 |   r3 = r5 - r6
    12 |   r2 = ref @tax_rate
    13 |   r4 = load r2
    14 |   r7 = r3 * r4
    15 |   r3 = const 100
    16 |   r4 = r7 / r3
    17 |   r3 = r5 - r6
    18 |   r7 = r3 + r4
    19 |   r2 = ref @free_ship_min
    20 |   r3 = load r2
    21 |   r8 = r7 > r3
    22 |   r9 = test r8 == true
    24 |   r8 = r7 <= r3
    25 |   r10 = test r8 == true
    26 |   r2 = ref @default_ship
    27 |   r11 = ref @customer
    28 |   r12 = const T0
    29 |   r13 = const T1
    30 |   r14 = const T2
    33 |   r15 = ref @total_out
    34 |   r16 = ref @receipt_out
    35 |   jump_if r9 then L0 else L1(r0)
    36 | L0:
    37 |   jump L1(0 (r17))
    38 | L1(r0: Int):
    39 |   jump_if r10 then L2 else L3(r0)
    40 | L2:
    41 |   r0 = load r2
    42 |   jump L3(r0)
    43 | L3(r0: Int):
    44 |   r3 = r7 + r0
    45 |   r18 = load r11
    46 |   r19 = r18 + r12
    47 |   store r1 = r0
    48 |   r12 = call #0(r5)
    49 |   r18 = r19 + r12
    50 |   r12 = r18 + r13
    51 |   r13 = call #0(r6)
    52 |   r18 = r12 + r13
    53 |   r12 = r18 + r14
    54 |   r13 = call #0(r4)
    55 |   r14 = r12 + r13
    56 |   r12 = r14 + T3
    57 |   r13 = call #0(r0)
    58 |   r14 = r12 + r13
    59 |   r12 = r14 + T4
    60 |   r13 = call #0(r3)
    61 |   r14 = r12 + r13
    62 |   r20 = spawn #1(r14)
    63 |   store r15 = r3
    64 |   store r16 = r14
    65 |   r0 = eval r20
    66 |   return r3

    ; r0 (@default_ship) : Int
    ; r1 (@shipping) : Ref<Int>
    ; r2 (@default_ship) : Ref<Int>
    ; r3 (@free_ship_min) : Int
    ; r4 (@tax_rate) : Int
    ; r5 (v6) : Int
    ; r6 (v7) : Int
    ; r7 (v8) : Int
    ; r8 (v9) : Bool
    ; r9 (v10) : Bool
    ; r10 (v12) : Bool
    ; r11 (@customer) : Ref<String>
    ; r12 (to_string(...)) : String
    ; r13 (to_string(...)) : String
    ; r14 (v16) : String
    ; r15 (@total_out) : Ref<Int>
    ; r16 (@receipt_out) : Ref<String>
    ; r17 (v11) : Int
    ; r18 (@customer) : String
    ; r19 (v22) : String
    ; r20 (v23) : Handle<Int>
    ; r21 (v17) : String
    ; r22 (v18) : String
