---
source: acvus-mir-test/tests/optimized_cross_fn.rs
expression: raw
---
-- enrich --
=== main ===
     0 |   r0 = take $v1
     1 |   r1 = take $v2
     2 |   r2 = r0 + r1
     3 |   r3 = take $v1
     5 |   r4 = r3 / 10 (r5)
     6 |   r6 = r2 + r4
     7 |   return r6

    ; r0 ($val) : Int
    ; r1 ($offset) : Int
    ; r2 (v5) : Int
    ; r3 ($val) : Int
    ; r4 (v8) : Int
    ; r5 (v7) : Int
    ; r6 (v9) : Int
    ; r7 (v2) : Int
    ; r8 (v1) : Int

-- finalize --
=== main ===
     0 |   r0 = take $v1
     1 |   r1 = take $v2
     2 |   r2 = r0 / r1
     3 |   r3 = take $v2
     4 |   r4 = r2 * r3
     5 |   return r4

    ; r0 ($val) : Int
    ; r1 ($prec) : Int
    ; r2 (v5) : Int
    ; r3 ($prec) : Int
    ; r4 (v7) : Int
    ; r5 (v1) : Int
    ; r6 (v2) : Int

-- main --
=== main ===
     0 |   assign $order = r0
     1 |   r1 = fetch @offset
     2 |   assign @offset = r1
     3 |   r2 = fetch @stage2
     4 |   assign @stage2 = r2
     5 |   r3 = fetch @scale
     6 |   assign @scale = r3
     7 |   r4 = fetch @stage3
     8 |   assign @stage3 = r4
     9 |   r5 = fetch @source_id
    10 |   assign @source_id = r5
    11 |   r6 = fetch @stage1
    12 |   assign @stage1 = r6
    13 |   r7 = fetch @precision
    14 |   assign @precision = r7
    15 |   r8 = take @source_id
    16 |   r9 = take $order
    17 |   r10 = call #0(r8) [r9 -> r11]
    18 |   assign $order = r11
    19 |   assign raw = r10
    20 |   r12 = take raw
    21 |   r13 = take @scale
    22 |   r14 = call #1(r12, r13)
    23 |   assign s1 = r14
    24 |   r15 = take s1
    25 |   assign @stage1 = r15
    26 |   r16 = take s1
    27 |   r17 = take @offset
    28 |   r18 = call #2(r16, r17)
    29 |   assign s2 = r18
    30 |   r19 = take s2
    31 |   assign @stage2 = r19
    32 |   r20 = take s2
    33 |   r21 = take @precision
    34 |   r22 = call #3(r20, r21)
    35 |   assign s3 = r22
    36 |   r23 = take s3
    37 |   assign @stage3 = r23
    38 |   r24 = take s1
    39 |   r25 = take s2
    40 |   r26 = take s3
    41 |   r27 = take $order
    42 |   r28 = call #4(r24, r25, r26) [r27 -> r29]
    43 |   assign $order = r29
    44 |   r30 = take s3
    45 |   r31 = take @offset
    46 |   commit @offset = r31
    47 |   r32 = take @stage2
    48 |   commit @stage2 = r32
    49 |   r33 = take @scale
    50 |   commit @scale = r33
    51 |   r34 = take @stage3
    52 |   commit @stage3 = r34
    53 |   r35 = take @source_id
    54 |   commit @source_id = r35
    55 |   r36 = take @stage1
    56 |   commit @stage1 = r36
    57 |   r37 = take @precision
    58 |   commit @precision = r37
    59 |   r38 = take $order
    60 |   return r30 [r38]

    ; r0 (v1) : Order
    ; r1 (@offset) : Int
    ; r2 (@stage2) : Int
    ; r3 (@scale) : Int
    ; r4 (@stage3) : Int
    ; r5 (@source_id) : Int
    ; r6 (@stage1) : Int
    ; r7 (@precision) : Int
    ; r8 (@source_id) : Int
    ; r9 (v19) : Order
    ; r10 (fetch_data(...)) : Int
    ; r11 (v20) : Order
    ; r12 (raw) : Int
    ; r13 (@scale) : Int
    ; r14 (normalize(...)) : Int
    ; r15 (s1) : Int
    ; r16 (s1) : Int
    ; r17 (@offset) : Int
    ; r18 (enrich(...)) : Int
    ; r19 (s2) : Int
    ; r20 (s2) : Int
    ; r21 (@precision) : Int
    ; r22 (finalize(...)) : Int
    ; r23 (s3) : Int
    ; r24 (s1) : Int
    ; r25 (s2) : Int
    ; r26 (s3) : Int
    ; r27 (v41) : Order
    ; r28 (log_pipeline(...)) : Int
    ; r29 (v42) : Order
    ; r30 (s3) : Int
    ; r31 (v44) : Int
    ; r32 (v45) : Int
    ; r33 (v46) : Int
    ; r34 (v47) : Int
    ; r35 (v48) : Int
    ; r36 (v49) : Int
    ; r37 (v50) : Int
    ; r38 (v51) : Order
    ; r39 (@offset) : Int
    ; r40 (@stage3) : Int
    ; r41 (@stage2) : Int
    ; r42 (@source_id) : Int
    ; r43 (@precision) : Int
    ; r44 (@stage1) : Int
    ; r45 (@scale) : Int

-- normalize --
=== main ===
     0 |   r0 = take $v1
     1 |   r1 = take $v2
     2 |   r2 = r0 * r1
     4 |   r3 = r2 / 1000 (r4)
     5 |   return r3

    ; r0 ($val) : Int
    ; r1 ($scale) : Int
    ; r2 (v5) : Int
    ; r3 (v7) : Int
    ; r4 (v6) : Int
    ; r5 (v1) : Int
    ; r6 (v2) : Int
