---
source: acvus-mir-test/tests/optimized_cross_fn.rs
expression: raw
---
-- compute_score --
=== main ===
     0 |   r0 = take $v1
     1 |   r1 = take $v2
     2 |   r2 = r0 + r1
     3 |   r3 = take $v3
     4 |   r4 = r2 * r3
     6 |   r5 = r4 / 100 (r6)
     7 |   return r5

    ; r0 ($profile) : Int
    ; r1 ($history) : Int
    ; r2 (v6) : Int
    ; r3 ($weight) : Int
    ; r4 (v8) : Int
    ; r5 (v10) : Int
    ; r6 (v9) : Int
    ; r7 (v3) : Int
    ; r8 (v2) : Int
    ; r9 (v1) : Int

-- format_label --
=== literals ===
  T0 = "User("
  T1 = " score:"
  T2 = ")"

=== main ===
     1 |   r0 = take $v1
     2 |   r1 = call #0(r0)
     3 |   r2 = T0 + r1
     5 |   r3 = r2 + T1
     6 |   r4 = take $v2
     7 |   r5 = call #0(r4)
     8 |   r6 = r3 + r5
    10 |   r7 = r6 + T2
    11 |   return r7

    ; r0 ($profile) : Int
    ; r1 (to_string(...)) : String
    ; r2 (v6) : String
    ; r3 (v8) : String
    ; r4 ($score) : Int
    ; r5 (to_string(...)) : String
    ; r6 (v11) : String
    ; r7 (v13) : String
    ; r8 (v7) : String
    ; r9 (v3) : String
    ; r10 (v2) : Int
    ; r11 (v1) : Int
    ; r12 (v12) : String

-- main --
=== main ===
     0 |   assign $order = r0
     1 |   r1 = fetch @result_label
     2 |   assign @result_label = r1
     3 |   r2 = fetch @weight
     4 |   assign @weight = r2
     5 |   r3 = fetch @alert_count
     6 |   assign @alert_count = r3
     7 |   r4 = fetch @result_score
     8 |   assign @result_score = r4
     9 |   r5 = fetch @threshold
    10 |   assign @threshold = r5
    11 |   r6 = fetch @user_id
    12 |   assign @user_id = r6
    13 |   r7 = take @user_id
    14 |   r8 = take $order
    15 |   r9 = call #0(r7) [r8 -> r10]
    16 |   assign $order = r10
    17 |   assign profile = r9
    18 |   r11 = take @user_id
    19 |   r12 = take $order
    20 |   r13 = call #1(r11) [r12 -> r14]
    21 |   assign $order = r14
    22 |   assign history = r13
    23 |   r15 = take profile
    24 |   r16 = take history
    25 |   r17 = take @weight
    26 |   r18 = call #2(r15, r16, r17)
    27 |   assign score = r18
    28 |   r19 = take profile
    29 |   r20 = take score
    30 |   r21 = call #3(r19, r20)
    31 |   assign label = r21
    32 |   r22 = take score
    33 |   r23 = take @threshold
    34 |   r24 = r22 > r23
    35 |   r25 = test r24 == true
    36 |   jump_if r25 then L0 else L1
    37 | L0:
    38 |   r26 = take @user_id
    39 |   r27 = take score
    40 |   r28 = take $order
    41 |   r29 = call #4(r26, r27) [r28 -> r30]
    42 |   assign $order = r30
    43 |   r31 = take @alert_count
    45 |   r32 = r31 + 1 (r33)
    46 |   assign @alert_count = r32
    47 |   jump L1
    48 | L1:
    49 |   r34 = take label
    50 |   assign @result_label = r34
    51 |   r35 = take score
    52 |   assign @result_score = r35
    53 |   r36 = take score
    54 |   r37 = take @result_label
    55 |   commit @result_label = r37
    56 |   r38 = take @weight
    57 |   commit @weight = r38
    58 |   r39 = take @alert_count
    59 |   commit @alert_count = r39
    60 |   r40 = take @result_score
    61 |   commit @result_score = r40
    62 |   r41 = take @threshold
    63 |   commit @threshold = r41
    64 |   r42 = take @user_id
    65 |   commit @user_id = r42
    66 |   r43 = take $order
    67 |   return r36 [r43]

    ; r0 (v1) : Order
    ; r1 (@result_label) : String
    ; r2 (@weight) : Int
    ; r3 (@alert_count) : Int
    ; r4 (@result_score) : Int
    ; r5 (@threshold) : Int
    ; r6 (@user_id) : Int
    ; r7 (@user_id) : Int
    ; r8 (v17) : Order
    ; r9 (fetch_profile(...)) : Int
    ; r10 (v18) : Order
    ; r11 (@user_id) : Int
    ; r12 (v22) : Order
    ; r13 (fetch_history(...)) : Int
    ; r14 (v23) : Order
    ; r15 (profile) : Int
    ; r16 (history) : Int
    ; r17 (@weight) : Int
    ; r18 (compute_score(...)) : Int
    ; r19 (profile) : Int
    ; r20 (score) : Int
    ; r21 (format_label(...)) : String
    ; r22 (score) : Int
    ; r23 (@threshold) : Int
    ; r24 (v36) : Bool
    ; r25 (v37) : Bool
    ; r26 (@user_id) : Int
    ; r27 (score) : Int
    ; r28 (v41) : Order
    ; r29 (notify_alert(...)) : Int
    ; r30 (v42) : Order
    ; r31 (@alert_count) : Int
    ; r32 (v45) : Int
    ; r33 (v44) : Int
    ; r34 (label) : String
    ; r35 (score) : Int
    ; r36 (score) : Int
    ; r37 (v49) : String
    ; r38 (v50) : Int
    ; r39 (v51) : Int
    ; r40 (v52) : Int
    ; r41 (v53) : Int
    ; r42 (v54) : Int
    ; r43 (v55) : Order
    ; r44 (@result_label) : String
    ; r45 (@weight) : Int
    ; r46 (@result_score) : Int
    ; r47 (@threshold) : Int
    ; r48 (@user_id) : Int
    ; r49 (@alert_count) : Int
