---
source: acvus-mir-test/tests/optimized.rs
expression: opt
---
=== literals ===
  T0 = " (score: "
  T1 = ")"

=== main ===
     0 |   r0 = fetch @output
     1 |   drop r0
     2 |   r1 = fetch @min_score
     3 |   r2 = fetch @user
     4 |   assign @user = r2
     5 |   r3 = take @user.age
     7 |   r4 = r3 * 2 (r5)
     8 |   assign score = r4
     9 |   r6 = ref &@user.name
    10 |   r7 = const_str T0
    11 |   r8 = string_concat [r6, r7]
    12 |   assign v14 = r8
    13 |   r9 = ref &v14
    14 |   r10 = ref &score
    15 |   r11 = call #0(r10)
    16 |   assign v18 = r11
    17 |   r12 = ref &v18
    18 |   r13 = string_concat [r9, r12]
    19 |   drop r14
    20 |   drop r15
    21 |   assign v21 = r13
    22 |   r16 = ref &v21
    23 |   r17 = const_str T1
    24 |   r18 = string_concat [r16, r17]
    25 |   drop r19
    26 |   r20 = take score
    27 |   r21 = r20 > r1
    28 |   r22 = take score
    29 |   r23 = object {label: r18, score: r22, eligible: r21}
    30 |   assign @output = r23
    31 |   r24 = take @output.score
    32 |   r25 = take @output
    33 |   commit @output = r25
    34 |   commit @min_score = r1
    35 |   r26 = take @user
    36 |   commit @user = r26
    37 |   return r24

    ; r0 (@output) : {eligible: Bool, label: String, score: i64}
    ; r1 (@min_score) : i64
    ; r2 (@user) : {age: i64, name: String}
    ; r3 (@user.age) : i64
    ; r4 (v9) : i64
    ; r5 (v8) : i64
    ; r6 (@user.name) : &String
    ; r7 (v12) : &str
    ; r8 (v13) : String
    ; r9 (var_14.) : &String
    ; r10 (score.) : &i64
    ; r11 (to_string(...)) : String
    ; r12 (var_18.) : &String
    ; r13 (v20) : String
    ; r14 (v18) : String
    ; r15 (v14) : String
    ; r16 (var_21.) : &String
    ; r17 (v23) : &str
    ; r18 (v24) : String
    ; r19 (v21) : String
    ; r20 (score) : i64
    ; r21 (v28) : Bool
    ; r22 (score) : i64
    ; r23 (v33) : {eligible: Bool, label: String, score: i64}
    ; r24 (@output.score) : i64
    ; r25 (v35) : {eligible: Bool, label: String, score: i64}
    ; r26 (v37) : {age: i64, name: String}
    ; r27 (@min_score) : i64
    ; r28 (label) : String
    ; r29 (@min_score) : i64
    ; r30 (@user) : {age: i64, name: String}
    ; r31 (label) : String
    ; r32 (v36) : i64
    ; r33 (v40) : Bool
    ; r34 (v39) : String
    ; r35 (@output) : {eligible: Bool, label: String, score: i64}
    ; r36 (score) : i64
    ; r37 (eligible) : Bool
    ; r38 (eligible) : Bool
    ; r39 (v38) : i64
