---
source: acvus-mir-test/tests/optimized_cross_fn.rs
expression: opt
---
=== main ===
     0 │   r0 = ref @stage1
     1 │   r1 = load r0
     2 │   r2 = call #0(10 (r1))
     3 │   r0 = ref @stage1
     4 │   r1 = load r0
     5 │   r3 = r2 * 10 (r1)
     7 │   r2 = r3 / 10 (r1)
     8 │   r0 = ref @stage1
     9 │   r4 = ref @stage2
    10 │   r1 = load r4
    11 │   r3 = r2 + 10 (r1)
    13 │   r5 = r2 / 10 (r1)
    14 │   r1 = r3 + r5
    15 │   r4 = ref @stage2
    16 │   r6 = ref @stage3
    17 │   r3 = load r6
    18 │   r5 = 10 (r1) / r3
    19 │   r7 = r5 * r3
    20 │   r6 = ref @stage3
    21 │   r3 = call #1(r2, 10 (r1), r7)
    22 │   store r0 = r2
    23 │   store r4 = 10 (r1)
    24 │   store r6 = r7
    25 │   return r7

    ; r0 (@stage1) : Ref<Int>
    ; r1 (@offset) : Int
    ; r2 (fetch_data(...)) : Int
    ; r3 (log_pipeline(...)) : Int
    ; r4 (@stage2) : Ref<Int>
    ; r5 (v6) : Int
    ; r6 (@stage3) : Ref<Int>
    ; r7 (v8) : Int
