---
source: acvus-mir-test/tests/optimized_cross_fn.rs
expression: opt
---
=== literals ===
  T0 = " sub:"
  T1 = " disc:"
  T2 = " tax:"
  T3 = " ship:"
  T4 = " total:"

=== main ===
     0 |   r0 = fetch @item_count
     1 |   r1 = fetch @total_out
     2 |   r2 = fetch @shipping
     3 |   r3 = fetch @tax_rate
     4 |   r4 = fetch @default_ship
     5 |   r5 = fetch @receipt_out
     6 |   drop r5
     7 |   r6 = fetch @discount_rate
     8 |   r7 = fetch @customer
     9 |   r8 = fetch @free_ship_min
    11 |   r9 = r0 * 100 (r10)
    12 |   r11 = r9 * r6
    14 |   r12 = r11 / 100 (r13)
    15 |   r14 = r9 - r12
    16 |   r15 = r14 * r3
    18 |   r16 = r15 / 100 (r17)
    19 |   r18 = r9 - r12
    20 |   r19 = r18 + r16
    21 |   r20 = r19 > r8
    22 |   r21 = test r20 == true
    24 |   r22 = r19 <= r8
    25 |   r23 = test r22 == true
    26 |   jump_if r21 then L0 else L1(r2)
    27 | L0:
    28 |   jump L1(0 (r24))
    29 | L1(r25: Int):
    30 |   jump_if r23 then L2 else L3(r25)
    31 | L2:
    32 |   jump L3(r4)
    33 | L3(r26: Int):
    34 |   r27 = r19 + r26
    35 |   r28 = ref &$v124
    37 |   assign v148 = T0
    38 |   r29 = ref &v148
    39 |   r30 = string_concat [r28, r29]
    40 |   drop r31
    41 |   drop r32
    42 |   assign v151 = r30
    43 |   r33 = ref &v151
    44 |   r34 = ref &$v23
    45 |   r35 = call #0(r34)
    46 |   assign v155 = r35
    47 |   r36 = ref &v155
    48 |   r37 = string_concat [r33, r36]
    49 |   drop r38
    50 |   drop r39
    51 |   assign v158 = r37
    52 |   r40 = ref &v158
    54 |   assign v161 = T1
    55 |   r41 = ref &v161
    56 |   r42 = string_concat [r40, r41]
    57 |   drop r43
    58 |   drop r44
    59 |   assign v164 = r42
    60 |   r45 = ref &v164
    61 |   r46 = ref &$v132
    62 |   r47 = call #0(r46)
    63 |   assign v168 = r47
    64 |   r48 = ref &v168
    65 |   r49 = string_concat [r45, r48]
    66 |   drop r50
    67 |   drop r51
    68 |   assign v171 = r49
    69 |   r52 = ref &v171
    71 |   assign v174 = T2
    72 |   r53 = ref &v174
    73 |   r54 = string_concat [r52, r53]
    74 |   drop r55
    75 |   drop r56
    76 |   assign v177 = r54
    77 |   r57 = ref &v177
    78 |   r58 = ref &$v139
    79 |   r59 = call #0(r58)
    80 |   assign v181 = r59
    81 |   r60 = ref &v181
    82 |   r61 = string_concat [r57, r60]
    83 |   drop r62
    84 |   drop r63
    85 |   assign v184 = r61
    86 |   r64 = ref &v184
    88 |   assign v187 = T3
    89 |   r65 = ref &v187
    90 |   r66 = string_concat [r64, r65]
    91 |   drop r67
    92 |   drop r68
    93 |   assign v190 = r66
    94 |   r69 = ref &v190
    95 |   r70 = ref &$v100
    96 |   r71 = call #0(r70)
    97 |   assign v194 = r71
    98 |   r72 = ref &v194
    99 |   r73 = string_concat [r69, r72]
   100 |   drop r74
   101 |   drop r75
   102 |   assign v197 = r73
   103 |   r76 = ref &v197
   105 |   assign v200 = T4
   106 |   r77 = ref &v200
   107 |   r78 = string_concat [r76, r77]
   108 |   drop r79
   109 |   drop r80
   110 |   assign v203 = r78
   111 |   r81 = ref &v203
   112 |   r82 = ref &$v53
   113 |   r83 = call #0(r82)
   114 |   assign v207 = r83
   115 |   r84 = ref &v207
   116 |   r85 = string_concat [r81, r84]
   117 |   drop r86
   118 |   drop r87
   119 |   r88 = string_clone r85
   120 |   r89 = spawn #1(r88) [r90 ->]
   121 |   commit @item_count = r0
   122 |   commit @total_out = r27
   123 |   commit @shipping = r26
   124 |   commit @tax_rate = r3
   125 |   commit @default_ship = r4
   126 |   commit @receipt_out = r85
   127 |   commit @discount_rate = r6
   128 |   commit @customer = r7
   129 |   commit @free_ship_min = r8
   130 |   r91 = eval r89 [-> r92]
   131 |   return r27 [r92]

    ; orders: what the body's yielded Order waits for
    ;   eval@130 <- spawn@120 #1 <- r90(entry)

    ; r0 (@item_count) : Int
    ; r1 (@total_out) : Int
    ; r2 (@shipping) : Int
    ; r3 (@tax_rate) : Int
    ; r4 (@default_ship) : Int
    ; r5 (@receipt_out) : String
    ; r6 (@discount_rate) : Int
    ; r7 (@customer) : String
    ; r8 (@free_ship_min) : Int
    ; r9 (v23) : Int
    ; r10 (v22) : Int
    ; r11 (v130) : Int
    ; r12 (v132) : Int
    ; r13 (v131) : Int
    ; r14 (v31) : Int
    ; r15 (v137) : Int
    ; r16 (v139) : Int
    ; r17 (v138) : Int
    ; r18 (v37) : Int
    ; r19 (v39) : Int
    ; r20 (v43) : Bool
    ; r21 (v44) : Bool
    ; r22 (v48) : Bool
    ; r23 (v49) : Bool
    ; r24 (v45) : Int
    ; r25 (v101) : Int
    ; r26 (v100) : Int
    ; r27 (v53) : Int
    ; r28 ($param_1.) : &String
    ; r29 (@tax_rate.) : &String
    ; r30 (v150) : String
    ; r31 (v148) : String
    ; r32 (v124) : String
    ; r33 (@default_ship.) : &String
    ; r34 ($param_2.) : &Int
    ; r35 (to_string(...)) : String
    ; r36 (@discount_rate.) : &String
    ; r37 (v157) : String
    ; r38 (v155) : String
    ; r39 (v151) : String
    ; r40 (@free_ship_min.) : &String
    ; r41 (var_22.) : &String
    ; r42 (v163) : String
    ; r43 (v161) : String
    ; r44 (v158) : String
    ; r45 (subtotal.) : &String
    ; r46 ($param_3.) : &Int
    ; r47 (to_string(...)) : String
    ; r48 (subtotal.) : &String
    ; r49 (v170) : String
    ; r50 (v168) : String
    ; r51 (v164) : String
    ; r52 (@tax_rate.) : &String
    ; r53 (subtotal.) : &String
    ; r54 (v176) : String
    ; r55 (v174) : String
    ; r56 (v171) : String
    ; r57 (tax.) : &String
    ; r58 ($param_4.) : &Int
    ; r59 (to_string(...)) : String
    ; r60 (@free_ship_min.) : &String
    ; r61 (v183) : String
    ; r62 (v181) : String
    ; r63 (v177) : String
    ; r64 (var_45.) : &String
    ; r65 (var_48.) : &String
    ; r66 (v189) : String
    ; r67 (v187) : String
    ; r68 (v184) : String
    ; r69 (total.) : &String
    ; r70 ($param_5.) : &Int
    ; r71 (to_string(...)) : String
    ; r72 (@customer.) : &String
    ; r73 (v196) : String
    ; r74 (v194) : String
    ; r75 (v190) : String
    ; r76 (tax.) : &String
    ; r77 (var_61.) : &String
    ; r78 (v202) : String
    ; r79 (v200) : String
    ; r80 (v197) : String
    ; r81 (receipt.) : &String
    ; r82 ($param_6.) : &Int
    ; r83 (to_string(...)) : String
    ; r84 (var_68.) : &String
    ; r85 (v209) : String
    ; r86 (v207) : String
    ; r87 (v203) : String
    ; r88 (v125) : String
    ; r89 (v210) : Handle<Int>
    ; r90 (v1) : Order
    ; r91 (send_email(...)) : Int
    ; r92 (v68) : Order
    ; r93 (v88) : String
    ; r94 (subtotal) : Int
    ; r95 (v147) : String
    ; r96 (v84) : Int
    ; r97 (@item_count) : Int
    ; r98 (v80) : Order
    ; r99 (@customer) : String
    ; r100 (receipt) : String
    ; r101 (total) : Int
    ; r102 (v113) : Int
    ; r103 (@default_ship) : Int
    ; r104 (v75) : String
    ; r105 (receipt) : String
    ; r106 (v87) : Int
    ; r107 (subtotal) : Int
    ; r108 (v112) : Int
    ; r109 (v74) : Int
    ; r110 (@default_ship) : Int
    ; r111 (v99) : Int
    ; r112 (discount) : Int
    ; r113 (format_receipt(...)) : String
    ; r114 (v86) : String
    ; r115 (v111) : Order
    ; r116 (v199) : String
    ; r117 ($rate) : Int
    ; r118 (v73) : Int
    ; r119 (v98) : Int
    ; r120 (subtotal) : Int
    ; r121 (v186) : String
    ; r122 (v123) : String
    ; r123 (final_total) : Int
    ; r124 (v85) : Int
    ; r125 (v173) : String
    ; r126 (v110) : Order
    ; r127 (@free_ship_min) : Int
    ; r128 ($amount) : Int
    ; r129 (v72) : Int
    ; r130 (@tax_rate) : Int
    ; r131 (v160) : String
    ; r132 (v97) : Int
    ; r133 (tax) : Int
    ; r134 (v122) : Int
    ; r135 (@shipping) : Int
    ; r136 (v109) : Int
    ; r137 (total) : Int
    ; r138 (v71) : Int
    ; r139 (v96) : Int
    ; r140 (calc_tax(...)) : Int
    ; r141 (v121) : String
    ; r142 (tax) : Int
    ; r143 (v83) : Int
    ; r144 (v108) : Int
    ; r145 (v70) : Int
    ; r146 (@shipping) : Int
    ; r147 (v95) : String
    ; r148 (@tax_rate) : Int
    ; r149 (v120) : Int
    ; r150 (discount) : Int
    ; r151 (v82) : Int
    ; r152 (@free_ship_min) : Int
    ; r153 (v107) : Int
    ; r154 (final_total) : Int
    ; r155 (v94) : Int
    ; r156 (v119) : Int
    ; r157 (subtotal) : Int
    ; r158 (v81) : Int
    ; r159 (v106) : Int
    ; r160 (@total_out) : Int
    ; r161 (v93) : Int
    ; r162 (discount) : Int
    ; r163 (v118) : Int
    ; r164 (@customer) : String
    ; r165 (v105) : Int
    ; r166 (@free_ship_min) : Int
    ; r167 (v67) : Order
    ; r168 (v92) : Int
    ; r169 (subtotal) : Int
    ; r170 (v117) : Int
    ; r171 (final_total) : Int
    ; r172 (v79) : Order
    ; r173 (v104) : Int
    ; r174 (total) : Int
    ; r175 ($rate) : Int
    ; r176 (@item_count) : Int
    ; r177 (v91) : Int
    ; r178 (discount) : Int
    ; r179 (v116) : Int
    ; r180 (v78) : Int
    ; r181 (@discount_rate) : Int
    ; r182 (v103) : String
    ; r183 (total) : Int
    ; r184 ($subtotal) : Int
    ; r185 (v90) : Int
    ; r186 (calc_discount(...)) : Int
    ; r187 (v115) : Int
    ; r188 (@shipping) : Int
    ; r189 (v77) : String
    ; r190 (v102) : String
    ; r191 (receipt) : String
    ; r192 (v89) : Int
    ; r193 (@discount_rate) : Int
    ; r194 (v114) : Int
    ; r195 (v76) : Int
    ; r196 (@receipt_out) : String
    ; r197 (tax) : Int
    ; r198 (final_total) : Int
