---
source: acvus-mir-test/tests/optimized_cross_fn.rs
expression: opt
---
=== main ===
     0 |   r0 = ref @source_id
     1 |   r1 = load r0
     2 |   r2 = spawn #0(r1) [r3 ->]
     3 |   r0 = ref @scale
     4 |   r1 = load r0
     5 |   r4 = eval r2 [-> r3]
     6 |   r5 = r4 * r1
     7 |   r1 = const 1000
     8 |   r4 = r5 / r1
     9 |   r0 = ref @stage1
    10 |   r6 = ref @offset
    11 |   r1 = load r6
    12 |   r5 = r4 + r1
    13 |   r1 = const 10
    14 |   r7 = r4 / r1
    15 |   r1 = r5 + r7
    16 |   r6 = ref @stage2
    17 |   r8 = ref @precision
    18 |   r5 = load r8
    19 |   r7 = r1 / r5
    20 |   r9 = r7 * r5
    21 |   r2 = spawn #1(r4, r1, r9) [r3 ->]
    22 |   r8 = ref @stage3
    23 |   store r0 = r4
    24 |   store r6 = r1
    25 |   store r8 = r9
    26 |   r1 = eval r2 [-> r3]
    27 |   return r9 [r3]

    ; r0 (@stage1) : Ref<Int>
    ; r1 (@offset) : Int
    ; r2 (v4) : Handle<Int>
    ; r3 (v1) : Order
    ; r4 (v5) : Int
    ; r5 (@precision) : Int
    ; r6 (@stage2) : Ref<Int>
    ; r7 (v8) : Int
    ; r8 (@stage3) : Ref<Int>
    ; r9 (v10) : Int
