---
source: acvus-mir-test/tests/optimized_cross_fn.rs
expression: raw
---
-- calc_discount --
=== main ===
     0 |   r0 = take $v1
     1 |   r1 = take $v2
     2 |   r2 = r0 * r1
     4 |   r3 = r2 / 100 (r4)
     5 |   return r3

    ; r0 ($subtotal) : i64
    ; r1 ($rate) : i64
    ; r2 (v5) : i64
    ; r3 (v7) : i64
    ; r4 (v6) : i64
    ; r5 (v1) : i64
    ; r6 (v2) : i64

-- calc_tax --
=== main ===
     0 |   r0 = take $v1
     1 |   r1 = take $v2
     2 |   r2 = r0 * r1
     4 |   r3 = r2 / 100 (r4)
     5 |   return r3

    ; r0 ($amount) : i64
    ; r1 ($rate) : i64
    ; r2 (v5) : i64
    ; r3 (v7) : i64
    ; r4 (v6) : i64
    ; r5 (v1) : i64
    ; r6 (v2) : i64

-- format_receipt --
=== literals ===
  T0 = " sub:"
  T1 = " disc:"
  T2 = " tax:"
  T3 = " ship:"
  T4 = " total:"

=== main ===
     0 |   r0 = ref &$v1
     2 |   assign v9 = T0
     3 |   r1 = ref &v9
     4 |   r2 = string_concat [r0, r1]
     5 |   assign v12 = r2
     6 |   r3 = ref &v12
     7 |   r4 = ref &$v2
     8 |   r5 = call #0(r4)
     9 |   assign v16 = r5
    10 |   r6 = ref &v16
    11 |   r7 = string_concat [r3, r6]
    12 |   assign v19 = r7
    13 |   r8 = ref &v19
    15 |   assign v22 = T1
    16 |   r9 = ref &v22
    17 |   r10 = string_concat [r8, r9]
    18 |   assign v25 = r10
    19 |   r11 = ref &v25
    20 |   r12 = ref &$v3
    21 |   r13 = call #0(r12)
    22 |   assign v29 = r13
    23 |   r14 = ref &v29
    24 |   r15 = string_concat [r11, r14]
    25 |   assign v32 = r15
    26 |   r16 = ref &v32
    28 |   assign v35 = T2
    29 |   r17 = ref &v35
    30 |   r18 = string_concat [r16, r17]
    31 |   assign v38 = r18
    32 |   r19 = ref &v38
    33 |   r20 = ref &$v4
    34 |   r21 = call #0(r20)
    35 |   assign v42 = r21
    36 |   r22 = ref &v42
    37 |   r23 = string_concat [r19, r22]
    38 |   assign v45 = r23
    39 |   r24 = ref &v45
    41 |   assign v48 = T3
    42 |   r25 = ref &v48
    43 |   r26 = string_concat [r24, r25]
    44 |   assign v51 = r26
    45 |   r27 = ref &v51
    46 |   r28 = ref &$v5
    47 |   r29 = call #0(r28)
    48 |   assign v55 = r29
    49 |   r30 = ref &v55
    50 |   r31 = string_concat [r27, r30]
    51 |   assign v58 = r31
    52 |   r32 = ref &v58
    54 |   assign v61 = T4
    55 |   r33 = ref &v61
    56 |   r34 = string_concat [r32, r33]
    57 |   assign v64 = r34
    58 |   r35 = ref &v64
    59 |   r36 = ref &$v6
    60 |   r37 = call #0(r36)
    61 |   assign v68 = r37
    62 |   r38 = ref &v68
    63 |   r39 = string_concat [r35, r38]
    64 |   return r39

    ; r0 ($param_1.) : &String
    ; r1 (var_9.) : &String
    ; r2 (v11) : String
    ; r3 (var_12.) : &String
    ; r4 ($param_2.) : &i64
    ; r5 (to_string(...)) : String
    ; r6 (var_16.) : &String
    ; r7 (v18) : String
    ; r8 (var_19.) : &String
    ; r9 (var_22.) : &String
    ; r10 (v24) : String
    ; r11 (var_25.) : &String
    ; r12 ($param_3.) : &i64
    ; r13 (to_string(...)) : String
    ; r14 (var_29.) : &String
    ; r15 (v31) : String
    ; r16 (var_32.) : &String
    ; r17 (var_35.) : &String
    ; r18 (v37) : String
    ; r19 (var_38.) : &String
    ; r20 ($param_4.) : &i64
    ; r21 (to_string(...)) : String
    ; r22 (var_42.) : &String
    ; r23 (v44) : String
    ; r24 (var_45.) : &String
    ; r25 (var_48.) : &String
    ; r26 (v50) : String
    ; r27 (var_51.) : &String
    ; r28 ($param_5.) : &i64
    ; r29 (to_string(...)) : String
    ; r30 (var_55.) : &String
    ; r31 (v57) : String
    ; r32 (var_58.) : &String
    ; r33 (var_61.) : &String
    ; r34 (v63) : String
    ; r35 (var_64.) : &String
    ; r36 ($param_6.) : &i64
    ; r37 (to_string(...)) : String
    ; r38 (var_68.) : &String
    ; r39 (v70) : String
    ; r40 (v25) : String
    ; r41 (v3) : i64
    ; r42 (v47) : String
    ; r43 (v60) : String
    ; r44 (v9) : String
    ; r45 (v51) : String
    ; r46 (v6) : i64
    ; r47 (v12) : String
    ; r48 (v68) : String
    ; r49 (v5) : i64
    ; r50 (v55) : String
    ; r51 (v61) : String
    ; r52 (v42) : String
    ; r53 (v4) : i64
    ; r54 (v48) : String
    ; r55 (v29) : String
    ; r56 (v35) : String
    ; r57 (v16) : String
    ; r58 (v22) : String
    ; r59 (v34) : String
    ; r60 (v21) : String
    ; r61 (v2) : i64
    ; r62 (v8) : String
    ; r63 (v58) : String
    ; r64 (v64) : String
    ; r65 (v1) : String
    ; r66 (v45) : String
    ; r67 (v32) : String
    ; r68 (v38) : String
    ; r69 (v19) : String

-- main --
=== main ===
     0 |   assign $order = r0
     1 |   r1 = fetch @item_count
     2 |   assign @item_count = r1
     3 |   r2 = fetch @total_out
     4 |   assign @total_out = r2
     5 |   r3 = fetch @shipping
     6 |   assign @shipping = r3
     7 |   r4 = fetch @tax_rate
     8 |   assign @tax_rate = r4
     9 |   r5 = fetch @default_ship
    10 |   assign @default_ship = r5
    11 |   r6 = fetch @receipt_out
    12 |   assign @receipt_out = r6
    13 |   r7 = fetch @discount_rate
    14 |   assign @discount_rate = r7
    15 |   r8 = fetch @customer
    16 |   assign @customer = r8
    17 |   r9 = fetch @free_ship_min
    18 |   assign @free_ship_min = r9
    19 |   r10 = take @item_count
    21 |   r11 = r10 * 100 (r12)
    22 |   assign subtotal = r11
    23 |   r13 = take subtotal
    24 |   r14 = take @discount_rate
    25 |   r15 = call #0(r13, r14)
    26 |   assign discount = r15
    27 |   r16 = take subtotal
    28 |   r17 = take discount
    29 |   r18 = r16 - r17
    30 |   r19 = take @tax_rate
    31 |   r20 = call #1(r18, r19)
    32 |   assign tax = r20
    33 |   r21 = take subtotal
    34 |   r22 = take discount
    35 |   r23 = r21 - r22
    36 |   r24 = take tax
    37 |   r25 = r23 + r24
    38 |   assign total = r25
    39 |   r26 = take total
    40 |   r27 = take @free_ship_min
    41 |   r28 = r26 > r27
    42 |   r29 = test r28 == true
    43 |   jump_if r29 then L0 else L1
    44 | L0:
    46 |   assign @shipping = 0 (r30)
    47 |   jump L1
    48 | L1:
    50 |   r31 = take total
    51 |   r32 = take @free_ship_min
    52 |   r33 = r31 <= r32
    53 |   r34 = test r33 == true
    54 |   jump_if r34 then L2 else L3
    55 | L2:
    56 |   r35 = take @default_ship
    57 |   assign @shipping = r35
    58 |   jump L3
    59 | L3:
    61 |   r36 = take total
    62 |   r37 = take @shipping
    63 |   r38 = r36 + r37
    64 |   assign final_total = r38
    65 |   r39 = take @customer
    66 |   r40 = take subtotal
    67 |   r41 = take discount
    68 |   r42 = take tax
    69 |   r43 = take @shipping
    70 |   r44 = take final_total
    71 |   r45 = call #2(r39, r40, r41, r42, r43, r44)
    72 |   assign receipt = r45
    73 |   r46 = take final_total
    74 |   assign @total_out = r46
    75 |   r47 = take receipt
    76 |   assign @receipt_out = r47
    77 |   r48 = take receipt
    78 |   r49 = take $order
    79 |   r50 = call #3(r48) [r49 -> r51]
    80 |   assign $order = r51
    81 |   r52 = take final_total
    82 |   r53 = take @item_count
    83 |   commit @item_count = r53
    84 |   r54 = take @total_out
    85 |   commit @total_out = r54
    86 |   r55 = take @shipping
    87 |   commit @shipping = r55
    88 |   r56 = take @tax_rate
    89 |   commit @tax_rate = r56
    90 |   r57 = take @default_ship
    91 |   commit @default_ship = r57
    92 |   r58 = take @receipt_out
    93 |   commit @receipt_out = r58
    94 |   r59 = take @discount_rate
    95 |   commit @discount_rate = r59
    96 |   r60 = take @customer
    97 |   commit @customer = r60
    98 |   r61 = take @free_ship_min
    99 |   commit @free_ship_min = r61
   100 |   r62 = take $order
   101 |   return r52 [r62]

    ; orders: what the body's yielded Order waits for
    ;   r62(entry)

    ; r0 (v1) : Order
    ; r1 (@item_count) : i64
    ; r2 (@total_out) : i64
    ; r3 (@shipping) : i64
    ; r4 (@tax_rate) : i64
    ; r5 (@default_ship) : i64
    ; r6 (@receipt_out) : String
    ; r7 (@discount_rate) : i64
    ; r8 (@customer) : String
    ; r9 (@free_ship_min) : i64
    ; r10 (@item_count) : i64
    ; r11 (v23) : i64
    ; r12 (v22) : i64
    ; r13 (subtotal) : i64
    ; r14 (@discount_rate) : i64
    ; r15 (calc_discount(...)) : i64
    ; r16 (subtotal) : i64
    ; r17 (discount) : i64
    ; r18 (v31) : i64
    ; r19 (@tax_rate) : i64
    ; r20 (calc_tax(...)) : i64
    ; r21 (subtotal) : i64
    ; r22 (discount) : i64
    ; r23 (v37) : i64
    ; r24 (tax) : i64
    ; r25 (v39) : i64
    ; r26 (total) : i64
    ; r27 (@free_ship_min) : i64
    ; r28 (v43) : Bool
    ; r29 (v44) : Bool
    ; r30 (v45) : i64
    ; r31 (total) : i64
    ; r32 (@free_ship_min) : i64
    ; r33 (v49) : Bool
    ; r34 (v50) : Bool
    ; r35 (@default_ship) : i64
    ; r36 (total) : i64
    ; r37 (@shipping) : i64
    ; r38 (v55) : i64
    ; r39 (@customer) : String
    ; r40 (subtotal) : i64
    ; r41 (discount) : i64
    ; r42 (tax) : i64
    ; r43 (@shipping) : i64
    ; r44 (final_total) : i64
    ; r45 (format_receipt(...)) : String
    ; r46 (final_total) : i64
    ; r47 (receipt) : String
    ; r48 (receipt) : String
    ; r49 (v69) : Order
    ; r50 (send_email(...)) : i64
    ; r51 (v70) : Order
    ; r52 (final_total) : i64
    ; r53 (v72) : i64
    ; r54 (v73) : i64
    ; r55 (v74) : i64
    ; r56 (v75) : i64
    ; r57 (v76) : i64
    ; r58 (v77) : String
    ; r59 (v78) : i64
    ; r60 (v79) : String
    ; r61 (v80) : i64
    ; r62 (v81) : Order
    ; r63 (@item_count) : i64
    ; r64 (discount) : i64
    ; r65 (final_total) : i64
    ; r66 (subtotal) : i64
    ; r67 (@total_out) : i64
    ; r68 (@default_ship) : i64
    ; r69 (@customer) : String
    ; r70 (@tax_rate) : i64
    ; r71 (tax) : i64
    ; r72 (@discount_rate) : i64
    ; r73 (total) : i64
    ; r74 (v46) : Unit
    ; r75 (v52) : Unit
    ; r76 (receipt) : String
    ; r77 (@shipping) : i64
    ; r78 (@receipt_out) : String
    ; r79 (@free_ship_min) : i64
