---
source: acvus-mir-test/tests/optimized.rs
expression: opt
---
=== literals ===
  T0 = "unknown"
  T1 = "senior"
  T2 = "adult"
  T3 = "minor"
  T4 = " ("
  T5 = ")"

=== main ===
     0 |   r0 = fetch @output
     1 |   assign @output = r0
     2 |   r1 = fetch @user
     3 |   assign @user = r1
     4 |   r2 = take @user.age
     6 |   assign @output = T0
     8 |   r3 = r2 >= 65 (r4)
     9 |   r5 = test r3 == true
    11 |   r6 = r2 >= 18 (r7)
    12 |   r8 = test r6 == true
    14 |   r9 = r2 < 18 (r10)
    15 |   r11 = test r9 == true
    16 |   jump_if r5 then L0 else L1
    17 | L0:
    18 |   drop r12
    20 |   assign @output = T1
    21 |   jump L1
    22 | L1:
    23 |   jump_if r8 then L2 else L3
    24 | L2:
    25 |   drop r12
    27 |   assign @output = T2
    28 |   jump L3
    29 | L3:
    30 |   jump_if r11 then L4 else L5
    31 | L4:
    32 |   drop r12
    34 |   assign @output = T3
    35 |   jump L5
    36 | L5:
    37 |   r13 = ref &@user.name
    39 |   assign v31 = T4
    40 |   r14 = ref &v31
    41 |   r15 = string_concat [r13, r14]
    42 |   drop r16
    43 |   assign v34 = r15
    44 |   r17 = ref &v34
    45 |   r18 = ref &@output
    46 |   r19 = string_concat [r17, r18]
    47 |   drop r20
    48 |   assign v38 = r19
    49 |   r21 = ref &v38
    51 |   assign v41 = T5
    52 |   r22 = ref &v41
    53 |   r23 = string_concat [r21, r22]
    54 |   drop r24
    55 |   drop r25
    56 |   assign @output = r23
    57 |   r26 = take @output
    58 |   r27 = take @output
    59 |   commit @output = r27
    60 |   r28 = take @user
    61 |   commit @user = r28
    62 |   return r26

    ; r0 (@output) : String
    ; r1 (@user) : {age: i64, name: String}
    ; r2 (@user.age) : i64
    ; r3 (v10) : Bool
    ; r4 (v9) : i64
    ; r5 (v13) : Bool
    ; r6 (v17) : Bool
    ; r7 (v16) : i64
    ; r8 (v20) : Bool
    ; r9 (v24) : Bool
    ; r10 (v23) : i64
    ; r11 (v27) : Bool
    ; r12 (@output) : String
    ; r13 (@user.name) : &String
    ; r14 (var_31.) : &String
    ; r15 (v33) : String
    ; r16 (v31) : String
    ; r17 (var_34.) : &String
    ; r18 (@output.) : &String
    ; r19 (v37) : String
    ; r20 (v34) : String
    ; r21 (var_38.) : &String
    ; r22 (var_41.) : &String
    ; r23 (v43) : String
    ; r24 (v41) : String
    ; r25 (v38) : String
    ; r26 (@output) : String
    ; r27 (v45) : String
    ; r28 (v46) : {age: i64, name: String}
    ; r29 ($source) : Bool
    ; r30 (age) : i64
    ; r31 (v50) : Bool
    ; r32 (v12) : Bool
    ; r33 (v56) : Bool
    ; r34 (v48) : Bool
    ; r35 ($source) : Bool
    ; r36 (v49) : Bool
    ; r37 (v30) : String
    ; r38 ($source) : Bool
    ; r39 (v55) : Bool
    ; r40 (v54) : Bool
    ; r41 (v60) : Bool
    ; r42 (age) : i64
    ; r43 (@user) : {age: i64, name: String}
    ; r44 (v47) : i64
    ; r45 (v28) : String
    ; r46 (v53) : Bool
    ; r47 (v59) : Bool
    ; r48 (age) : i64
    ; r49 (v21) : String
    ; r50 (v40) : String
    ; r51 (v58) : Bool
    ; r52 (v14) : String
    ; r53 (v7) : String
    ; r54 (v26) : Bool
    ; r55 (age) : i64
    ; r56 (v52) : i64
    ; r57 (v51) : i64
    ; r58 (v57) : i64
    ; r59 (v19) : Bool
