---
source: acvus-mir-test/tests/optimized.rs
expression: opt
---
=== main ===
     0 |   r0 = ref @output
     1 |   r1 = ref @low
     2 |   r2 = ref @high
     3 |   r3 = ref @output
     4 |   r4 = ref @low
     5 |   r5 = ref @high
     6 |   r6 = ref @input
     7 |   r7 = const 100
     8 |   r8 = load r0
     9 |   r9 = load r1
    10 |   r10 = load r2
    11 |   r11 = load r6
    12 |   r12 = r11 > r7
    13 |   r13 = test r12 == true
    14 |   r7 = const 1
    15 |   r14 = r10 + r7
    16 |   r7 = const 2
    17 |   r15 = r11 * r7
    18 |   r7 = const 100
    19 |   r12 = r11 <= r7
    20 |   r16 = test r12 == true
    21 |   r7 = const 1
    22 |   r17 = r9 + r7
    23 |   r7 = const 10
    24 |   r18 = r11 + r7
    25 |   jump_if r13 then L0 else L1(r8, r10)
    26 | L0:
    27 |   jump L1(r15, r14)
    28 | L1(r7: Int, r8: Int):
    29 |   store r5 = r8
    30 |   jump_if r16 then L2 else L3(r7, r9)
    31 | L2:
    32 |   jump L3(r18, r17)
    33 | L3(r7: Int, r8: Int):
    34 |   store r3 = r7
    35 |   store r4 = r8
    36 |   return r7

    ; r0 (@output) : Ref<Int>
    ; r1 (@low) : Ref<Int>
    ; r2 (@high) : Ref<Int>
    ; r3 (@output) : Ref<Int>
    ; r4 (@low) : Ref<Int>
    ; r5 (@high) : Ref<Int>
    ; r6 (@input) : Ref<Int>
    ; r7 (v8) : Int
    ; r8 (@output) : Int
    ; r9 (@low) : Int
    ; r10 (@high) : Int
    ; r11 (@input) : Int
    ; r12 (v13) : Bool
    ; r13 (v14) : Bool
    ; r14 (v15) : Int
    ; r15 (v16) : Int
    ; r16 (v17) : Bool
    ; r17 (v18) : Int
    ; r18 (v19) : Int
