---
source: acvus-mir-test/tests/optimized_cross_fn.rs
expression: raw
---
── calc_discount ──
=== main ===
     0 │   r0 = ref $v1
     1 │   r1 = load r0
     2 │   r2 = ref $v2
     3 │   r3 = load r2
     4 │   r4 = r1 * r3
     6 │   r5 = r4 / 100 (r6)
     7 │   return r5

    ; r0 (v3) : Ref<Int>
    ; r1 ($subtotal) : Int
    ; r2 (v5) : Ref<Int>
    ; r3 ($rate) : Int
    ; r4 (v7) : Int
    ; r5 (v9) : Int
    ; r6 (v8) : Int
    ; r7 (v2) : Int
    ; r8 (v1) : Int

── calc_tax ──
=== main ===
     0 │   r0 = ref $v1
     1 │   r1 = load r0
     2 │   r2 = ref $v2
     3 │   r3 = load r2
     4 │   r4 = r1 * r3
     6 │   r5 = r4 / 100 (r6)
     7 │   return r5

    ; r0 (v3) : Ref<Int>
    ; r1 ($amount) : Int
    ; r2 (v5) : Ref<Int>
    ; r3 ($rate) : Int
    ; r4 (v7) : Int
    ; r5 (v9) : Int
    ; r6 (v8) : Int
    ; r7 (v2) : Int
    ; r8 (v1) : Int

── format_receipt ──
=== literals ===
  T0 = " sub:"
  T1 = " disc:"
  T2 = " tax:"
  T3 = " ship:"
  T4 = " total:"

=== main ===
     0 │   r0 = ref $v1
     1 │   r1 = load r0
     3 │   r2 = r1 + T0
     4 │   r3 = ref $v2
     5 │   r4 = load r3
     6 │   r5 = call #0(r4)
     7 │   r6 = r2 + r5
     9 │   r7 = r6 + T1
    10 │   r8 = ref $v3
    11 │   r9 = load r8
    12 │   r10 = call #0(r9)
    13 │   r11 = r7 + r10
    15 │   r12 = r11 + T2
    16 │   r13 = ref $v4
    17 │   r14 = load r13
    18 │   r15 = call #0(r14)
    19 │   r16 = r12 + r15
    21 │   r17 = r16 + T3
    22 │   r18 = ref $v5
    23 │   r19 = load r18
    24 │   r20 = call #0(r19)
    25 │   r21 = r17 + r20
    27 │   r22 = r21 + T4
    28 │   r23 = ref $v6
    29 │   r24 = load r23
    30 │   r25 = call #0(r24)
    31 │   r26 = r22 + r25
    32 │   return r26

    ; r0 (v7) : Ref<String>
    ; r1 ($name) : String
    ; r2 (v10) : String
    ; r3 (v11) : Ref<Int>
    ; r4 ($sub) : Int
    ; r5 (to_string(...)) : String
    ; r6 (v14) : String
    ; r7 (v16) : String
    ; r8 (v17) : Ref<Int>
    ; r9 ($disc) : Int
    ; r10 (to_string(...)) : String
    ; r11 (v20) : String
    ; r12 (v22) : String
    ; r13 (v23) : Ref<Int>
    ; r14 ($tax) : Int
    ; r15 (to_string(...)) : String
    ; r16 (v26) : String
    ; r17 (v28) : String
    ; r18 (v29) : Ref<Int>
    ; r19 ($ship) : Int
    ; r20 (to_string(...)) : String
    ; r21 (v32) : String
    ; r22 (v34) : String
    ; r23 (v35) : Ref<Int>
    ; r24 ($total) : Int
    ; r25 (to_string(...)) : String
    ; r26 (v38) : String
    ; r27 (v3) : Int
    ; r28 (v6) : Int
    ; r29 (v9) : String
    ; r30 (v27) : String
    ; r31 (v33) : String
    ; r32 (v15) : String
    ; r33 (v21) : String
    ; r34 (v2) : Int
    ; r35 (v5) : Int
    ; r36 (v1) : String
    ; r37 (v4) : Int

── main ──
=== main ===
     0 │   r0 = ref @item_count
     1 │   r1 = load r0
     3 │   r2 = r1 * 100 (r3)
     4 │   r4 = ref subtotal
     5 │   store r4 = r2
     6 │   r5 = ref subtotal
     7 │   r6 = load r5
     8 │   r7 = ref @discount_rate
     9 │   r8 = load r7
    10 │   r9 = call #0(r6, r8)
    11 │   r10 = ref discount
    12 │   store r10 = r9
    13 │   r11 = ref subtotal
    14 │   r12 = load r11
    15 │   r13 = ref discount
    16 │   r14 = load r13
    17 │   r15 = r12 - r14
    18 │   r16 = ref @tax_rate
    19 │   r17 = load r16
    20 │   r18 = call #1(r15, r17)
    21 │   r19 = ref tax
    22 │   store r19 = r18
    23 │   r20 = ref subtotal
    24 │   r21 = load r20
    25 │   r22 = ref discount
    26 │   r23 = load r22
    27 │   r24 = r21 - r23
    28 │   r25 = ref tax
    29 │   r26 = load r25
    30 │   r27 = r24 + r26
    31 │   r28 = ref total
    32 │   store r28 = r27
    33 │   r29 = ref total
    34 │   r30 = load r29
    35 │   r31 = ref @free_ship_min
    36 │   r32 = load r31
    37 │   r33 = r30 > r32
    38 │   r34 = test r33 == true
    39 │   jump_if r34 then L0 else L1
    40 │ L0:
    42 │   r35 = ref @shipping
    43 │   store r35 = 0 (r36)
    44 │   jump L1
    45 │ L1:
    46 │   r37 = ref total
    47 │   r38 = load r37
    48 │   r39 = ref @free_ship_min
    49 │   r40 = load r39
    50 │   r41 = r38 <= r40
    51 │   r42 = test r41 == true
    52 │   jump_if r42 then L2 else L3
    53 │ L2:
    54 │   r43 = ref @default_ship
    55 │   r44 = load r43
    56 │   r45 = ref @shipping
    57 │   store r45 = r44
    58 │   jump L3
    59 │ L3:
    60 │   r46 = ref total
    61 │   r47 = load r46
    62 │   r48 = ref @shipping
    63 │   r49 = load r48
    64 │   r50 = r47 + r49
    65 │   r51 = ref final_total
    66 │   store r51 = r50
    67 │   r52 = ref @customer
    68 │   r53 = load r52
    69 │   r54 = ref subtotal
    70 │   r55 = load r54
    71 │   r56 = ref discount
    72 │   r57 = load r56
    73 │   r58 = ref tax
    74 │   r59 = load r58
    75 │   r60 = ref @shipping
    76 │   r61 = load r60
    77 │   r62 = ref final_total
    78 │   r63 = load r62
    79 │   r64 = call #2(r53, r55, r57, r59, r61, r63)
    80 │   r65 = ref receipt
    81 │   store r65 = r64
    82 │   r66 = ref final_total
    83 │   r67 = load r66
    84 │   r68 = ref @total_out
    85 │   store r68 = r67
    86 │   r69 = ref receipt
    87 │   r70 = load r69
    88 │   r71 = ref @receipt_out
    89 │   store r71 = r70
    90 │   r72 = ref receipt
    91 │   r73 = load r72
    92 │   r74 = call #3(r73)
    93 │   r75 = ref final_total
    94 │   r76 = load r75
    95 │   return r76

    ; r0 (@item_count) : Ref<Int>
    ; r1 (v2) : Int
    ; r2 (v4) : Int
    ; r3 (v3) : Int
    ; r4 (v6) : Ref<Int>
    ; r5 (v7) : Ref<Int>
    ; r6 (subtotal) : Int
    ; r7 (@discount_rate) : Ref<Int>
    ; r8 (v10) : Int
    ; r9 (calc_discount(...)) : Int
    ; r10 (v13) : Ref<Int>
    ; r11 (v14) : Ref<Int>
    ; r12 (subtotal) : Int
    ; r13 (v16) : Ref<Int>
    ; r14 (discount) : Int
    ; r15 (v18) : Int
    ; r16 (@tax_rate) : Ref<Int>
    ; r17 (v20) : Int
    ; r18 (calc_tax(...)) : Int
    ; r19 (v23) : Ref<Int>
    ; r20 (v24) : Ref<Int>
    ; r21 (subtotal) : Int
    ; r22 (v26) : Ref<Int>
    ; r23 (discount) : Int
    ; r24 (v28) : Int
    ; r25 (v29) : Ref<Int>
    ; r26 (tax) : Int
    ; r27 (v31) : Int
    ; r28 (v33) : Ref<Int>
    ; r29 (v34) : Ref<Int>
    ; r30 (total) : Int
    ; r31 (@free_ship_min) : Ref<Int>
    ; r32 (v37) : Int
    ; r33 (v38) : Bool
    ; r34 (v39) : Bool
    ; r35 (@shipping) : Ref<Int>
    ; r36 (v40) : Int
    ; r37 (v42) : Ref<Int>
    ; r38 (total) : Int
    ; r39 (@free_ship_min) : Ref<Int>
    ; r40 (v45) : Int
    ; r41 (v46) : Bool
    ; r42 (v47) : Bool
    ; r43 (@default_ship) : Ref<Int>
    ; r44 (v49) : Int
    ; r45 (@shipping) : Ref<Int>
    ; r46 (v51) : Ref<Int>
    ; r47 (total) : Int
    ; r48 (@shipping) : Ref<Int>
    ; r49 (v54) : Int
    ; r50 (v55) : Int
    ; r51 (v57) : Ref<Int>
    ; r52 (@customer) : Ref<String>
    ; r53 (v59) : String
    ; r54 (v60) : Ref<Int>
    ; r55 (subtotal) : Int
    ; r56 (v62) : Ref<Int>
    ; r57 (discount) : Int
    ; r58 (v64) : Ref<Int>
    ; r59 (tax) : Int
    ; r60 (@shipping) : Ref<Int>
    ; r61 (v67) : Int
    ; r62 (v68) : Ref<Int>
    ; r63 (final_total) : Int
    ; r64 (format_receipt(...)) : String
    ; r65 (v72) : Ref<String>
    ; r66 (v73) : Ref<Int>
    ; r67 (final_total) : Int
    ; r68 (@total_out) : Ref<Int>
    ; r69 (v76) : Ref<String>
    ; r70 (receipt) : String
    ; r71 (@receipt_out) : Ref<String>
    ; r72 (v79) : Ref<String>
    ; r73 (receipt) : String
    ; r74 (send_email(...)) : Int
    ; r75 (v82) : Ref<Int>
    ; r76 (final_total) : Int
