---
source: acvus-mir-test/tests/optimized_cross_fn.rs
expression: opt
---
=== literals ===
  T0 = ", "
  T1 = "S:"
  T2 = " A:"
  T3 = " M:"
  T4 = " age:"
  T5 = " | "

=== main ===
     0 │   r0 = undef
     1 │   r1 = undef
     2 │   r2 = ref @adult_count
     3 │   r3 = ref @minor_count
     4 │   r4 = ref @name_list
     5 │   r5 = ref @total_age
     6 │   r6 = ref @senior_count
     7 │   r7 = ref @adult_count
     8 │   r8 = ref @minor_count
     9 │   r9 = ref @name_list
    10 │   r10 = ref @senior_count
    11 │   r11 = ref @total_age
    12 │   r12 = ref @users
    31 │   r13 = ref @output
    32 │   r14 = load r12
    33 │   r15 = load r7
    34 │   r16 = load r8
    35 │   r17 = load r9
    36 │   r18 = load r10
    37 │   r19 = load r11
    38 │   jump L0(0 (r20), r15, r16, r17, r19, r18, r0, r1)
    39 │ L0(r1: Int, r20: Int, r15: Int, r17: String, r16: Int, r18: Int, r0: {age: Int, name: String}, r19: Int):
    40 │   store r2 = 0 (r20)
    41 │   store r3 = r15
    42 │   store r4 = r17
    43 │   store r5 = r16
    44 │   store r6 = r18
    45 │   r21 = r18 + 1 (r22)
    46 │   r23 = 0 (r20) + 1 (r24)
    47 │   r25 = r15 + 1 (r26)
    48 │   r27 = call #0(r18)
    49 │   r28 = T1 + r27
    50 │   r27 = r28 + T2
    51 │   r28 = call #0(0 (r20))
    52 │   r29 = r27 + r28
    53 │   r27 = r29 + T3
    54 │   r28 = call #0(r15)
    55 │   r29 = r27 + r28
    56 │   r27 = r29 + T4
    57 │   r28 = call #0(r16)
    58 │   r29 = r27 + r28
    59 │   r27 = r29 + T5
    60 │   r28 = r27 + r17
    61 │   list_step r30, r31 = r14[r1] else L1()
    62 │ L2:
    63 │   r1 = r30.age
    64 │   r32 = r1 >= 65 (r33)
    65 │   r34 = test r32 == true
    66 │   r32 = r1 >= 18 (r35)
    67 │   r36 = test r32 == true
    68 │   r1 = r30.age
    69 │   r19 = r16 + r1
    70 │   r27 = r30.name
    71 │   r28 = r17 + r27
    72 │   r17 = r28 + T0
    73 │   jump_if r34 then L9 else L10(0 (r37))
    74 │ L9:
    75 │   jump L10(2 (r38))
    76 │ L10(r1: Int):
    77 │   jump_if r36 then L11 else L12(r1)
    78 │ L11:
    79 │   jump L12(1 (r39))
    80 │ L12(r1: Int):
    81 │   r32 = r1 > 1 (r40)
    82 │   r34 = test r32 == true
    83 │   r32 = r1 == 1 (r41)
    84 │   r36 = test r32 == true
    85 │   r32 = r1 == 0 (r42)
    86 │   r43 = test r32 == true
    87 │   jump_if r34 then L3 else L4(r18)
    88 │ L3:
    89 │   jump L4(r21)
    90 │ L4(r1: Int):
    91 │   jump_if r36 then L5 else L6(0 (r20))
    92 │ L5:
    93 │   jump L6(r23)
    94 │ L6(r20: Int):
    95 │   jump_if r43 then L7 else L8(r15)
    96 │ L7:
    97 │   jump L8(r25)
    98 │ L8(r15: Int):
    99 │   jump L0(r31, 0 (r20), r15, r17, r19, r1, r30, r1)
   100 │ L1:
   101 │   r1 = call #1(r28)
   102 │   store r13 = r28
   103 │   return r28

    ; r0 (v1) : {age: Int, name: String}
    ; r1 (send_report(...)) : Int
    ; r2 (@adult_count) : Ref<Int>
    ; r3 (@minor_count) : Ref<Int>
    ; r4 (@name_list) : Ref<String>
    ; r5 (@total_age) : Ref<Int>
    ; r6 (@senior_count) : Ref<Int>
    ; r7 (@adult_count) : Ref<Int>
    ; r8 (@minor_count) : Ref<Int>
    ; r9 (@name_list) : Ref<String>
    ; r10 (@senior_count) : Ref<Int>
    ; r11 (@total_age) : Ref<Int>
    ; r12 (@users) : Ref<List<{age: Int, name: String}>>
    ; r13 (@output) : Ref<String>
    ; r14 (@users) : List<{age: Int, name: String}>
    ; r15 (@adult_count) : Int
    ; r16 (@minor_count) : Int
    ; r17 (@name_list) : String
    ; r18 (@senior_count) : Int
    ; r19 (@total_age) : Int
    ; r20 (v14) : Int
    ; r21 (v39) : Int
    ; r22 (v21) : Int
    ; r23 (v40) : Int
    ; r24 (v23) : Int
    ; r25 (v41) : Int
    ; r26 (v25) : Int
    ; r27 (name) : String
    ; r28 (to_string(...)) : String
    ; r29 (v44) : String
    ; r30 (v45) : {age: Int, name: String}
    ; r31 (v46) : Int
    ; r32 (v47) : Bool
    ; r33 (v16) : Int
    ; r34 (v48) : Bool
    ; r35 (v18) : Int
    ; r36 (v49) : Bool
    ; r37 (v15) : Int
    ; r38 (v17) : Int
    ; r39 (v19) : Int
    ; r40 (v20) : Int
    ; r41 (v22) : Int
    ; r42 (v24) : Int
    ; r43 (v50) : Bool
    ; r44 (v28) : String
    ; r45 (v27) : String
    ; r46 (v31) : String
    ; r47 (v30) : String
    ; r48 (v26) : String
    ; r49 (v29) : String
