---
source: acvus-mir-test/tests/optimized.rs
assertion_line: 224
expression: opt
---
=== main ===
     0 |   r0 = fetch @state
     1 |   assign @state = r0
     2 |   r1 = take @state.step
     3 |   r2 = const 1
     4 |   r3 = r1 + r2
     5 |   assign @state.step = r3
     6 |   r1 = take @state.value
     7 |   r2 = take @state.multiplier
     8 |   r3 = r1 * r2
     9 |   assign @state.value = r3
    10 |   r1 = take @state.step
    11 |   r2 = take @state.max_steps
    12 |   r4 = r1 >= r2
    13 |   assign @state.done = r4
    14 |   r1 = take @state.value
    15 |   r5 = take @state
    16 |   commit @state = r5
    17 |   return r1

    ; r0 (@state) : {done: Bool, max_steps: Int, multiplier: Int, step: Int, value: Int}
    ; r1 (@state.value) : Int
    ; r2 (@state.max_steps) : Int
    ; r3 (v5) : Int
    ; r4 (v7) : Bool
    ; r5 (@state) : {done: Bool, max_steps: Int, multiplier: Int, step: Int, value: Int}
    ; r6 (@state) : {done: Bool, max_steps: Int, multiplier: Int, step: Int, value: Int}
