---
source: acvus-mir-test/tests/optimized.rs
expression: opt
---
=== literals ===
  T0 = " (score: "
  T1 = ")"

=== main ===
     0 |   r0 = fetch @output
     1 |   assign @output = r0
     2 |   r1 = fetch @min_score
     3 |   r2 = fetch @user
     4 |   assign @user = r2
     5 |   r3 = take @user.age
     7 |   r4 = r3 * 2 (r5)
     8 |   assign score = r4
     9 |   r6 = ref &@user.name
    11 |   assign v13 = T0
    12 |   r7 = ref &v13
    13 |   r8 = string_concat [r6, r7]
    14 |   drop r9
    15 |   assign v16 = r8
    16 |   r10 = ref &v16
    17 |   r11 = ref &score
    18 |   r12 = call #0(r11)
    19 |   assign v20 = r12
    20 |   r13 = ref &v20
    21 |   r14 = string_concat [r10, r13]
    22 |   drop r15
    23 |   drop r16
    24 |   assign v23 = r14
    25 |   r17 = ref &v23
    27 |   assign v26 = T1
    28 |   r18 = ref &v26
    29 |   r19 = string_concat [r17, r18]
    30 |   drop r20
    31 |   drop r21
    32 |   r22 = take score
    33 |   r23 = r22 > r1
    34 |   r24 = take score
    35 |   r25 = object {label: r19, score: r24, eligible: r23}
    36 |   assign @output = r25
    37 |   r26 = take @output.score
    38 |   r27 = take @output
    39 |   commit @output = r27
    40 |   commit @min_score = r1
    41 |   r28 = take @user
    42 |   commit @user = r28
    43 |   return r26

    ; r0 (@output) : {eligible: Bool, label: String, score: i64}
    ; r1 (@min_score) : i64
    ; r2 (@user) : {age: i64, name: String}
    ; r3 (@user.age) : i64
    ; r4 (v9) : i64
    ; r5 (v8) : i64
    ; r6 (@user.name) : &String
    ; r7 (var_13.) : &String
    ; r8 (v15) : String
    ; r9 (v13) : String
    ; r10 (var_16.) : &String
    ; r11 (score.) : &i64
    ; r12 (to_string(...)) : String
    ; r13 (var_20.) : &String
    ; r14 (v22) : String
    ; r15 (v20) : String
    ; r16 (v16) : String
    ; r17 (var_23.) : &String
    ; r18 (var_26.) : &String
    ; r19 (v28) : String
    ; r20 (v26) : String
    ; r21 (v23) : String
    ; r22 (score) : i64
    ; r23 (v32) : Bool
    ; r24 (score) : i64
    ; r25 (v37) : {eligible: Bool, label: String, score: i64}
    ; r26 (@output.score) : i64
    ; r27 (v39) : {eligible: Bool, label: String, score: i64}
    ; r28 (v41) : {age: i64, name: String}
    ; r29 (v44) : Bool
    ; r30 (@min_score) : i64
    ; r31 (v25) : String
    ; r32 (@min_score) : i64
    ; r33 (@user) : {age: i64, name: String}
    ; r34 (eligible) : Bool
    ; r35 (v12) : String
    ; r36 (label) : String
    ; r37 (v40) : i64
    ; r38 (v43) : String
    ; r39 (eligible) : Bool
    ; r40 (v42) : i64
    ; r41 (@output) : {eligible: Bool, label: String, score: i64}
    ; r42 (label) : String
    ; r43 (score) : i64
