---
source: acvus-mir-test/tests/optimized.rs
expression: raw
---
=== main ===
     0 |   r0 = fetch @output
     1 |   assign @output = r0
     2 |   r1 = fetch @input
     3 |   assign @input = r1
     4 |   r2 = fetch @low
     5 |   assign @low = r2
     6 |   r3 = fetch @high
     7 |   assign @high = r3
     8 |   r4 = take @input
     9 |   assign x = r4
    10 |   r5 = take x
    12 |   r6 = r5 > 100 (r7)
    13 |   r8 = test r6 == true
    14 |   jump_if r8 then L0 else L1
    15 | L0:
    16 |   r9 = take @high
    18 |   r10 = r9 + 1 (r11)
    19 |   assign @high = r10
    20 |   r12 = take x
    22 |   r13 = r12 * 2 (r14)
    23 |   assign @output = r13
    24 |   jump L1
    25 | L1:
    27 |   r15 = take x
    29 |   r16 = r15 <= 100 (r17)
    30 |   r18 = test r16 == true
    31 |   jump_if r18 then L2 else L3
    32 | L2:
    33 |   r19 = take @low
    35 |   r20 = r19 + 1 (r21)
    36 |   assign @low = r20
    37 |   r22 = take x
    39 |   r23 = r22 + 10 (r24)
    40 |   assign @output = r23
    41 |   jump L3
    42 | L3:
    44 |   r25 = take @output
    45 |   r26 = take @output
    46 |   commit @output = r26
    47 |   r27 = take @input
    48 |   commit @input = r27
    49 |   r28 = take @low
    50 |   commit @low = r28
    51 |   r29 = take @high
    52 |   commit @high = r29
    53 |   return r25

    ; r0 (@output) : i64
    ; r1 (@input) : i64
    ; r2 (@low) : i64
    ; r3 (@high) : i64
    ; r4 (@input) : i64
    ; r5 (x) : i64
    ; r6 (v13) : Bool
    ; r7 (v12) : i64
    ; r8 (v14) : Bool
    ; r9 (@high) : i64
    ; r10 (v17) : i64
    ; r11 (v16) : i64
    ; r12 (x) : i64
    ; r13 (v20) : i64
    ; r14 (v19) : i64
    ; r15 (x) : i64
    ; r16 (v24) : Bool
    ; r17 (v23) : i64
    ; r18 (v25) : Bool
    ; r19 (@low) : i64
    ; r20 (v28) : i64
    ; r21 (v27) : i64
    ; r22 (x) : i64
    ; r23 (v31) : i64
    ; r24 (v30) : i64
    ; r25 (@output) : i64
    ; r26 (v34) : i64
    ; r27 (v35) : i64
    ; r28 (v36) : i64
    ; r29 (v37) : i64
    ; r30 (@input) : i64
    ; r31 (v21) : Unit
    ; r32 (@low) : i64
    ; r33 (@output) : i64
    ; r34 (@high) : i64
    ; r35 (x) : i64
    ; r36 (v32) : Unit
