---
source: acvus-mir-test/tests/optimized.rs
expression: opt
---
=== main ===
     0 |   r0 = fetch @output
     1 |   r0 = fetch @a
     2 |   r1 = fetch @scale
     3 |   r2 = fetch @b
     4 |   r3 = r0 + r2
     5 |   r4 = r3 * r1
     6 |   r3 = r4 + r0
     7 |   commit @output = r3
     8 |   commit @a = r0
     9 |   commit @scale = r1
    10 |   commit @b = r2
    11 |   return r3

    ; r0 (@a) : Int
    ; r1 (@scale) : Int
    ; r2 (@b) : Int
    ; r3 (v4) : Int
    ; r4 (v5) : Int
