---
source: acvus-mir-test/tests/optimized.rs
expression: raw
---
=== literals ===
  T0 = " (score: "
  T1 = ")"

=== main ===
     0 │   r0 = ref @user.age
     1 │   r1 = load r0
     3 │   r2 = r1 * 2 (r3)
     4 │   r4 = ref score
     5 │   store r4 = r2
     6 │   r5 = ref @user.name
     7 │   r6 = load r5
     9 │   r7 = r6 + T0
    10 │   r8 = ref score
    11 │   r9 = load r8
    12 │   r10 = call #0(r9)
    13 │   r11 = r7 + r10
    15 │   r12 = r11 + T1
    16 │   r13 = ref label
    17 │   store r13 = r12
    18 │   r14 = ref score
    19 │   r15 = load r14
    20 │   r16 = ref @min_score
    21 │   r17 = load r16
    22 │   r18 = r15 > r17
    23 │   r19 = ref eligible
    24 │   store r19 = r18
    25 │   r20 = ref label
    26 │   r21 = load r20
    27 │   r22 = ref score
    28 │   r23 = load r22
    29 │   r24 = ref eligible
    30 │   r25 = load r24
    31 │   r26 = object {label: r21, score: r23, eligible: r25}
    32 │   r27 = ref @output
    33 │   store r27 = r26
    34 │   r28 = ref @output
    35 │   r29 = load r28
    36 │   return r29

    ; r0 (@user.age) : Ref<Int>
    ; r1 (v2) : Int
    ; r2 (v4) : Int
    ; r3 (v3) : Int
    ; r4 (v6) : Ref<Int>
    ; r5 (@user.name) : Ref<String>
    ; r6 (v8) : String
    ; r7 (v10) : String
    ; r8 (v11) : Ref<Int>
    ; r9 (score) : Int
    ; r10 (to_string(...)) : String
    ; r11 (v14) : String
    ; r12 (v16) : String
    ; r13 (v18) : Ref<String>
    ; r14 (v19) : Ref<Int>
    ; r15 (score) : Int
    ; r16 (@min_score) : Ref<Int>
    ; r17 (v22) : Int
    ; r18 (v23) : Bool
    ; r19 (v25) : Ref<Bool>
    ; r20 (v26) : Ref<String>
    ; r21 (label) : String
    ; r22 (v28) : Ref<Int>
    ; r23 (score) : Int
    ; r24 (v30) : Ref<Bool>
    ; r25 (eligible) : Bool
    ; r26 (v32) : {eligible: Bool, label: String, score: Int}
    ; r27 (@output) : Ref<{eligible: Bool, label: String, score: Int}>
    ; r28 (@output) : Ref<{eligible: Bool, label: String, score: Int}>
    ; r29 (v35) : {eligible: Bool, label: String, score: Int}
    ; r30 (v9) : String
    ; r31 (v15) : String
