---
source: acvus-mir-test/tests/optimized.rs
assertion_line: 75
expression: raw
---
=== main ===
     0 |   r0 = fetch @stats
     1 |   assign @stats = r0
     2 |   r1 = take @stats.count
     4 |   r2 = r1 + 1 (r3)
     5 |   assign count = r2
     6 |   r4 = take count
     7 |   r5 = take @stats.threshold
     8 |   r6 = r4 > r5
     9 |   r7 = test r6 == true
    10 |   jump_if r7 then L0 else L1
    11 | L0:
    12 |   r8 = take count
    13 |   assign @stats.count = r8
    15 |   assign @stats.exceeded = true (r9)
    16 |   jump L1
    17 | L1:
    18 |   r10 = take @stats.count
    19 |   r11 = take @stats
    20 |   commit @stats = r11
    21 |   return r10

    ; r0 (@stats) : {count: Int, exceeded: Bool, threshold: Int}
    ; r1 (@stats.count) : Int
    ; r2 (v5) : Int
    ; r3 (v4) : Int
    ; r4 (count) : Int
    ; r5 (@stats.threshold) : Int
    ; r6 (v9) : Bool
    ; r7 (v10) : Bool
    ; r8 (count) : Int
    ; r9 (v12) : Bool
    ; r10 (@stats.count) : Int
    ; r11 (v14) : {count: Int, exceeded: Bool, threshold: Int}
    ; r12 (count) : Int
    ; r13 (@stats) : {count: Int, exceeded: Bool, threshold: Int}
