---
source: acvus-mir-test/tests/optimized_cross_fn.rs
expression: raw
---
── build_summary ──
=== literals ===
  T0 = "S:"
  T1 = " A:"
  T2 = " M:"
  T3 = " age:"
  T4 = " | "

=== main ===
     1 │   r0 = ref $v1
     2 │   r1 = load r0
     3 │   r2 = call #0(r1)
     4 │   r3 = T0 + r2
     6 │   r4 = r3 + T1
     7 │   r5 = ref $v2
     8 │   r6 = load r5
     9 │   r7 = call #0(r6)
    10 │   r8 = r4 + r7
    12 │   r9 = r8 + T2
    13 │   r10 = ref $v3
    14 │   r11 = load r10
    15 │   r12 = call #0(r11)
    16 │   r13 = r9 + r12
    18 │   r14 = r13 + T3
    19 │   r15 = ref $v4
    20 │   r16 = load r15
    21 │   r17 = call #0(r16)
    22 │   r18 = r14 + r17
    24 │   r19 = r18 + T4
    25 │   r20 = ref $v5
    26 │   r21 = load r20
    27 │   r22 = r19 + r21
    28 │   return r22

    ; r0 (v7) : Ref<Int>
    ; r1 ($seniors) : Int
    ; r2 (to_string(...)) : String
    ; r3 (v10) : String
    ; r4 (v12) : String
    ; r5 (v13) : Ref<Int>
    ; r6 ($adults) : Int
    ; r7 (to_string(...)) : String
    ; r8 (v16) : String
    ; r9 (v18) : String
    ; r10 (v19) : Ref<Int>
    ; r11 ($minors) : Int
    ; r12 (to_string(...)) : String
    ; r13 (v22) : String
    ; r14 (v24) : String
    ; r15 (v25) : Ref<Int>
    ; r16 ($total_age) : Int
    ; r17 (to_string(...)) : String
    ; r18 (v28) : String
    ; r19 (v30) : String
    ; r20 (v31) : Ref<String>
    ; r21 ($names) : String
    ; r22 (v33) : String
    ; r23 (v3) : Int
    ; r24 (v6) : String
    ; r25 (v11) : String
    ; r26 (v17) : String
    ; r27 (v23) : String
    ; r28 (v1) : Int
    ; r29 (v2) : Int
    ; r30 (v5) : String
    ; r31 (v4) : Int
    ; r32 (v29) : String

── classify_age ──
=== main ===
     1 │   r0 = ref r
     2 │   store r0 = 0 (r1)
     3 │   r2 = ref $v1
     4 │   r3 = load r2
     6 │   r4 = r3 >= 65 (r5)
     7 │   r6 = test r4 == true
     8 │   jump_if r6 then L0 else L1
     9 │ L0:
    11 │   r7 = ref r
    12 │   store r7 = 2 (r8)
    13 │   jump L1
    14 │ L1:
    15 │   r9 = ref $v1
    16 │   r10 = load r9
    18 │   r11 = r10 >= 18 (r12)
    19 │   r13 = test r11 == true
    20 │   jump_if r13 then L2 else L3
    21 │ L2:
    23 │   r14 = ref r
    24 │   store r14 = 1 (r15)
    25 │   jump L3
    26 │ L3:
    27 │   r16 = ref r
    28 │   r17 = load r16
    29 │   return r17

    ; r0 (v4) : Ref<Int>
    ; r1 (v2) : Int
    ; r2 (v5) : Ref<Int>
    ; r3 ($age) : Int
    ; r4 (v8) : Bool
    ; r5 (v7) : Int
    ; r6 (v9) : Bool
    ; r7 (v11) : Ref<Int>
    ; r8 (v10) : Int
    ; r9 (v12) : Ref<Int>
    ; r10 ($age) : Int
    ; r11 (v15) : Bool
    ; r12 (v14) : Int
    ; r13 (v16) : Bool
    ; r14 (v18) : Ref<Int>
    ; r15 (v17) : Int
    ; r16 (v19) : Ref<Int>
    ; r17 (r) : Int
    ; r18 (v1) : Int

── main ──
=== literals ===
  T0 = ", "

=== main ===
     0 │   r0 = ref @users
     1 │   r1 = load r0
     3 │   jump L0(0 (r2))
     4 │ L0(r3: Int):
     5 │   list_step r4, r5 = r1[r3] else L1()
     6 │ L2:
     7 │   r6 = ref user
     8 │   store r6 = r4
     9 │   r7 = ref user.age
    10 │   r8 = load r7
    11 │   r9 = call #0(r8)
    12 │   r10 = ref group
    13 │   store r10 = r9
    14 │   r11 = ref group
    15 │   r12 = load r11
    17 │   r13 = r12 > 1 (r14)
    18 │   r15 = test r13 == true
    19 │   jump_if r15 then L3 else L4
    20 │ L3:
    21 │   r16 = ref @senior_count
    22 │   r17 = load r16
    24 │   r18 = r17 + 1 (r19)
    25 │   r20 = ref @senior_count
    26 │   store r20 = r18
    27 │   jump L4
    28 │ L4:
    29 │   r21 = ref group
    30 │   r22 = load r21
    32 │   r23 = r22 == 1 (r24)
    33 │   r25 = test r23 == true
    34 │   jump_if r25 then L5 else L6
    35 │ L5:
    36 │   r26 = ref @adult_count
    37 │   r27 = load r26
    39 │   r28 = r27 + 1 (r29)
    40 │   r30 = ref @adult_count
    41 │   store r30 = r28
    42 │   jump L6
    43 │ L6:
    44 │   r31 = ref group
    45 │   r32 = load r31
    47 │   r33 = r32 == 0 (r34)
    48 │   r35 = test r33 == true
    49 │   jump_if r35 then L7 else L8
    50 │ L7:
    51 │   r36 = ref @minor_count
    52 │   r37 = load r36
    54 │   r38 = r37 + 1 (r39)
    55 │   r40 = ref @minor_count
    56 │   store r40 = r38
    57 │   jump L8
    58 │ L8:
    59 │   r41 = ref @total_age
    60 │   r42 = load r41
    61 │   r43 = ref user.age
    62 │   r44 = load r43
    63 │   r45 = r42 + r44
    64 │   r46 = ref @total_age
    65 │   store r46 = r45
    66 │   r47 = ref @name_list
    67 │   r48 = load r47
    68 │   r49 = ref user.name
    69 │   r50 = load r49
    70 │   r51 = r48 + r50
    72 │   r52 = r51 + T0
    73 │   r53 = ref @name_list
    74 │   store r53 = r52
    75 │   jump L0(r5)
    76 │ L1:
    77 │   r54 = ref @senior_count
    78 │   r55 = load r54
    79 │   r56 = ref @adult_count
    80 │   r57 = load r56
    81 │   r58 = r55 + r57
    82 │   r59 = ref @minor_count
    83 │   r60 = load r59
    84 │   r61 = r58 + r60
    85 │   r62 = ref total_users
    86 │   store r62 = r61
    87 │   r63 = ref @senior_count
    88 │   r64 = load r63
    89 │   r65 = ref @adult_count
    90 │   r66 = load r65
    91 │   r67 = ref @minor_count
    92 │   r68 = load r67
    93 │   r69 = ref @total_age
    94 │   r70 = load r69
    95 │   r71 = ref @name_list
    96 │   r72 = load r71
    97 │   r73 = call #1(r64, r66, r68, r70, r72)
    98 │   r74 = ref summary
    99 │   store r74 = r73
   100 │   r75 = ref summary
   101 │   r76 = load r75
   102 │   r77 = call #2(r76)
   103 │   r78 = ref summary
   104 │   r79 = load r78
   105 │   r80 = ref @output
   106 │   store r80 = r79
   107 │   r81 = ref summary
   108 │   r82 = load r81
   109 │   return r82

    ; r0 (@users) : Ref<List<{age: Int, name: String}>>
    ; r1 (v2) : List<{age: Int, name: String}>
    ; r2 (v3) : Int
    ; r3 (v4) : Int
    ; r4 (user) : {age: Int, name: String}
    ; r5 (v6) : Int
    ; r6 (v8) : Ref<{age: Int, name: String}>
    ; r7 (user.age) : Ref<Int>
    ; r8 (v10) : Int
    ; r9 (classify_age(...)) : Int
    ; r10 (v13) : Ref<Int>
    ; r11 (v14) : Ref<Int>
    ; r12 (group) : Int
    ; r13 (v17) : Bool
    ; r14 (v16) : Int
    ; r15 (v18) : Bool
    ; r16 (@senior_count) : Ref<Int>
    ; r17 (v20) : Int
    ; r18 (v22) : Int
    ; r19 (v21) : Int
    ; r20 (@senior_count) : Ref<Int>
    ; r21 (v24) : Ref<Int>
    ; r22 (group) : Int
    ; r23 (v27) : Bool
    ; r24 (v26) : Int
    ; r25 (v28) : Bool
    ; r26 (@adult_count) : Ref<Int>
    ; r27 (v30) : Int
    ; r28 (v32) : Int
    ; r29 (v31) : Int
    ; r30 (@adult_count) : Ref<Int>
    ; r31 (v34) : Ref<Int>
    ; r32 (group) : Int
    ; r33 (v37) : Bool
    ; r34 (v36) : Int
    ; r35 (v38) : Bool
    ; r36 (@minor_count) : Ref<Int>
    ; r37 (v40) : Int
    ; r38 (v42) : Int
    ; r39 (v41) : Int
    ; r40 (@minor_count) : Ref<Int>
    ; r41 (@total_age) : Ref<Int>
    ; r42 (v45) : Int
    ; r43 (user.age) : Ref<Int>
    ; r44 (v47) : Int
    ; r45 (v48) : Int
    ; r46 (@total_age) : Ref<Int>
    ; r47 (@name_list) : Ref<String>
    ; r48 (v51) : String
    ; r49 (user.name) : Ref<String>
    ; r50 (v53) : String
    ; r51 (v54) : String
    ; r52 (v56) : String
    ; r53 (@name_list) : Ref<String>
    ; r54 (@senior_count) : Ref<Int>
    ; r55 (v59) : Int
    ; r56 (@adult_count) : Ref<Int>
    ; r57 (v61) : Int
    ; r58 (v62) : Int
    ; r59 (@minor_count) : Ref<Int>
    ; r60 (v64) : Int
    ; r61 (v65) : Int
    ; r62 (v67) : Ref<Int>
    ; r63 (@senior_count) : Ref<Int>
    ; r64 (v69) : Int
    ; r65 (@adult_count) : Ref<Int>
    ; r66 (v71) : Int
    ; r67 (@minor_count) : Ref<Int>
    ; r68 (v73) : Int
    ; r69 (@total_age) : Ref<Int>
    ; r70 (v75) : Int
    ; r71 (@name_list) : Ref<String>
    ; r72 (v77) : String
    ; r73 (build_summary(...)) : String
    ; r74 (v80) : Ref<String>
    ; r75 (v81) : Ref<String>
    ; r76 (summary) : String
    ; r77 (send_report(...)) : Int
    ; r78 (v84) : Ref<String>
    ; r79 (summary) : String
    ; r80 (@output) : Ref<String>
    ; r81 (v87) : Ref<String>
    ; r82 (summary) : String
    ; r83 (v55) : String
