---
source: acvus-mir-test/tests/reborrow.rs
expression: listing
---
=== main ===
     3 |   r0 = list [1 (r1), 2 (r2), 3 (r3)]
     4 |   assign prog = r0
     5 |   r4 = ref &prog
     6 |   r5 = call #0(r4)
     7 |   r6 = r5 / r5
     9 |   r7 = r5 - r5
    10 |   r8 = as_slice &r4
    11 |   jump L0(0 (r9), r7)
    12 | L0(r10: i64, r11: u64):
    13 |   r12 = r11 < r5
    14 |   jump_if r12 then L1 else L2
    15 | L1:
    16 |   r13 = &r8[r11]
    17 |   r14 = r11 + r6
    18 |   jump L4
    19 | L4:
    20 |   r15 = take (*r13)
    21 |   r16 = test r15 == 1
    22 |   jump_if r16 then L5 else L6
    23 | L5:
    25 |   r17 = r10 + 1 (r18)
    26 |   jump L3(r17)
    27 | L6:
    28 |   r19 = take (*r13)
    29 |   r20 = test r19 == 2
    30 |   jump_if r20 then L7 else L3(r10)
    31 | L7:
    33 |   r21 = r10 - 1 (r22)
    34 |   jump L3(r21)
    35 | L3(r23: i64):
    36 |   jump L0(r23, r14)
    37 | L2:
    38 |   drop r24
    39 |   return r10

    ; r0 (v4) : Array<i64, 3>
    ; r1 (v1) : i64
    ; r2 (v2) : i64
    ; r3 (v3) : i64
    ; r4 (prog.) : &Array<i64, 3>
    ; r5 (len(...)) : u64
    ; r6 (v11) : u64
    ; r7 (v17) : u64
    ; r8 (v23) : &[i64]
    ; r9 (v13) : i64
    ; r10 (v52) : i64
    ; r11 (v50) : u64
    ; r12 (v21) : Bool
    ; r13 (v25) : &i64
    ; r14 (v44) : u64
    ; r15 (v27) : i64
    ; r16 (v28) : Bool
    ; r17 (v31) : i64
    ; r18 (v30) : i64
    ; r19 (v33) : i64
    ; r20 (v34) : Bool
    ; r21 (v37) : i64
    ; r22 (v36) : i64
    ; r23 (v57) : i64
    ; r24 (prog) : Array<i64, 3>
    ; r25 (one) : u64
    ; r26 (v56) : u64
    ; r27 (pc) : u64
    ; r28 (v48) : i64
    ; r29 (plen) : u64
    ; r30 (acc) : i64
    ; r31 (pc) : u64
    ; r32 (one) : u64
    ; r33 (pc) : u64
    ; r34 (v49) : u64
    ; r35 (v55) : u64
    ; r36 (v54) : u64
    ; r37 (acc) : i64
    ; r38 (plen) : u64
    ; r39 (v41) : Unit
    ; r40 (prog.) : &Array<i64, 3>
    ; r41 (v47) : u64
    ; r42 (v53) : u64
    ; r43 (plen) : u64
    ; r44 (plen) : u64
    ; r45 (v40) : Unit
    ; r46 (v46) : u64
    ; r47 (acc) : i64
    ; r48 (acc) : i64
    ; r49 (plen) : u64
    ; r50 (acc) : i64
    ; r51 (v32) : Unit
    ; r52 (v51) : u64
    ; r53 (plen) : u64
    ; r54 (v38) : Unit
    ; r55 (pc) : u64
