---
source: acvus-mir-test/tests/script.rs
expression: ir
---
=== main ===
     0 |   r0 = undef
     1 |   r1 = fetch @x
     5 |   commit @x = 3 (r2)
     6 |   return 3 (r2)

    ; r0 (v8) : Int
    ; r1 (@x) : Int
    ; r2 (v5) : Int
    ; r3 (v3) : Int
    ; r4 (v7) : Int
    ; r5 (@x) : Int
    ; r6 (@x) : Int
    ; r7 (v4) : Int
