---
source: acvus-mir-test/tests/script.rs
expression: ir
---
=== main ===
     0 |   r0 = ref @outer
     1 |   r1 = load r0
     2 |   r2 = call #0(r1)
     3 |   r3 = call #1(r2)
     4 |   r4 = ref rows
     5 |   store r4 = r3
     6 |   jump L0
     7 | L0:
     8 |   r5 = ref rows
     9 |   r6 = load r5
    10 |   r7 = call #2(r6)
    11 |   r8 = test r7 is Some
    12 |   jump_if r8 then L1 else L2
    13 | L1:
    14 |   r9 = unwrap r7
    15 |   r10 = r9.0
    16 |   r11 = ref row
    17 |   store r11 = r10
    18 |   r12 = r9.1
    19 |   r13 = ref r1
    20 |   store r13 = r12
    21 |   r14 = ref row
    22 |   r15 = load r14
    23 |   r16 = call #0(r15)
    24 |   r17 = call #1(r16)
    25 |   r18 = ref xs
    26 |   store r18 = r17
    27 |   jump L3
    28 | L3:
    29 |   r19 = ref xs
    30 |   r20 = load r19
    31 |   r21 = call #2(r20)
    32 |   r22 = test r21 is Some
    33 |   jump_if r22 then L4 else L5
    34 | L4:
    35 |   r23 = unwrap r21
    36 |   r24 = r23.0
    37 |   r25 = ref x
    38 |   store r25 = r24
    39 |   r26 = r23.1
    40 |   r27 = ref r2
    41 |   store r27 = r26
    42 |   r28 = ref @total
    43 |   r29 = load r28
    44 |   r30 = ref x
    45 |   r31 = load r30
    46 |   r32 = r29 + r31
    47 |   r33 = ref @total
    48 |   store r33 = r32
    49 |   r34 = ref r2
    50 |   r35 = load r34
    51 |   r36 = ref xs
    52 |   store r36 = r35
    53 |   jump L3
    54 | L5:
    55 |   r37 = ref r1
    56 |   r38 = load r37
    57 |   r39 = ref rows
    58 |   store r39 = r38
    59 |   jump L0
    60 | L2:
    61 |   r40 = ref @total
    62 |   r41 = load r40
    63 |   return r41

    ; r0 (@outer) : Ref<Array<Array<Int, 3>, 3>>
    ; r1 (v2) : Array<Array<Int, 3>, 3>
    ; r2 (v3) : List<Array<Int, 3>>
    ; r3 (iter(...)) : Iterator<Array<Int, 3>, Pure, #IdentityId(0)>
    ; r4 (v6) : Ref<Iterator<Array<Int, 3>, Pure, #IdentityId(0)>>
    ; r5 (v7) : Ref<Iterator<Array<Int, 3>, Pure, #IdentityId(0)>>
    ; r6 (rows) : Iterator<Array<Int, 3>, Pure, #IdentityId(0)>
    ; r7 (next(...)) : Option<(Array<Int, 3>, Iterator<Array<Int, 3>, Pure, #IdentityId(0)>)>
    ; r8 (v10) : Bool
    ; r9 (v11) : (Array<Int, 3>, Iterator<Array<Int, 3>, Pure, #IdentityId(0)>)
    ; r10 (row) : Array<Int, 3>
    ; r11 (v14) : Ref<Array<Int, 3>>
    ; r12 (r1) : Iterator<Array<Int, 3>, Pure, #IdentityId(0)>
    ; r13 (v17) : Ref<Iterator<Array<Int, 3>, Pure, #IdentityId(0)>>
    ; r14 (v18) : Ref<Array<Int, 3>>
    ; r15 (row) : Array<Int, 3>
    ; r16 (v20) : List<Int>
    ; r17 (iter(...)) : Iterator<Int, Pure, #IdentityId(1)>
    ; r18 (v23) : Ref<Iterator<Int, Pure, #IdentityId(1)>>
    ; r19 (v24) : Ref<Iterator<Int, Pure, #IdentityId(1)>>
    ; r20 (xs) : Iterator<Int, Pure, #IdentityId(1)>
    ; r21 (next(...)) : Option<(Int, Iterator<Int, Pure, #IdentityId(1)>)>
    ; r22 (v27) : Bool
    ; r23 (v28) : (Int, Iterator<Int, Pure, #IdentityId(1)>)
    ; r24 (x) : Int
    ; r25 (v31) : Ref<Int>
    ; r26 (r2) : Iterator<Int, Pure, #IdentityId(1)>
    ; r27 (v34) : Ref<Iterator<Int, Pure, #IdentityId(1)>>
    ; r28 (@total) : Ref<Int>
    ; r29 (v36) : Int
    ; r30 (v37) : Ref<Int>
    ; r31 (x) : Int
    ; r32 (v39) : Int
    ; r33 (@total) : Ref<Int>
    ; r34 (v41) : Ref<Iterator<Int, Pure, #IdentityId(1)>>
    ; r35 (r2) : Iterator<Int, Pure, #IdentityId(1)>
    ; r36 (v43) : Ref<Iterator<Int, Pure, #IdentityId(1)>>
    ; r37 (v44) : Ref<Iterator<Array<Int, 3>, Pure, #IdentityId(0)>>
    ; r38 (r1) : Iterator<Array<Int, 3>, Pure, #IdentityId(0)>
    ; r39 (v46) : Ref<Iterator<Array<Int, 3>, Pure, #IdentityId(0)>>
    ; r40 (@total) : Ref<Int>
    ; r41 (v48) : Int
