---
source: acvus-mir-test/tests/script.rs
expression: ir
---
=== main ===
     0 |   r0 = undef
     1 |   r1 = fetch @x
     3 |   commit @x = 42 (r2)
     4 |   return 42 (r2)

    ; r0 (v6) : Int
    ; r1 (@x) : Int
    ; r2 (v3) : Int
    ; r3 (@x) : Int
    ; r4 (v5) : Int
    ; r5 (@x) : Int
