---
source: acvus-mir-test/tests/script.rs
expression: ir
---
=== main ===
     0 |   r0 = ref @outer
     1 |   r1 = load r0
     2 |   r2 = call #0(r1)
     3 |   r3 = call #1(r2)
     4 |   r4 = ref rows
     5 |   store r4 = r3
     6 |   jump L0
     7 | L0:
     8 |   r5 = ref rows
     9 |   r6 = load r5
    10 |   r7 = call #2(r6) lent r8
    11 |   r9 = ref rows
    12 |   store r9 = r8
    13 |   r10 = test r7 is Some
    14 |   jump_if r10 then L1 else L2
    15 | L1:
    16 |   r11 = unwrap r7
    17 |   r12 = ref row
    18 |   store r12 = r11
    19 |   r13 = ref row
    20 |   r14 = load r13
    21 |   r15 = call #0(r14)
    22 |   r16 = call #1(r15)
    23 |   r17 = ref xs
    24 |   store r17 = r16
    25 |   jump L3
    26 | L3:
    27 |   r18 = ref xs
    28 |   r19 = load r18
    29 |   r20 = call #2(r19) lent r21
    30 |   r22 = ref xs
    31 |   store r22 = r21
    32 |   r23 = test r20 is Some
    33 |   jump_if r23 then L4 else L5
    34 | L4:
    35 |   r24 = unwrap r20
    36 |   r25 = ref x
    37 |   store r25 = r24
    38 |   r26 = ref @total
    39 |   r27 = load r26
    40 |   r28 = ref x
    41 |   r29 = load r28
    42 |   r30 = r27 + r29
    43 |   r31 = ref @total
    44 |   store r31 = r30
    45 |   jump L3
    46 | L5:
    47 |   jump L0
    48 | L2:
    49 |   r32 = ref @total
    50 |   r33 = load r32
    51 |   return r33

    ; r0 (@outer) : Ref<Array<Array<Int, 3>, 3>>
    ; r1 (v2) : Array<Array<Int, 3>, 3>
    ; r2 (v3) : List<Array<Int, 3>>
    ; r3 (iter(...)) : Iterator<Array<Int, 3>, Pure, #IdentityId(0)>
    ; r4 (v6) : Ref<Iterator<Array<Int, 3>, Pure, #IdentityId(0)>>
    ; r5 (v7) : Ref<Iterator<Array<Int, 3>, Pure, #IdentityId(0)>>
    ; r6 (v8) : Iterator<Array<Int, 3>, Pure, #IdentityId(0)>
    ; r7 (next(...)) : Option<Array<Int, 3>>
    ; r8 (v10) : Iterator<Array<Int, 3>, Pure, #IdentityId(0)>
    ; r9 (v11) : Ref<Iterator<Array<Int, 3>, Pure, #IdentityId(0)>>
    ; r10 (v12) : Bool
    ; r11 (row) : Array<Int, 3>
    ; r12 (v15) : Ref<Array<Int, 3>>
    ; r13 (v16) : Ref<Array<Int, 3>>
    ; r14 (row) : Array<Int, 3>
    ; r15 (v18) : List<Int>
    ; r16 (iter(...)) : Iterator<Int, Pure, #IdentityId(1)>
    ; r17 (v21) : Ref<Iterator<Int, Pure, #IdentityId(1)>>
    ; r18 (v22) : Ref<Iterator<Int, Pure, #IdentityId(1)>>
    ; r19 (v23) : Iterator<Int, Pure, #IdentityId(1)>
    ; r20 (next(...)) : Option<Int>
    ; r21 (v25) : Iterator<Int, Pure, #IdentityId(1)>
    ; r22 (v26) : Ref<Iterator<Int, Pure, #IdentityId(1)>>
    ; r23 (v27) : Bool
    ; r24 (x) : Int
    ; r25 (v30) : Ref<Int>
    ; r26 (@total) : Ref<Int>
    ; r27 (v32) : Int
    ; r28 (v33) : Ref<Int>
    ; r29 (x) : Int
    ; r30 (v35) : Int
    ; r31 (@total) : Ref<Int>
    ; r32 (@total) : Ref<Int>
    ; r33 (v38) : Int
