---
source: acvus-mir-test/tests/script.rs
expression: ir
---
=== main ===
     0 |   r0 = ref @items
     1 |   r1 = load r0
     2 |   r2 = call #0(r1)
     3 |   r3 = call #1(r2)
     4 |   r4 = ref it
     5 |   store r4 = r3
     6 |   jump L0
     7 | L0:
     8 |   r5 = ref it
     9 |   r6 = load r5
    10 |   r7 = call #2(r6) lent r8
    11 |   r9 = ref it
    12 |   store r9 = r8
    13 |   r10 = test r7 is Some
    14 |   jump_if r10 then L1 else L2
    15 | L1:
    16 |   r11 = unwrap r7
    17 |   r12 = ref x
    18 |   store r12 = r11
    19 |   r13 = ref @count
    20 |   r14 = load r13
    22 |   r15 = r14 + 1 (r16)
    23 |   r17 = ref @count
    24 |   store r17 = r15
    25 |   jump L0
    26 | L2:
    27 |   r18 = ref @count
    28 |   r19 = load r18
    29 |   return r19

    ; r0 (@items) : Ref<Array<Int, 3>>
    ; r1 (v2) : Array<Int, 3>
    ; r2 (v3) : List<Int>
    ; r3 (iter(...)) : Iterator<Int, Pure, #IdentityId(0)>
    ; r4 (v6) : Ref<Iterator<Int, Pure, #IdentityId(0)>>
    ; r5 (v7) : Ref<Iterator<Int, Pure, #IdentityId(0)>>
    ; r6 (v8) : Iterator<Int, Pure, #IdentityId(0)>
    ; r7 (next(...)) : Option<Int>
    ; r8 (v10) : Iterator<Int, Pure, #IdentityId(0)>
    ; r9 (v11) : Ref<Iterator<Int, Pure, #IdentityId(0)>>
    ; r10 (v12) : Bool
    ; r11 (x) : Int
    ; r12 (v15) : Ref<Int>
    ; r13 (@count) : Ref<Int>
    ; r14 (v17) : Int
    ; r15 (v19) : Int
    ; r16 (v18) : Int
    ; r17 (@count) : Ref<Int>
    ; r18 (@count) : Ref<Int>
    ; r19 (v22) : Int
