---
source: acvus-mir-test/tests/script.rs
expression: ir
---
=== main ===
     0 |   r0 = undef
     1 |   r1 = undef
     2 |   r2 = fetch @val
     3 |   r3 = fetch @out
     4 |   r4 = test r2 == 42
     5 |   jump_if r4 then L0 else L1(r3)
     6 | L0:
     8 |   jump L1(99 (r5))
     9 | L1(r6: Int):
    10 |   commit @val = r2
    11 |   commit @out = r6
    12 |   return r6

    ; r0 (v11) : Int
    ; r1 (v12) : Int
    ; r2 (@val) : Int
    ; r3 (@out) : Int
    ; r4 (v6) : Bool
    ; r5 (v7) : Int
    ; r6 (v13) : Int
    ; r7 (@out) : Int
    ; r8 (v14) : Int
    ; r9 (v10) : Int
    ; r10 (v9) : Int
    ; r11 (@val) : Int
    ; r12 (@val) : Int
    ; r13 (@out) : Int
