---
source: acvus-mir-test/tests/script.rs
expression: ir
---
=== main ===
     0 │   r0 = undef
     1 │   r1 = context_project @items
     2 │   r2 = context_load r1
     3 │   r3 = context_project @out
     4 │   r4 = context_load r3
     6 │   jump L0(0 (r5), r4, r0)
     7 │ L0(r6: Int, r7: String, r8: Int):
     8 │   r9 = context_project @out
     9 │   ctx_store r9 = r7
    10 │   list_step r10, r11 = r2[r6] else L1()
    11 │ L2:
    12 │   r12 = call #0(r10)
    13 │   r13 = r7 + r12
    14 │   jump L0(r11, r13, r10)
    15 │ L1:
    16 │   return r7

    ; r0 (v19) : Int
    ; r1 (@items) : List<Int>
    ; r2 (v2) : List<Int>
    ; r3 (@out) : String
    ; r4 (v4) : String
    ; r5 (v7) : Int
    ; r6 (v8) : Int
    ; r7 (v20) : String
    ; r8 (v21) : Int
    ; r9 (v22) : String
    ; r10 (x) : Int
    ; r11 (v10) : Int
    ; r12 (to_string(...)) : String
    ; r13 (v15) : String
    ; r14 (@out) : String
    ; r15 (@out) : String
    ; r16 (v6) : List<Int>
    ; r17 (v18) : String
    ; r18 (@items) : List<Int>
    ; r19 (x) : Int
    ; r20 (v12) : String
    ; r21 (v16) : String
