---
source: acvus-mir-test/tests/script.rs
assertion_line: 55
expression: ir
---
=== main ===
     0 |   r0 = undef
     1 |   r1 = undef
     2 |   r2 = undef
     3 |   r3 = fetch @data
     4 |   r4 = fetch @out
     6 |   r5 = r3 + 1 (r6)
     7 |   commit @data = r3
     8 |   commit @out = r5
     9 |   return r5

    ; r0 (v13) : Int
    ; r1 (v14) : Int
    ; r2 (v15) : Int
    ; r3 (@data) : Int
    ; r4 (@out) : Int
    ; r5 (v9) : Int
    ; r6 (v8) : Int
    ; r7 (@out) : Int
    ; r8 (v11) : Int
    ; r9 (x) : Int
    ; r10 (@data) : Int
    ; r11 (v12) : Int
    ; r12 (x) : Int
    ; r13 (@out) : Int
    ; r14 (x) : Int
