---
source: acvus-mir-test/tests/script.rs
expression: ir
---
=== main ===
     0 │   r0 = undef
     1 │   r1 = undef
     2 │   r2 = ref @sum
     5 │   r3 = range 0 (r4)..10 (r5)
     6 │   r6 = cast RangeToList r3
     8 │   jump L0(0 (r7), r0, r1)
     9 │ L0(r8: Int, r9: Int, r10: Int):
    10 │   store r2 = r9
    11 │   list_step r11, r12 = r6[r8] else L1()
    12 │ L2:
    13 │   r13 = ref @sum
    14 │   r14 = r9 + r11
    15 │   jump L0(r12, r14, r11)
    16 │ L1:
    17 │   r15 = ref @sum
    18 │   return r9

    ; r0 (v19) : Int
    ; r1 (v20) : Int
    ; r2 (v23) : Ref<Int>
    ; r3 (v3) : Range
    ; r4 (v1) : Int
    ; r5 (v2) : Int
    ; r6 (v4) : List<Int>
    ; r7 (v5) : Int
    ; r8 (v6) : Int
    ; r9 (v21) : Int
    ; r10 (v22) : Int
    ; r11 (x) : Int
    ; r12 (v8) : Int
    ; r13 (@sum) : Ref<Int>
    ; r14 (v15) : Int
    ; r15 (@sum) : Ref<Int>
    ; r16 (x) : Int
    ; r17 (v10) : Ref<Int>
    ; r18 (v18) : Int
    ; r19 (v13) : Ref<Int>
    ; r20 (v12) : Int
    ; r21 (@sum) : Ref<Int>
